{
  "Entries": [
    {
      "RequestUri": "/subscriptions/0661b131-4a11-479b-96bf-2f95acca2f73/resourcegroups/ps9741?api-version=2016-09-01",
      "EncodedRequestUri": "L3N1YnNjcmlwdGlvbnMvMDY2MWIxMzEtNGExMS00NzliLTk2YmYtMmY5NWFjY2EyZjczL3Jlc291cmNlZ3JvdXBzL3BzOTc0MT9hcGktdmVyc2lvbj0yMDE2LTA5LTAx",
      "RequestMethod": "PUT",
      "RequestBody": "{\r\n  \"location\": \"eastus2\"\r\n}",
      "RequestHeaders": {
        "x-ms-client-request-id": [
          "21c49b10-f814-4ae3-9679-2adb7594b2a2"
        ],
        "Accept-Language": [
          "en-US"
        ],
        "User-Agent": [
          "FxVersion/4.6.27019.06",
          "OSName/Windows",
          "OSVersion/Microsoft.Windows.10.0.17134.",
          "Microsoft.Azure.Management.Internal.Resources.ResourceManagementClient/1.3.1"
        ],
        "Content-Type": [
          "application/json; charset=utf-8"
        ],
        "Content-Length": [
          "29"
        ]
      },
      "ResponseHeaders": {
        "Cache-Control": [
          "no-cache"
        ],
        "Pragma": [
          "no-cache"
        ],
        "x-ms-ratelimit-remaining-subscription-writes": [
          "1199"
        ],
        "x-ms-request-id": [
          "8d59cc1e-b6cc-40a8-bfbd-aca1a752609c"
        ],
        "x-ms-correlation-request-id": [
          "8d59cc1e-b6cc-40a8-bfbd-aca1a752609c"
        ],
        "x-ms-routing-request-id": [
          "WESTEUROPE:20190802T155358Z:8d59cc1e-b6cc-40a8-bfbd-aca1a752609c"
        ],
        "Strict-Transport-Security": [
          "max-age=31536000; includeSubDomains"
        ],
        "X-Content-Type-Options": [
          "nosniff"
        ],
        "Date": [
          "Fri, 02 Aug 2019 15:53:58 GMT"
        ],
        "Content-Length": [
          "166"
        ],
        "Content-Type": [
          "application/json; charset=utf-8"
        ],
        "Expires": [
          "-1"
        ]
      },
      "ResponseBody": "{\r\n  \"id\": \"/subscriptions/0661b131-4a11-479b-96bf-2f95acca2f73/resourceGroups/ps9741\",\r\n  \"name\": \"ps9741\",\r\n  \"location\": \"eastus2\",\r\n  \"properties\": {\r\n    \"provisioningState\": \"Succeeded\"\r\n  }\r\n}",
      "StatusCode": 201
    },
    {
      "RequestUri": "/subscriptions/0661b131-4a11-479b-96bf-2f95acca2f73/resourceGroups/ps9741/providers/Microsoft.NetApp/netAppAccounts/ps4137?api-version=2019-06-01",
      "EncodedRequestUri": "L3N1YnNjcmlwdGlvbnMvMDY2MWIxMzEtNGExMS00NzliLTk2YmYtMmY5NWFjY2EyZjczL3Jlc291cmNlR3JvdXBzL3BzOTc0MS9wcm92aWRlcnMvTWljcm9zb2Z0Lk5ldEFwcC9uZXRBcHBBY2NvdW50cy9wczQxMzc/YXBpLXZlcnNpb249MjAxOS0wNi0wMQ==",
      "RequestMethod": "PUT",
      "RequestBody": "{\r\n  \"location\": \"eastus2\"\r\n}",
      "RequestHeaders": {
        "x-ms-client-request-id": [
          "2712e691-5aeb-4f6e-b44c-7c9a4400cdc2"
        ],
        "Accept-Language": [
          "en-US"
        ],
        "User-Agent": [
          "FxVersion/4.6.27019.06",
          "OSName/Windows",
          "OSVersion/Microsoft.Windows.10.0.17134.",
          "Microsoft.Azure.Management.NetApp.AzureNetAppFilesManagementClient/1.0.0.0"
        ],
        "Content-Type": [
          "application/json; charset=utf-8"
        ],
        "Content-Length": [
          "29"
        ]
      },
      "ResponseHeaders": {
        "Cache-Control": [
          "no-cache"
        ],
        "Pragma": [
          "no-cache"
        ],
        "ETag": [
          "W/\"datetime'2019-08-02T15%3A54%3A01.3990084Z'\""
        ],
        "x-ms-request-id": [
          "2e477aa4-b3ac-410e-aba1-e519c9dbfd4c"
        ],
        "Azure-AsyncOperation": [
          "https://management.azure.com/subscriptions/0661b131-4a11-479b-96bf-2f95acca2f73/providers/Microsoft.NetApp/locations/eastus2/operationResults/6efc8065-c40d-4e95-b9db-4f37b2286043?api-version=2019-06-01"
        ],
        "Request-Context": [
          "appId=cid-v1:2c4cb680-0a1f-424d-bb8d-8e650ba68d53"
        ],
        "Access-Control-Expose-Headers": [
          "Request-Context"
        ],
        "Server": [
          "Microsoft-IIS/10.0"
        ],
        "X-Powered-By": [
          "ASP.NET"
        ],
        "x-ms-ratelimit-remaining-subscription-writes": [
          "1199"
        ],
        "x-ms-correlation-request-id": [
          "c7136bc0-26a0-4b9f-ba19-ceb97905bfa7"
        ],
        "x-ms-routing-request-id": [
          "WESTEUROPE:20190802T155402Z:c7136bc0-26a0-4b9f-ba19-ceb97905bfa7"
        ],
        "Strict-Transport-Security": [
          "max-age=31536000; includeSubDomains"
        ],
        "X-Content-Type-Options": [
          "nosniff"
        ],
        "Date": [
          "Fri, 02 Aug 2019 15:54:01 GMT"
        ],
        "Content-Length": [
          "330"
        ],
        "Content-Type": [
          "application/json; charset=utf-8"
        ],
        "Expires": [
          "-1"
        ]
      },
      "ResponseBody": "{\r\n  \"id\": \"/subscriptions/0661b131-4a11-479b-96bf-2f95acca2f73/resourceGroups/ps9741/providers/Microsoft.NetApp/netAppAccounts/ps4137\",\r\n  \"name\": \"ps4137\",\r\n  \"type\": \"Microsoft.NetApp/netAppAccounts\",\r\n  \"etag\": \"W/\\\"datetime'2019-08-02T15%3A54%3A01.3990084Z'\\\"\",\r\n  \"location\": \"eastus2\",\r\n  \"properties\": {\r\n    \"provisioningState\": \"Succeeded\",\r\n    \"name\": \"ps4137\"\r\n  }\r\n}",
      "StatusCode": 201
    },
    {
      "RequestUri": "/subscriptions/0661b131-4a11-479b-96bf-2f95acca2f73/resourceGroups/ps9741/providers/Microsoft.NetApp/netAppAccounts/ps4137?api-version=2019-06-01",
      "EncodedRequestUri": "L3N1YnNjcmlwdGlvbnMvMDY2MWIxMzEtNGExMS00NzliLTk2YmYtMmY5NWFjY2EyZjczL3Jlc291cmNlR3JvdXBzL3BzOTc0MS9wcm92aWRlcnMvTWljcm9zb2Z0Lk5ldEFwcC9uZXRBcHBBY2NvdW50cy9wczQxMzc/YXBpLXZlcnNpb249MjAxOS0wNi0wMQ==",
      "RequestMethod": "GET",
      "RequestBody": "",
      "RequestHeaders": {
        "User-Agent": [
          "FxVersion/4.6.27019.06",
          "OSName/Windows",
          "OSVersion/Microsoft.Windows.10.0.17134.",
          "Microsoft.Azure.Management.NetApp.AzureNetAppFilesManagementClient/1.0.0.0"
        ]
      },
      "ResponseHeaders": {
        "Cache-Control": [
          "no-cache"
        ],
        "Pragma": [
          "no-cache"
        ],
        "ETag": [
          "W/\"datetime'2019-08-02T15%3A54%3A01.5270987Z'\""
        ],
        "x-ms-request-id": [
          "c4530f0d-392d-41da-9f39-0a2bfa7abf45"
        ],
        "Request-Context": [
          "appId=cid-v1:2c4cb680-0a1f-424d-bb8d-8e650ba68d53"
        ],
        "Access-Control-Expose-Headers": [
          "Request-Context"
        ],
        "Server": [
          "Microsoft-IIS/10.0"
        ],
        "X-Powered-By": [
          "ASP.NET"
        ],
        "x-ms-ratelimit-remaining-subscription-reads": [
          "11999"
        ],
        "x-ms-correlation-request-id": [
          "7dca6f8b-d7bd-4adc-a307-86dde73b3f38"
        ],
        "x-ms-routing-request-id": [
          "WESTEUROPE:20190802T155402Z:7dca6f8b-d7bd-4adc-a307-86dde73b3f38"
        ],
        "Strict-Transport-Security": [
          "max-age=31536000; includeSubDomains"
        ],
        "X-Content-Type-Options": [
          "nosniff"
        ],
        "Date": [
          "Fri, 02 Aug 2019 15:54:01 GMT"
        ],
        "Content-Length": [
          "330"
        ],
        "Content-Type": [
          "application/json; charset=utf-8"
        ],
        "Expires": [
          "-1"
        ]
      },
      "ResponseBody": "{\r\n  \"id\": \"/subscriptions/0661b131-4a11-479b-96bf-2f95acca2f73/resourceGroups/ps9741/providers/Microsoft.NetApp/netAppAccounts/ps4137\",\r\n  \"name\": \"ps4137\",\r\n  \"type\": \"Microsoft.NetApp/netAppAccounts\",\r\n  \"etag\": \"W/\\\"datetime'2019-08-02T15%3A54%3A01.5270987Z'\\\"\",\r\n  \"location\": \"eastus2\",\r\n  \"properties\": {\r\n    \"provisioningState\": \"Succeeded\",\r\n    \"name\": \"ps4137\"\r\n  }\r\n}",
      "StatusCode": 200
    },
    {
      "RequestUri": "/subscriptions/0661b131-4a11-479b-96bf-2f95acca2f73/resourceGroups/ps9741/providers/Microsoft.NetApp/netAppAccounts/ps4137?api-version=2019-06-01",
      "EncodedRequestUri": "L3N1YnNjcmlwdGlvbnMvMDY2MWIxMzEtNGExMS00NzliLTk2YmYtMmY5NWFjY2EyZjczL3Jlc291cmNlR3JvdXBzL3BzOTc0MS9wcm92aWRlcnMvTWljcm9zb2Z0Lk5ldEFwcC9uZXRBcHBBY2NvdW50cy9wczQxMzc/YXBpLXZlcnNpb249MjAxOS0wNi0wMQ==",
      "RequestMethod": "DELETE",
      "RequestBody": "",
      "RequestHeaders": {
        "x-ms-client-request-id": [
          "dfb98cb1-1a01-4cc2-97c0-e30f90bc4d7d"
        ],
        "Accept-Language": [
          "en-US"
        ],
        "User-Agent": [
          "FxVersion/4.6.27019.06",
          "OSName/Windows",
          "OSVersion/Microsoft.Windows.10.0.17134.",
          "Microsoft.Azure.Management.NetApp.AzureNetAppFilesManagementClient/1.0.0.0"
        ]
      },
      "ResponseHeaders": {
        "Cache-Control": [
          "no-cache"
        ],
        "Pragma": [
          "no-cache"
        ],
        "Location": [
          "https://management.azure.com/subscriptions/0661b131-4a11-479b-96bf-2f95acca2f73/providers/Microsoft.NetApp/locations/eastus2/operationResults/745b3580-db7c-4f3c-82e0-40c168e16a46?api-version=2019-06-01&operationResultResponseType=Location"
        ],
        "Azure-AsyncOperation": [
          "https://management.azure.com/subscriptions/0661b131-4a11-479b-96bf-2f95acca2f73/providers/Microsoft.NetApp/locations/eastus2/operationResults/745b3580-db7c-4f3c-82e0-40c168e16a46?api-version=2019-06-01"
        ],
        "Request-Context": [
          "appId=cid-v1:2c4cb680-0a1f-424d-bb8d-8e650ba68d53"
        ],
        "Access-Control-Expose-Headers": [
          "Request-Context"
        ],
        "Server": [
          "Microsoft-IIS/10.0"
        ],
        "X-Powered-By": [
          "ASP.NET"
        ],
        "x-ms-ratelimit-remaining-subscription-deletes": [
          "14999"
        ],
        "x-ms-request-id": [
          "6c86f789-85b9-4d64-a366-f40da17491c7"
        ],
        "x-ms-correlation-request-id": [
          "6c86f789-85b9-4d64-a366-f40da17491c7"
        ],
        "x-ms-routing-request-id": [
          "WESTEUROPE:20190802T155402Z:6c86f789-85b9-4d64-a366-f40da17491c7"
        ],
        "Strict-Transport-Security": [
          "max-age=31536000; includeSubDomains"
        ],
        "X-Content-Type-Options": [
          "nosniff"
        ],
        "Date": [
          "Fri, 02 Aug 2019 15:54:02 GMT"
        ],
        "Expires": [
          "-1"
        ],
        "Content-Length": [
          "0"
        ]
      },
      "ResponseBody": "",
      "StatusCode": 202
    },
    {
      "RequestUri": "/subscriptions/0661b131-4a11-479b-96bf-2f95acca2f73/providers/Microsoft.NetApp/locations/eastus2/operationResults/745b3580-db7c-4f3c-82e0-40c168e16a46?api-version=2019-06-01",
      "EncodedRequestUri": "L3N1YnNjcmlwdGlvbnMvMDY2MWIxMzEtNGExMS00NzliLTk2YmYtMmY5NWFjY2EyZjczL3Byb3ZpZGVycy9NaWNyb3NvZnQuTmV0QXBwL2xvY2F0aW9ucy9lYXN0dXMyL29wZXJhdGlvblJlc3VsdHMvNzQ1YjM1ODAtZGI3Yy00ZjNjLTgyZTAtNDBjMTY4ZTE2YTQ2P2FwaS12ZXJzaW9uPTIwMTktMDYtMDE=",
      "RequestMethod": "GET",
      "RequestBody": "",
      "RequestHeaders": {
        "User-Agent": [
          "FxVersion/4.6.27019.06",
          "OSName/Windows",
          "OSVersion/Microsoft.Windows.10.0.17134.",
          "Microsoft.Azure.Management.NetApp.AzureNetAppFilesManagementClient/1.0.0.0"
        ]
      },
      "ResponseHeaders": {
        "Cache-Control": [
          "no-cache"
        ],
        "Pragma": [
          "no-cache"
        ],
        "x-ms-request-id": [
          "cebf6682-23d9-4377-934b-70f9065312b5"
        ],
        "Request-Context": [
          "appId=cid-v1:2c4cb680-0a1f-424d-bb8d-8e650ba68d53"
        ],
        "Access-Control-Expose-Headers": [
          "Request-Context"
        ],
        "Server": [
          "Microsoft-IIS/10.0"
        ],
        "X-Powered-By": [
          "ASP.NET"
        ],
        "x-ms-ratelimit-remaining-subscription-reads": [
          "11998"
        ],
        "x-ms-correlation-request-id": [
          "18aae203-4e2d-45dc-9630-f6234d2aa6d9"
        ],
        "x-ms-routing-request-id": [
          "WESTEUROPE:20190802T155433Z:18aae203-4e2d-45dc-9630-f6234d2aa6d9"
        ],
        "Strict-Transport-Security": [
          "max-age=31536000; includeSubDomains"
        ],
        "X-Content-Type-Options": [
          "nosniff"
        ],
        "Date": [
          "Fri, 02 Aug 2019 15:54:33 GMT"
        ],
        "Content-Length": [
          "489"
        ],
        "Content-Type": [
          "application/json; charset=utf-8"
        ],
        "Expires": [
          "-1"
        ]
      },
      "ResponseBody": "{\r\n  \"id\": \"/subscriptions/0661b131-4a11-479b-96bf-2f95acca2f73/providers/Microsoft.NetApp/locations/eastus2/operationResults/745b3580-db7c-4f3c-82e0-40c168e16a46\",\r\n  \"name\": \"745b3580-db7c-4f3c-82e0-40c168e16a46\",\r\n  \"status\": \"Succeeded\",\r\n  \"startTime\": \"2019-08-02T15:54:02.6782373Z\",\r\n  \"endTime\": \"2019-08-02T15:54:02.9126366Z\",\r\n  \"percentComplete\": 100.0,\r\n  \"properties\": {\r\n    \"resourceName\": \"/subscriptions/0661b131-4a11-479b-96bf-2f95acca2f73/resourceGroups/ps9741/providers/Microsoft.NetApp/netAppAccounts/ps4137\"\r\n  }\r\n}",
      "StatusCode": 200
    },
    {
      "RequestUri": "/subscriptions/0661b131-4a11-479b-96bf-2f95acca2f73/providers/Microsoft.NetApp/locations/eastus2/operationResults/745b3580-db7c-4f3c-82e0-40c168e16a46?api-version=2019-06-01&operationResultResponseType=Location",
      "EncodedRequestUri": "L3N1YnNjcmlwdGlvbnMvMDY2MWIxMzEtNGExMS00NzliLTk2YmYtMmY5NWFjY2EyZjczL3Byb3ZpZGVycy9NaWNyb3NvZnQuTmV0QXBwL2xvY2F0aW9ucy9lYXN0dXMyL29wZXJhdGlvblJlc3VsdHMvNzQ1YjM1ODAtZGI3Yy00ZjNjLTgyZTAtNDBjMTY4ZTE2YTQ2P2FwaS12ZXJzaW9uPTIwMTktMDYtMDEmb3BlcmF0aW9uUmVzdWx0UmVzcG9uc2VUeXBlPUxvY2F0aW9u",
      "RequestMethod": "GET",
      "RequestBody": "",
      "RequestHeaders": {
        "User-Agent": [
          "FxVersion/4.6.27019.06",
          "OSName/Windows",
          "OSVersion/Microsoft.Windows.10.0.17134.",
          "Microsoft.Azure.Management.NetApp.AzureNetAppFilesManagementClient/1.0.0.0"
        ]
      },
      "ResponseHeaders": {
        "Cache-Control": [
          "no-cache"
        ],
        "Pragma": [
          "no-cache"
        ],
        "x-ms-request-id": [
          "073272d1-7dbc-46c3-aa4c-e00e6f6b4c92"
        ],
        "Request-Context": [
          "appId=cid-v1:2c4cb680-0a1f-424d-bb8d-8e650ba68d53"
        ],
        "Access-Control-Expose-Headers": [
          "Request-Context"
        ],
        "Server": [
          "Microsoft-IIS/10.0"
        ],
        "X-Powered-By": [
          "ASP.NET"
        ],
        "x-ms-ratelimit-remaining-subscription-reads": [
          "11997"
        ],
        "x-ms-correlation-request-id": [
          "17713553-3d0f-4fbb-8683-ef3894cb1ec1"
        ],
        "x-ms-routing-request-id": [
          "WESTEUROPE:20190802T155433Z:17713553-3d0f-4fbb-8683-ef3894cb1ec1"
        ],
        "Strict-Transport-Security": [
          "max-age=31536000; includeSubDomains"
        ],
        "X-Content-Type-Options": [
          "nosniff"
        ],
        "Date": [
          "Fri, 02 Aug 2019 15:54:33 GMT"
        ],
        "Content-Length": [
          "329"
        ],
        "Content-Type": [
          "application/json; charset=utf-8"
        ],
        "Expires": [
          "-1"
        ]
      },
      "ResponseBody": "{\r\n  \"id\": \"/subscriptions/0661b131-4a11-479b-96bf-2f95acca2f73/resourceGroups/ps9741/providers/Microsoft.NetApp/netAppAccounts/ps4137\",\r\n  \"name\": \"ps4137\",\r\n  \"type\": \"Microsoft.NetApp/netAppAccounts\",\r\n  \"etag\": \"W/\\\"datetime'2019-08-02T15%3A54%3A02.8740485Z'\\\"\",\r\n  \"location\": \"eastus2\",\r\n  \"properties\": {\r\n    \"provisioningState\": \"Deleting\",\r\n    \"name\": \"ps4137\"\r\n  }\r\n}",
      "StatusCode": 200
    },
    {
      "RequestUri": "/subscriptions/0661b131-4a11-479b-96bf-2f95acca2f73/resourceGroups/ps9741/providers/Microsoft.NetApp/netAppAccounts/ps6170?api-version=2019-06-01",
      "EncodedRequestUri": "L3N1YnNjcmlwdGlvbnMvMDY2MWIxMzEtNGExMS00NzliLTk2YmYtMmY5NWFjY2EyZjczL3Jlc291cmNlR3JvdXBzL3BzOTc0MS9wcm92aWRlcnMvTWljcm9zb2Z0Lk5ldEFwcC9uZXRBcHBBY2NvdW50cy9wczYxNzA/YXBpLXZlcnNpb249MjAxOS0wNi0wMQ==",
      "RequestMethod": "PUT",
      "RequestBody": "{\r\n  \"location\": \"eastus2\"\r\n}",
      "RequestHeaders": {
        "x-ms-client-request-id": [
          "0282896a-3ce7-443c-9095-8f7167e78e6f"
        ],
        "Accept-Language": [
          "en-US"
        ],
        "User-Agent": [
          "FxVersion/4.6.27019.06",
          "OSName/Windows",
          "OSVersion/Microsoft.Windows.10.0.17134.",
          "Microsoft.Azure.Management.NetApp.AzureNetAppFilesManagementClient/1.0.0.0"
        ],
        "Content-Type": [
          "application/json; charset=utf-8"
        ],
        "Content-Length": [
          "29"
        ]
      },
      "ResponseHeaders": {
        "Cache-Control": [
          "no-cache"
        ],
        "Pragma": [
          "no-cache"
        ],
        "ETag": [
          "W/\"datetime'2019-08-02T15%3A54%3A34.533372Z'\""
        ],
        "x-ms-request-id": [
          "4ffd7abb-4543-419e-b151-cd9c08b501cb"
        ],
        "Azure-AsyncOperation": [
          "https://management.azure.com/subscriptions/0661b131-4a11-479b-96bf-2f95acca2f73/providers/Microsoft.NetApp/locations/eastus2/operationResults/fbc66f36-a499-470b-aeb7-2e833b267a6f?api-version=2019-06-01"
        ],
        "Request-Context": [
          "appId=cid-v1:2c4cb680-0a1f-424d-bb8d-8e650ba68d53"
        ],
        "Access-Control-Expose-Headers": [
          "Request-Context"
        ],
        "Server": [
          "Microsoft-IIS/10.0"
        ],
        "X-Powered-By": [
          "ASP.NET"
        ],
        "x-ms-ratelimit-remaining-subscription-writes": [
          "1198"
        ],
        "x-ms-correlation-request-id": [
          "4e32148e-0cf4-4ac9-afc5-1711232bb0cb"
        ],
        "x-ms-routing-request-id": [
          "WESTEUROPE:20190802T155434Z:4e32148e-0cf4-4ac9-afc5-1711232bb0cb"
        ],
        "Strict-Transport-Security": [
          "max-age=31536000; includeSubDomains"
        ],
        "X-Content-Type-Options": [
          "nosniff"
        ],
        "Date": [
          "Fri, 02 Aug 2019 15:54:34 GMT"
        ],
        "Content-Length": [
          "329"
        ],
        "Content-Type": [
          "application/json; charset=utf-8"
        ],
        "Expires": [
          "-1"
        ]
      },
      "ResponseBody": "{\r\n  \"id\": \"/subscriptions/0661b131-4a11-479b-96bf-2f95acca2f73/resourceGroups/ps9741/providers/Microsoft.NetApp/netAppAccounts/ps6170\",\r\n  \"name\": \"ps6170\",\r\n  \"type\": \"Microsoft.NetApp/netAppAccounts\",\r\n  \"etag\": \"W/\\\"datetime'2019-08-02T15%3A54%3A34.533372Z'\\\"\",\r\n  \"location\": \"eastus2\",\r\n  \"properties\": {\r\n    \"provisioningState\": \"Succeeded\",\r\n    \"name\": \"ps6170\"\r\n  }\r\n}",
      "StatusCode": 201
    },
    {
      "RequestUri": "/subscriptions/0661b131-4a11-479b-96bf-2f95acca2f73/resourceGroups/ps9741/providers/Microsoft.NetApp/netAppAccounts/ps6170?api-version=2019-06-01",
      "EncodedRequestUri": "L3N1YnNjcmlwdGlvbnMvMDY2MWIxMzEtNGExMS00NzliLTk2YmYtMmY5NWFjY2EyZjczL3Jlc291cmNlR3JvdXBzL3BzOTc0MS9wcm92aWRlcnMvTWljcm9zb2Z0Lk5ldEFwcC9uZXRBcHBBY2NvdW50cy9wczYxNzA/YXBpLXZlcnNpb249MjAxOS0wNi0wMQ==",
      "RequestMethod": "GET",
      "RequestBody": "",
      "RequestHeaders": {
        "User-Agent": [
          "FxVersion/4.6.27019.06",
          "OSName/Windows",
          "OSVersion/Microsoft.Windows.10.0.17134.",
          "Microsoft.Azure.Management.NetApp.AzureNetAppFilesManagementClient/1.0.0.0"
        ]
      },
      "ResponseHeaders": {
        "Cache-Control": [
          "no-cache"
        ],
        "Pragma": [
          "no-cache"
        ],
        "ETag": [
          "W/\"datetime'2019-08-02T15%3A54%3A34.7235065Z'\""
        ],
        "x-ms-request-id": [
          "664fd8c0-af76-43c3-a84e-6fba20b0e4b8"
        ],
        "Request-Context": [
          "appId=cid-v1:2c4cb680-0a1f-424d-bb8d-8e650ba68d53"
        ],
        "Access-Control-Expose-Headers": [
          "Request-Context"
        ],
        "Server": [
          "Microsoft-IIS/10.0"
        ],
        "X-Powered-By": [
          "ASP.NET"
        ],
        "x-ms-ratelimit-remaining-subscription-reads": [
          "11996"
        ],
        "x-ms-correlation-request-id": [
          "73eea343-6fc6-4682-9336-b5282d18aab5"
        ],
        "x-ms-routing-request-id": [
          "WESTEUROPE:20190802T155435Z:73eea343-6fc6-4682-9336-b5282d18aab5"
        ],
        "Strict-Transport-Security": [
          "max-age=31536000; includeSubDomains"
        ],
        "X-Content-Type-Options": [
          "nosniff"
        ],
        "Date": [
          "Fri, 02 Aug 2019 15:54:35 GMT"
        ],
        "Content-Length": [
          "330"
        ],
        "Content-Type": [
          "application/json; charset=utf-8"
        ],
        "Expires": [
          "-1"
        ]
      },
      "ResponseBody": "{\r\n  \"id\": \"/subscriptions/0661b131-4a11-479b-96bf-2f95acca2f73/resourceGroups/ps9741/providers/Microsoft.NetApp/netAppAccounts/ps6170\",\r\n  \"name\": \"ps6170\",\r\n  \"type\": \"Microsoft.NetApp/netAppAccounts\",\r\n  \"etag\": \"W/\\\"datetime'2019-08-02T15%3A54%3A34.7235065Z'\\\"\",\r\n  \"location\": \"eastus2\",\r\n  \"properties\": {\r\n    \"provisioningState\": \"Succeeded\",\r\n    \"name\": \"ps6170\"\r\n  }\r\n}",
      "StatusCode": 200
    },
    {
      "RequestUri": "/subscriptions/0661b131-4a11-479b-96bf-2f95acca2f73/resourceGroups/ps9741/providers/Microsoft.NetApp/netAppAccounts/ps6170?api-version=2019-06-01",
      "EncodedRequestUri": "L3N1YnNjcmlwdGlvbnMvMDY2MWIxMzEtNGExMS00NzliLTk2YmYtMmY5NWFjY2EyZjczL3Jlc291cmNlR3JvdXBzL3BzOTc0MS9wcm92aWRlcnMvTWljcm9zb2Z0Lk5ldEFwcC9uZXRBcHBBY2NvdW50cy9wczYxNzA/YXBpLXZlcnNpb249MjAxOS0wNi0wMQ==",
      "RequestMethod": "GET",
      "RequestBody": "",
      "RequestHeaders": {
        "x-ms-client-request-id": [
          "dc9f4a91-fc34-4591-b59a-663622539403"
        ],
        "Accept-Language": [
          "en-US"
        ],
        "User-Agent": [
          "FxVersion/4.6.27019.06",
          "OSName/Windows",
          "OSVersion/Microsoft.Windows.10.0.17134.",
          "Microsoft.Azure.Management.NetApp.AzureNetAppFilesManagementClient/1.0.0.0"
        ]
      },
      "ResponseHeaders": {
        "Cache-Control": [
          "no-cache"
        ],
        "Pragma": [
          "no-cache"
        ],
        "ETag": [
          "W/\"datetime'2019-08-02T15%3A54%3A34.7235065Z'\""
        ],
        "x-ms-request-id": [
          "bf6e490e-6814-43c7-864e-db901975d950"
        ],
        "Request-Context": [
          "appId=cid-v1:2c4cb680-0a1f-424d-bb8d-8e650ba68d53"
        ],
        "Access-Control-Expose-Headers": [
          "Request-Context"
        ],
        "Server": [
          "Microsoft-IIS/10.0"
        ],
        "X-Powered-By": [
          "ASP.NET"
        ],
        "x-ms-ratelimit-remaining-subscription-reads": [
          "11995"
        ],
        "x-ms-correlation-request-id": [
          "2adbce46-fca4-46f3-831b-5ca254e7cdcb"
        ],
        "x-ms-routing-request-id": [
          "WESTEUROPE:20190802T155435Z:2adbce46-fca4-46f3-831b-5ca254e7cdcb"
        ],
        "Strict-Transport-Security": [
          "max-age=31536000; includeSubDomains"
        ],
        "X-Content-Type-Options": [
          "nosniff"
        ],
        "Date": [
          "Fri, 02 Aug 2019 15:54:35 GMT"
        ],
        "Content-Length": [
          "330"
        ],
        "Content-Type": [
          "application/json; charset=utf-8"
        ],
        "Expires": [
          "-1"
        ]
      },
      "ResponseBody": "{\r\n  \"id\": \"/subscriptions/0661b131-4a11-479b-96bf-2f95acca2f73/resourceGroups/ps9741/providers/Microsoft.NetApp/netAppAccounts/ps6170\",\r\n  \"name\": \"ps6170\",\r\n  \"type\": \"Microsoft.NetApp/netAppAccounts\",\r\n  \"etag\": \"W/\\\"datetime'2019-08-02T15%3A54%3A34.7235065Z'\\\"\",\r\n  \"location\": \"eastus2\",\r\n  \"properties\": {\r\n    \"provisioningState\": \"Succeeded\",\r\n    \"name\": \"ps6170\"\r\n  }\r\n}",
      "StatusCode": 200
    },
    {
      "RequestUri": "/subscriptions/0661b131-4a11-479b-96bf-2f95acca2f73/resourceGroups/ps9741/providers/Microsoft.NetApp/netAppAccounts/ps6170?api-version=2019-06-01",
      "EncodedRequestUri": "L3N1YnNjcmlwdGlvbnMvMDY2MWIxMzEtNGExMS00NzliLTk2YmYtMmY5NWFjY2EyZjczL3Jlc291cmNlR3JvdXBzL3BzOTc0MS9wcm92aWRlcnMvTWljcm9zb2Z0Lk5ldEFwcC9uZXRBcHBBY2NvdW50cy9wczYxNzA/YXBpLXZlcnNpb249MjAxOS0wNi0wMQ==",
      "RequestMethod": "DELETE",
      "RequestBody": "",
      "RequestHeaders": {
        "x-ms-client-request-id": [
          "68a689a3-d774-40a2-bcac-79278fe3ce5e"
        ],
        "Accept-Language": [
          "en-US"
        ],
        "User-Agent": [
          "FxVersion/4.6.27019.06",
          "OSName/Windows",
          "OSVersion/Microsoft.Windows.10.0.17134.",
          "Microsoft.Azure.Management.NetApp.AzureNetAppFilesManagementClient/1.0.0.0"
        ]
      },
      "ResponseHeaders": {
        "Cache-Control": [
          "no-cache"
        ],
        "Pragma": [
          "no-cache"
        ],
        "Location": [
          "https://management.azure.com/subscriptions/0661b131-4a11-479b-96bf-2f95acca2f73/providers/Microsoft.NetApp/locations/eastus2/operationResults/646100de-d3c6-463b-b46c-265628f0a0f2?api-version=2019-06-01&operationResultResponseType=Location"
        ],
        "Azure-AsyncOperation": [
          "https://management.azure.com/subscriptions/0661b131-4a11-479b-96bf-2f95acca2f73/providers/Microsoft.NetApp/locations/eastus2/operationResults/646100de-d3c6-463b-b46c-265628f0a0f2?api-version=2019-06-01"
        ],
        "Request-Context": [
          "appId=cid-v1:2c4cb680-0a1f-424d-bb8d-8e650ba68d53"
        ],
        "Access-Control-Expose-Headers": [
          "Request-Context"
        ],
        "Server": [
          "Microsoft-IIS/10.0"
        ],
        "X-Powered-By": [
          "ASP.NET"
        ],
        "x-ms-ratelimit-remaining-subscription-deletes": [
          "14998"
        ],
        "x-ms-request-id": [
          "a8c45ffd-36a0-4706-a76d-68016352ff6c"
        ],
        "x-ms-correlation-request-id": [
          "a8c45ffd-36a0-4706-a76d-68016352ff6c"
        ],
        "x-ms-routing-request-id": [
          "WESTEUROPE:20190802T155435Z:a8c45ffd-36a0-4706-a76d-68016352ff6c"
        ],
        "Strict-Transport-Security": [
          "max-age=31536000; includeSubDomains"
        ],
        "X-Content-Type-Options": [
          "nosniff"
        ],
        "Date": [
          "Fri, 02 Aug 2019 15:54:35 GMT"
        ],
        "Expires": [
          "-1"
        ],
        "Content-Length": [
          "0"
        ]
      },
      "ResponseBody": "",
      "StatusCode": 202
    },
    {
      "RequestUri": "/subscriptions/0661b131-4a11-479b-96bf-2f95acca2f73/providers/Microsoft.NetApp/locations/eastus2/operationResults/646100de-d3c6-463b-b46c-265628f0a0f2?api-version=2019-06-01",
      "EncodedRequestUri": "L3N1YnNjcmlwdGlvbnMvMDY2MWIxMzEtNGExMS00NzliLTk2YmYtMmY5NWFjY2EyZjczL3Byb3ZpZGVycy9NaWNyb3NvZnQuTmV0QXBwL2xvY2F0aW9ucy9lYXN0dXMyL29wZXJhdGlvblJlc3VsdHMvNjQ2MTAwZGUtZDNjNi00NjNiLWI0NmMtMjY1NjI4ZjBhMGYyP2FwaS12ZXJzaW9uPTIwMTktMDYtMDE=",
      "RequestMethod": "GET",
      "RequestBody": "",
      "RequestHeaders": {
        "User-Agent": [
          "FxVersion/4.6.27019.06",
          "OSName/Windows",
          "OSVersion/Microsoft.Windows.10.0.17134.",
          "Microsoft.Azure.Management.NetApp.AzureNetAppFilesManagementClient/1.0.0.0"
        ]
      },
      "ResponseHeaders": {
        "Cache-Control": [
          "no-cache"
        ],
        "Pragma": [
          "no-cache"
        ],
        "x-ms-request-id": [
          "878dd12c-d5d2-4c23-8ffa-c1b1354b259e"
        ],
        "Request-Context": [
          "appId=cid-v1:2c4cb680-0a1f-424d-bb8d-8e650ba68d53"
        ],
        "Access-Control-Expose-Headers": [
          "Request-Context"
        ],
        "x-ms-ratelimit-remaining-subscription-reads": [
          "11994"
        ],
        "Server": [
          "Microsoft-IIS/10.0"
        ],
        "X-Powered-By": [
          "ASP.NET"
        ],
        "x-ms-correlation-request-id": [
          "b89479bb-770b-4f8e-87dd-42eb3d95f702"
        ],
        "x-ms-routing-request-id": [
          "WESTEUROPE:20190802T155506Z:b89479bb-770b-4f8e-87dd-42eb3d95f702"
        ],
        "Strict-Transport-Security": [
          "max-age=31536000; includeSubDomains"
        ],
        "X-Content-Type-Options": [
          "nosniff"
        ],
        "Date": [
          "Fri, 02 Aug 2019 15:55:05 GMT"
        ],
        "Content-Length": [
          "488"
        ],
        "Content-Type": [
          "application/json; charset=utf-8"
        ],
        "Expires": [
          "-1"
        ]
      },
      "ResponseBody": "{\r\n  \"id\": \"/subscriptions/0661b131-4a11-479b-96bf-2f95acca2f73/providers/Microsoft.NetApp/locations/eastus2/operationResults/646100de-d3c6-463b-b46c-265628f0a0f2\",\r\n  \"name\": \"646100de-d3c6-463b-b46c-265628f0a0f2\",\r\n  \"status\": \"Succeeded\",\r\n  \"startTime\": \"2019-08-02T15:54:35.752613Z\",\r\n  \"endTime\": \"2019-08-02T15:54:35.9557586Z\",\r\n  \"percentComplete\": 100.0,\r\n  \"properties\": {\r\n    \"resourceName\": \"/subscriptions/0661b131-4a11-479b-96bf-2f95acca2f73/resourceGroups/ps9741/providers/Microsoft.NetApp/netAppAccounts/ps6170\"\r\n  }\r\n}",
      "StatusCode": 200
    },
    {
      "RequestUri": "/subscriptions/0661b131-4a11-479b-96bf-2f95acca2f73/providers/Microsoft.NetApp/locations/eastus2/operationResults/646100de-d3c6-463b-b46c-265628f0a0f2?api-version=2019-06-01&operationResultResponseType=Location",
      "EncodedRequestUri": "L3N1YnNjcmlwdGlvbnMvMDY2MWIxMzEtNGExMS00NzliLTk2YmYtMmY5NWFjY2EyZjczL3Byb3ZpZGVycy9NaWNyb3NvZnQuTmV0QXBwL2xvY2F0aW9ucy9lYXN0dXMyL29wZXJhdGlvblJlc3VsdHMvNjQ2MTAwZGUtZDNjNi00NjNiLWI0NmMtMjY1NjI4ZjBhMGYyP2FwaS12ZXJzaW9uPTIwMTktMDYtMDEmb3BlcmF0aW9uUmVzdWx0UmVzcG9uc2VUeXBlPUxvY2F0aW9u",
      "RequestMethod": "GET",
      "RequestBody": "",
      "RequestHeaders": {
        "User-Agent": [
          "FxVersion/4.6.27019.06",
          "OSName/Windows",
          "OSVersion/Microsoft.Windows.10.0.17134.",
          "Microsoft.Azure.Management.NetApp.AzureNetAppFilesManagementClient/1.0.0.0"
        ]
      },
      "ResponseHeaders": {
        "Cache-Control": [
          "no-cache"
        ],
        "Pragma": [
          "no-cache"
        ],
        "x-ms-request-id": [
          "32548517-0167-41de-9691-5c1561cab525"
        ],
        "Request-Context": [
          "appId=cid-v1:2c4cb680-0a1f-424d-bb8d-8e650ba68d53"
        ],
        "Access-Control-Expose-Headers": [
          "Request-Context"
        ],
        "Server": [
          "Microsoft-IIS/10.0"
        ],
        "X-Powered-By": [
          "ASP.NET"
        ],
        "x-ms-ratelimit-remaining-subscription-reads": [
          "11993"
        ],
        "x-ms-correlation-request-id": [
          "9476fe67-5f42-4f44-aa98-fcf0de61a79e"
        ],
        "x-ms-routing-request-id": [
          "WESTEUROPE:20190802T155506Z:9476fe67-5f42-4f44-aa98-fcf0de61a79e"
        ],
        "Strict-Transport-Security": [
          "max-age=31536000; includeSubDomains"
        ],
        "X-Content-Type-Options": [
          "nosniff"
        ],
        "Date": [
          "Fri, 02 Aug 2019 15:55:06 GMT"
        ],
        "Content-Length": [
          "329"
        ],
        "Content-Type": [
          "application/json; charset=utf-8"
        ],
        "Expires": [
          "-1"
        ]
      },
      "ResponseBody": "{\r\n  \"id\": \"/subscriptions/0661b131-4a11-479b-96bf-2f95acca2f73/resourceGroups/ps9741/providers/Microsoft.NetApp/netAppAccounts/ps6170\",\r\n  \"name\": \"ps6170\",\r\n  \"type\": \"Microsoft.NetApp/netAppAccounts\",\r\n  \"etag\": \"W/\\\"datetime'2019-08-02T15%3A54%3A35.9153482Z'\\\"\",\r\n  \"location\": \"eastus2\",\r\n  \"properties\": {\r\n    \"provisioningState\": \"Deleting\",\r\n    \"name\": \"ps6170\"\r\n  }\r\n}",
      "StatusCode": 200
    },
    {
      "RequestUri": "/subscriptions/0661b131-4a11-479b-96bf-2f95acca2f73/resourcegroups/ps9741?api-version=2016-09-01",
      "EncodedRequestUri": "L3N1YnNjcmlwdGlvbnMvMDY2MWIxMzEtNGExMS00NzliLTk2YmYtMmY5NWFjY2EyZjczL3Jlc291cmNlZ3JvdXBzL3BzOTc0MT9hcGktdmVyc2lvbj0yMDE2LTA5LTAx",
      "RequestMethod": "DELETE",
      "RequestBody": "",
      "RequestHeaders": {
        "x-ms-client-request-id": [
          "b69f1ad8-769b-4c28-b170-ccc1deb73099"
        ],
        "Accept-Language": [
          "en-US"
        ],
        "User-Agent": [
          "FxVersion/4.6.27019.06",
          "OSName/Windows",
          "OSVersion/Microsoft.Windows.10.0.17134.",
          "Microsoft.Azure.Management.Internal.Resources.ResourceManagementClient/1.3.1"
        ]
      },
      "ResponseHeaders": {
        "Cache-Control": [
          "no-cache"
        ],
        "Pragma": [
          "no-cache"
        ],
        "Location": [
          "https://management.azure.com/subscriptions/0661b131-4a11-479b-96bf-2f95acca2f73/operationresults/eyJqb2JJZCI6IlJFU09VUkNFR1JPVVBERUxFVElPTkpPQi1QUzk3NDEtRUFTVFVTMiIsImpvYkxvY2F0aW9uIjoiZWFzdHVzMiJ9?api-version=2016-09-01"
        ],
        "Retry-After": [
          "15"
        ],
        "x-ms-ratelimit-remaining-subscription-deletes": [
          "14999"
        ],
        "x-ms-request-id": [
          "8a6c0215-4e16-4f48-b7c8-f4384a86f7ee"
        ],
        "x-ms-correlation-request-id": [
          "8a6c0215-4e16-4f48-b7c8-f4384a86f7ee"
        ],
        "x-ms-routing-request-id": [
          "WESTEUROPE:20190802T155509Z:8a6c0215-4e16-4f48-b7c8-f4384a86f7ee"
        ],
        "Strict-Transport-Security": [
          "max-age=31536000; includeSubDomains"
        ],
        "X-Content-Type-Options": [
          "nosniff"
        ],
        "Date": [
          "Fri, 02 Aug 2019 15:55:08 GMT"
        ],
        "Expires": [
          "-1"
        ],
        "Content-Length": [
          "0"
        ]
      },
      "ResponseBody": "",
      "StatusCode": 202
    },
    {
      "RequestUri": "/subscriptions/0661b131-4a11-479b-96bf-2f95acca2f73/operationresults/eyJqb2JJZCI6IlJFU09VUkNFR1JPVVBERUxFVElPTkpPQi1QUzk3NDEtRUFTVFVTMiIsImpvYkxvY2F0aW9uIjoiZWFzdHVzMiJ9?api-version=2016-09-01",
      "EncodedRequestUri": "L3N1YnNjcmlwdGlvbnMvMDY2MWIxMzEtNGExMS00NzliLTk2YmYtMmY5NWFjY2EyZjczL29wZXJhdGlvbnJlc3VsdHMvZXlKcWIySkpaQ0k2SWxKRlUwOVZVa05GUjFKUFZWQkVSVXhGVkVsUFRrcFBRaTFRVXprM05ERXRSVUZUVkZWVE1pSXNJbXB2WWt4dlkyRjBhVzl1SWpvaVpXRnpkSFZ6TWlKOT9hcGktdmVyc2lvbj0yMDE2LTA5LTAx",
      "RequestMethod": "GET",
      "RequestBody": "",
      "RequestHeaders": {
        "User-Agent": [
          "FxVersion/4.6.27019.06",
          "OSName/Windows",
          "OSVersion/Microsoft.Windows.10.0.17134.",
          "Microsoft.Azure.Management.Internal.Resources.ResourceManagementClient/1.3.1"
        ]
      },
      "ResponseHeaders": {
        "Cache-Control": [
          "no-cache"
        ],
        "Pragma": [
          "no-cache"
        ],
        "Location": [
          "https://management.azure.com/subscriptions/0661b131-4a11-479b-96bf-2f95acca2f73/operationresults/eyJqb2JJZCI6IlJFU09VUkNFR1JPVVBERUxFVElPTkpPQi1QUzk3NDEtRUFTVFVTMiIsImpvYkxvY2F0aW9uIjoiZWFzdHVzMiJ9?api-version=2016-09-01"
        ],
        "Retry-After": [
          "15"
        ],
        "x-ms-ratelimit-remaining-subscription-reads": [
          "11999"
        ],
        "x-ms-request-id": [
          "8c0e989f-b2c5-43ac-9361-907a102bf6c4"
        ],
        "x-ms-correlation-request-id": [
          "8c0e989f-b2c5-43ac-9361-907a102bf6c4"
        ],
        "x-ms-routing-request-id": [
          "WESTEUROPE:20190802T155524Z:8c0e989f-b2c5-43ac-9361-907a102bf6c4"
        ],
        "Strict-Transport-Security": [
          "max-age=31536000; includeSubDomains"
        ],
        "X-Content-Type-Options": [
          "nosniff"
        ],
        "Date": [
          "Fri, 02 Aug 2019 15:55:23 GMT"
        ],
        "Expires": [
          "-1"
        ],
        "Content-Length": [
          "0"
        ]
      },
      "ResponseBody": "",
      "StatusCode": 202
    },
    {
      "RequestUri": "/subscriptions/0661b131-4a11-479b-96bf-2f95acca2f73/operationresults/eyJqb2JJZCI6IlJFU09VUkNFR1JPVVBERUxFVElPTkpPQi1QUzk3NDEtRUFTVFVTMiIsImpvYkxvY2F0aW9uIjoiZWFzdHVzMiJ9?api-version=2016-09-01",
      "EncodedRequestUri": "L3N1YnNjcmlwdGlvbnMvMDY2MWIxMzEtNGExMS00NzliLTk2YmYtMmY5NWFjY2EyZjczL29wZXJhdGlvbnJlc3VsdHMvZXlKcWIySkpaQ0k2SWxKRlUwOVZVa05GUjFKUFZWQkVSVXhGVkVsUFRrcFBRaTFRVXprM05ERXRSVUZUVkZWVE1pSXNJbXB2WWt4dlkyRjBhVzl1SWpvaVpXRnpkSFZ6TWlKOT9hcGktdmVyc2lvbj0yMDE2LTA5LTAx",
      "RequestMethod": "GET",
      "RequestBody": "",
      "RequestHeaders": {
        "User-Agent": [
          "FxVersion/4.6.27019.06",
          "OSName/Windows",
          "OSVersion/Microsoft.Windows.10.0.17134.",
          "Microsoft.Azure.Management.Internal.Resources.ResourceManagementClient/1.3.1"
        ]
      },
      "ResponseHeaders": {
        "Cache-Control": [
          "no-cache"
        ],
        "Pragma": [
          "no-cache"
        ],
        "Location": [
          "https://management.azure.com/subscriptions/0661b131-4a11-479b-96bf-2f95acca2f73/operationresults/eyJqb2JJZCI6IlJFU09VUkNFR1JPVVBERUxFVElPTkpPQi1QUzk3NDEtRUFTVFVTMiIsImpvYkxvY2F0aW9uIjoiZWFzdHVzMiJ9?api-version=2016-09-01"
        ],
        "Retry-After": [
          "15"
        ],
        "x-ms-ratelimit-remaining-subscription-reads": [
          "11998"
        ],
        "x-ms-request-id": [
          "8de9b9de-f44c-4d6a-8ce3-006d42353e2f"
        ],
        "x-ms-correlation-request-id": [
          "8de9b9de-f44c-4d6a-8ce3-006d42353e2f"
        ],
        "x-ms-routing-request-id": [
          "WESTEUROPE:20190802T155539Z:8de9b9de-f44c-4d6a-8ce3-006d42353e2f"
        ],
        "Strict-Transport-Security": [
          "max-age=31536000; includeSubDomains"
        ],
        "X-Content-Type-Options": [
          "nosniff"
        ],
        "Date": [
          "Fri, 02 Aug 2019 15:55:38 GMT"
        ],
        "Expires": [
          "-1"
        ],
        "Content-Length": [
          "0"
        ]
      },
      "ResponseBody": "",
      "StatusCode": 202
    },
    {
      "RequestUri": "/subscriptions/0661b131-4a11-479b-96bf-2f95acca2f73/operationresults/eyJqb2JJZCI6IlJFU09VUkNFR1JPVVBERUxFVElPTkpPQi1QUzk3NDEtRUFTVFVTMiIsImpvYkxvY2F0aW9uIjoiZWFzdHVzMiJ9?api-version=2016-09-01",
      "EncodedRequestUri": "L3N1YnNjcmlwdGlvbnMvMDY2MWIxMzEtNGExMS00NzliLTk2YmYtMmY5NWFjY2EyZjczL29wZXJhdGlvbnJlc3VsdHMvZXlKcWIySkpaQ0k2SWxKRlUwOVZVa05GUjFKUFZWQkVSVXhGVkVsUFRrcFBRaTFRVXprM05ERXRSVUZUVkZWVE1pSXNJbXB2WWt4dlkyRjBhVzl1SWpvaVpXRnpkSFZ6TWlKOT9hcGktdmVyc2lvbj0yMDE2LTA5LTAx",
      "RequestMethod": "GET",
      "RequestBody": "",
      "RequestHeaders": {
        "User-Agent": [
          "FxVersion/4.6.27019.06",
          "OSName/Windows",
          "OSVersion/Microsoft.Windows.10.0.17134.",
          "Microsoft.Azure.Management.Internal.Resources.ResourceManagementClient/1.3.1"
        ]
      },
      "ResponseHeaders": {
        "Cache-Control": [
          "no-cache"
        ],
        "Pragma": [
          "no-cache"
        ],
        "Location": [
          "https://management.azure.com/subscriptions/0661b131-4a11-479b-96bf-2f95acca2f73/operationresults/eyJqb2JJZCI6IlJFU09VUkNFR1JPVVBERUxFVElPTkpPQi1QUzk3NDEtRUFTVFVTMiIsImpvYkxvY2F0aW9uIjoiZWFzdHVzMiJ9?api-version=2016-09-01"
        ],
        "Retry-After": [
          "15"
        ],
        "x-ms-ratelimit-remaining-subscription-reads": [
          "11997"
        ],
        "x-ms-request-id": [
          "9ebfd1c5-53e1-4bde-9efd-913555ff3de0"
        ],
        "x-ms-correlation-request-id": [
          "9ebfd1c5-53e1-4bde-9efd-913555ff3de0"
        ],
        "x-ms-routing-request-id": [
          "WESTEUROPE:20190802T155554Z:9ebfd1c5-53e1-4bde-9efd-913555ff3de0"
        ],
        "Strict-Transport-Security": [
          "max-age=31536000; includeSubDomains"
        ],
        "X-Content-Type-Options": [
          "nosniff"
        ],
        "Date": [
          "Fri, 02 Aug 2019 15:55:54 GMT"
        ],
        "Expires": [
          "-1"
        ],
        "Content-Length": [
          "0"
        ]
      },
      "ResponseBody": "",
      "StatusCode": 202
    },
    {
      "RequestUri": "/subscriptions/0661b131-4a11-479b-96bf-2f95acca2f73/operationresults/eyJqb2JJZCI6IlJFU09VUkNFR1JPVVBERUxFVElPTkpPQi1QUzk3NDEtRUFTVFVTMiIsImpvYkxvY2F0aW9uIjoiZWFzdHVzMiJ9?api-version=2016-09-01",
      "EncodedRequestUri": "L3N1YnNjcmlwdGlvbnMvMDY2MWIxMzEtNGExMS00NzliLTk2YmYtMmY5NWFjY2EyZjczL29wZXJhdGlvbnJlc3VsdHMvZXlKcWIySkpaQ0k2SWxKRlUwOVZVa05GUjFKUFZWQkVSVXhGVkVsUFRrcFBRaTFRVXprM05ERXRSVUZUVkZWVE1pSXNJbXB2WWt4dlkyRjBhVzl1SWpvaVpXRnpkSFZ6TWlKOT9hcGktdmVyc2lvbj0yMDE2LTA5LTAx",
      "RequestMethod": "GET",
      "RequestBody": "",
      "RequestHeaders": {
        "User-Agent": [
          "FxVersion/4.6.27019.06",
          "OSName/Windows",
          "OSVersion/Microsoft.Windows.10.0.17134.",
          "Microsoft.Azure.Management.Internal.Resources.ResourceManagementClient/1.3.1"
        ]
      },
      "ResponseHeaders": {
        "Cache-Control": [
          "no-cache"
        ],
        "Pragma": [
          "no-cache"
        ],
        "x-ms-ratelimit-remaining-subscription-reads": [
          "11996"
        ],
        "x-ms-request-id": [
          "0e982008-8e05-4a0d-a0d8-6278adf5d460"
        ],
        "x-ms-correlation-request-id": [
          "0e982008-8e05-4a0d-a0d8-6278adf5d460"
        ],
        "x-ms-routing-request-id": [
          "WESTEUROPE:20190802T155610Z:0e982008-8e05-4a0d-a0d8-6278adf5d460"
        ],
        "Strict-Transport-Security": [
          "max-age=31536000; includeSubDomains"
        ],
        "X-Content-Type-Options": [
          "nosniff"
        ],
        "Date": [
          "Fri, 02 Aug 2019 15:56:09 GMT"
        ],
        "Expires": [
          "-1"
        ],
        "Content-Length": [
          "0"
        ]
      },
      "ResponseBody": "",
      "StatusCode": 200
    },
    {
      "RequestUri": "/subscriptions/0661b131-4a11-479b-96bf-2f95acca2f73/operationresults/eyJqb2JJZCI6IlJFU09VUkNFR1JPVVBERUxFVElPTkpPQi1QUzk3NDEtRUFTVFVTMiIsImpvYkxvY2F0aW9uIjoiZWFzdHVzMiJ9?api-version=2016-09-01",
      "EncodedRequestUri": "L3N1YnNjcmlwdGlvbnMvMDY2MWIxMzEtNGExMS00NzliLTk2YmYtMmY5NWFjY2EyZjczL29wZXJhdGlvbnJlc3VsdHMvZXlKcWIySkpaQ0k2SWxKRlUwOVZVa05GUjFKUFZWQkVSVXhGVkVsUFRrcFBRaTFRVXprM05ERXRSVUZUVkZWVE1pSXNJbXB2WWt4dlkyRjBhVzl1SWpvaVpXRnpkSFZ6TWlKOT9hcGktdmVyc2lvbj0yMDE2LTA5LTAx",
      "RequestMethod": "GET",
      "RequestBody": "",
      "RequestHeaders": {
        "User-Agent": [
          "FxVersion/4.6.27019.06",
          "OSName/Windows",
          "OSVersion/Microsoft.Windows.10.0.17134.",
          "Microsoft.Azure.Management.Internal.Resources.ResourceManagementClient/1.3.1"
        ]
      },
      "ResponseHeaders": {
        "Cache-Control": [
          "no-cache"
        ],
        "Pragma": [
          "no-cache"
        ],
        "x-ms-ratelimit-remaining-subscription-reads": [
          "11995"
        ],
        "x-ms-request-id": [
          "f5943fbe-8701-44a4-9f3b-8109245e6a2c"
        ],
        "x-ms-correlation-request-id": [
          "f5943fbe-8701-44a4-9f3b-8109245e6a2c"
        ],
        "x-ms-routing-request-id": [
          "WESTEUROPE:20190802T155610Z:f5943fbe-8701-44a4-9f3b-8109245e6a2c"
        ],
        "Strict-Transport-Security": [
          "max-age=31536000; includeSubDomains"
        ],
        "X-Content-Type-Options": [
          "nosniff"
        ],
        "Date": [
          "Fri, 02 Aug 2019 15:56:10 GMT"
        ],
        "Expires": [
          "-1"
        ],
        "Content-Length": [
          "0"
        ]
      },
      "ResponseBody": "",
      "StatusCode": 200
    }
  ],
  "Names": {
    "Test-AccountPipelines": [
      "ps9741",
      "ps4137",
      "ps6170"
    ]
  },
  "Variables": {
    "SubscriptionId": "0661b131-4a11-479b-96bf-2f95acca2f73"
  }
}