{
  "Entries": [
    {
      "RequestUri": "/subscriptions/8cfb8b62-bcd6-4713-89ad-18097f75cc5b/resourceGroups/testclrg/providers/Microsoft.Sql/locations/southeastasia/instanceFailoverGroups/ps8988?api-version=2017-10-01-preview",
      "EncodedRequestUri": "L3N1YnNjcmlwdGlvbnMvOGNmYjhiNjItYmNkNi00NzEzLTg5YWQtMTgwOTdmNzVjYzViL3Jlc291cmNlR3JvdXBzL3Rlc3RjbHJnL3Byb3ZpZGVycy9NaWNyb3NvZnQuU3FsL2xvY2F0aW9ucy9zb3V0aGVhc3Rhc2lhL2luc3RhbmNlRmFpbG92ZXJHcm91cHMvcHM4OTg4P2FwaS12ZXJzaW9uPTIwMTctMTAtMDEtcHJldmlldw==",
      "RequestMethod": "GET",
      "RequestBody": "",
      "RequestHeaders": {
        "x-ms-client-request-id": [
          "d4ecbf6e-ff6a-42c7-aaa4-4a001c077afd"
        ],
        "accept-language": [
          "en-US"
        ],
        "User-Agent": [
          "FxVersion/4.7.2563.0",
          "OSName/WindowsServer2012R2Datacenter",
          "OSVersion/6.3.9600",
          "Microsoft.Azure.Management.Sql.SqlManagementClient/1.13.1.0"
        ]
      },
      "ResponseBody": "{\r\n  \"error\": {\r\n    \"code\": \"ResourceNotFound\",\r\n    \"message\": \"The requested resource of type 'Microsoft.Sql/locations/instanceFailoverGroups' with name 'ps8988' was not found.\"\r\n  }\r\n}",
      "ResponseHeaders": {
        "Content-Length": [
          "163"
        ],
        "Content-Type": [
          "application/json; charset=utf-8"
        ],
        "Expires": [
          "-1"
        ],
        "Pragma": [
          "no-cache"
        ],
        "x-ms-request-id": [
          "51360ec1-7abb-4bff-be38-a1ea4b0988bf"
        ],
        "x-ms-ratelimit-remaining-subscription-reads": [
          "14988"
        ],
        "x-ms-correlation-request-id": [
          "2560e34e-190e-441c-82f1-16a511070691"
        ],
        "x-ms-routing-request-id": [
          "NORTHEUROPE:20180504T232652Z:2560e34e-190e-441c-82f1-16a511070691"
        ],
        "Strict-Transport-Security": [
          "max-age=31536000; includeSubDomains"
        ],
        "X-Content-Type-Options": [
          "nosniff"
        ],
        "Cache-Control": [
          "no-cache"
        ],
        "Date": [
          "Fri, 04 May 2018 23:26:52 GMT"
        ],
        "Server": [
          "Microsoft-HTTPAPI/2.0"
        ]
      },
      "StatusCode": 404
    },
    {
      "RequestUri": "/subscriptions/8cfb8b62-bcd6-4713-89ad-18097f75cc5b/resourceGroups/testclrg/providers/Microsoft.Sql/locations/southeastasia/instanceFailoverGroups/ps8988?api-version=2017-10-01-preview",
      "EncodedRequestUri": "L3N1YnNjcmlwdGlvbnMvOGNmYjhiNjItYmNkNi00NzEzLTg5YWQtMTgwOTdmNzVjYzViL3Jlc291cmNlR3JvdXBzL3Rlc3RjbHJnL3Byb3ZpZGVycy9NaWNyb3NvZnQuU3FsL2xvY2F0aW9ucy9zb3V0aGVhc3Rhc2lhL2luc3RhbmNlRmFpbG92ZXJHcm91cHMvcHM4OTg4P2FwaS12ZXJzaW9uPTIwMTctMTAtMDEtcHJldmlldw==",
      "RequestMethod": "GET",
      "RequestBody": "",
      "RequestHeaders": {
        "User-Agent": [
          "FxVersion/4.7.2563.0",
          "OSName/WindowsServer2012R2Datacenter",
          "OSVersion/6.3.9600",
          "Microsoft.Azure.Management.Sql.SqlManagementClient/1.13.1.0"
        ]
      },
      "ResponseBody": "{\r\n  \"properties\": {\r\n    \"readWriteEndpoint\": {\r\n      \"failoverPolicy\": \"Automatic\",\r\n      \"failoverWithDataLossGracePeriodMinutes\": 60\r\n    },\r\n    \"readOnlyEndpoint\": {\r\n      \"failoverPolicy\": \"Disabled\"\r\n    },\r\n    \"replicationRole\": \"Primary\",\r\n    \"replicationState\": \"CATCH_UP\",\r\n    \"partnerRegions\": [\r\n      {\r\n        \"location\": \"Southeast Asia\",\r\n        \"replicationRole\": \"Secondary\"\r\n      }\r\n    ],\r\n    \"managedInstancePairs\": [\r\n      {\r\n        \"primaryManagedInstanceId\": \"/subscriptions/8cfb8b62-bcd6-4713-89ad-18097f75cc5b/resourceGroups/testclrg/providers/Microsoft.Sql/managedInstances/tdstage-haimb-dont-delete-3\",\r\n        \"partnerManagedInstanceId\": \"/subscriptions/8cfb8b62-bcd6-4713-89ad-18097f75cc5b/resourceGroups/testclrg/providers/Microsoft.Sql/managedInstances/threat-detection-test-1\"\r\n      }\r\n    ]\r\n  },\r\n  \"id\": \"/subscriptions/8cfb8b62-bcd6-4713-89ad-18097f75cc5b/resourceGroups/testclrg/providers/Microsoft.Sql/locations/Southeast Asia/instanceFailoverGroups/ps8988\",\r\n  \"name\": \"ps8988\",\r\n  \"type\": \"Microsoft.Sql/locations/instanceFailoverGroups\"\r\n}",
      "ResponseHeaders": {
        "Content-Length": [
          "902"
        ],
        "Content-Type": [
          "application/json; charset=utf-8"
        ],
        "Expires": [
          "-1"
        ],
        "Pragma": [
          "no-cache"
        ],
        "x-ms-request-id": [
          "93813c10-e9aa-4522-b813-18ebf3c0f581"
        ],
        "x-ms-ratelimit-remaining-subscription-reads": [
          "14985"
        ],
        "x-ms-correlation-request-id": [
          "7f368f77-3826-45e2-bd2e-9eb1b1d46768"
        ],
        "x-ms-routing-request-id": [
          "NORTHEUROPE:20180504T232715Z:7f368f77-3826-45e2-bd2e-9eb1b1d46768"
        ],
        "Strict-Transport-Security": [
          "max-age=31536000; includeSubDomains"
        ],
        "X-Content-Type-Options": [
          "nosniff"
        ],
        "Cache-Control": [
          "no-cache"
        ],
        "Date": [
          "Fri, 04 May 2018 23:27:15 GMT"
        ],
        "Server": [
          "Microsoft-HTTPAPI/2.0"
        ]
      },
      "StatusCode": 200
    },
    {
      "RequestUri": "/subscriptions/8cfb8b62-bcd6-4713-89ad-18097f75cc5b/resourceGroups/testclrg/providers/Microsoft.Sql/locations/southeastasia/instanceFailoverGroups/ps8988?api-version=2017-10-01-preview",
      "EncodedRequestUri": "L3N1YnNjcmlwdGlvbnMvOGNmYjhiNjItYmNkNi00NzEzLTg5YWQtMTgwOTdmNzVjYzViL3Jlc291cmNlR3JvdXBzL3Rlc3RjbHJnL3Byb3ZpZGVycy9NaWNyb3NvZnQuU3FsL2xvY2F0aW9ucy9zb3V0aGVhc3Rhc2lhL2luc3RhbmNlRmFpbG92ZXJHcm91cHMvcHM4OTg4P2FwaS12ZXJzaW9uPTIwMTctMTAtMDEtcHJldmlldw==",
      "RequestMethod": "GET",
      "RequestBody": "",
      "RequestHeaders": {
        "x-ms-client-request-id": [
          "da89049c-1c4d-4ece-89d1-cec9271ec4f2"
        ],
        "accept-language": [
          "en-US"
        ],
        "User-Agent": [
          "FxVersion/4.7.2563.0",
          "OSName/WindowsServer2012R2Datacenter",
          "OSVersion/6.3.9600",
          "Microsoft.Azure.Management.Sql.SqlManagementClient/1.13.1.0"
        ]
      },
      "ResponseBody": "{\r\n  \"properties\": {\r\n    \"readWriteEndpoint\": {\r\n      \"failoverPolicy\": \"Automatic\",\r\n      \"failoverWithDataLossGracePeriodMinutes\": 60\r\n    },\r\n    \"readOnlyEndpoint\": {\r\n      \"failoverPolicy\": \"Disabled\"\r\n    },\r\n    \"replicationRole\": \"Primary\",\r\n    \"replicationState\": \"CATCH_UP\",\r\n    \"partnerRegions\": [\r\n      {\r\n        \"location\": \"Southeast Asia\",\r\n        \"replicationRole\": \"Secondary\"\r\n      }\r\n    ],\r\n    \"managedInstancePairs\": [\r\n      {\r\n        \"primaryManagedInstanceId\": \"/subscriptions/8cfb8b62-bcd6-4713-89ad-18097f75cc5b/resourceGroups/testclrg/providers/Microsoft.Sql/managedInstances/tdstage-haimb-dont-delete-3\",\r\n        \"partnerManagedInstanceId\": \"/subscriptions/8cfb8b62-bcd6-4713-89ad-18097f75cc5b/resourceGroups/testclrg/providers/Microsoft.Sql/managedInstances/threat-detection-test-1\"\r\n      }\r\n    ]\r\n  },\r\n  \"id\": \"/subscriptions/8cfb8b62-bcd6-4713-89ad-18097f75cc5b/resourceGroups/testclrg/providers/Microsoft.Sql/locations/Southeast Asia/instanceFailoverGroups/ps8988\",\r\n  \"name\": \"ps8988\",\r\n  \"type\": \"Microsoft.Sql/locations/instanceFailoverGroups\"\r\n}",
      "ResponseHeaders": {
        "Content-Length": [
          "902"
        ],
        "Content-Type": [
          "application/json; charset=utf-8"
        ],
        "Expires": [
          "-1"
        ],
        "Pragma": [
          "no-cache"
        ],
        "x-ms-request-id": [
          "cf472165-342d-4c54-81b6-2c085b447996"
        ],
        "x-ms-ratelimit-remaining-subscription-reads": [
          "14983"
        ],
        "x-ms-correlation-request-id": [
          "697ea599-0f13-4ea7-9a91-fc62f0f69538"
        ],
        "x-ms-routing-request-id": [
          "NORTHEUROPE:20180504T232716Z:697ea599-0f13-4ea7-9a91-fc62f0f69538"
        ],
        "Strict-Transport-Security": [
          "max-age=31536000; includeSubDomains"
        ],
        "X-Content-Type-Options": [
          "nosniff"
        ],
        "Cache-Control": [
          "no-cache"
        ],
        "Date": [
          "Fri, 04 May 2018 23:27:16 GMT"
        ],
        "Server": [
          "Microsoft-HTTPAPI/2.0"
        ]
      },
      "StatusCode": 200
    },
    {
      "RequestUri": "/subscriptions/8cfb8b62-bcd6-4713-89ad-18097f75cc5b/resourceGroups/testclrg/providers/Microsoft.Sql/locations/southeastasia/instanceFailoverGroups/ps8988?api-version=2017-10-01-preview",
      "EncodedRequestUri": "L3N1YnNjcmlwdGlvbnMvOGNmYjhiNjItYmNkNi00NzEzLTg5YWQtMTgwOTdmNzVjYzViL3Jlc291cmNlR3JvdXBzL3Rlc3RjbHJnL3Byb3ZpZGVycy9NaWNyb3NvZnQuU3FsL2xvY2F0aW9ucy9zb3V0aGVhc3Rhc2lhL2luc3RhbmNlRmFpbG92ZXJHcm91cHMvcHM4OTg4P2FwaS12ZXJzaW9uPTIwMTctMTAtMDEtcHJldmlldw==",
      "RequestMethod": "PUT",
      "RequestBody": "{\r\n  \"properties\": {\r\n    \"readWriteEndpoint\": {\r\n      \"failoverPolicy\": \"Automatic\",\r\n      \"failoverWithDataLossGracePeriodMinutes\": 60\r\n    },\r\n    \"readOnlyEndpoint\": {\r\n      \"failoverPolicy\": \"Disabled\"\r\n    },\r\n    \"partnerRegions\": [\r\n      {\r\n        \"location\": \"southeastasia\"\r\n      }\r\n    ],\r\n    \"managedInstancePairs\": [\r\n      {\r\n        \"primaryManagedInstanceId\": \"/subscriptions/8cfb8b62-bcd6-4713-89ad-18097f75cc5b/resourceGroups/testclrg/providers/Microsoft.Sql/ManagedInstances/tdstage-haimb-dont-delete-3\",\r\n        \"partnerManagedInstanceId\": \"/subscriptions/8cfb8b62-bcd6-4713-89ad-18097f75cc5b/resourceGroups/testclrg/providers/Microsoft.Sql/ManagedInstances/threat-detection-test-1\"\r\n      }\r\n    ]\r\n  }\r\n}",
      "RequestHeaders": {
        "Content-Type": [
          "application/json; charset=utf-8"
        ],
        "Content-Length": [
          "734"
        ],
        "x-ms-client-request-id": [
          "89580b94-1808-405e-a46b-29f3cfd3c0dd"
        ],
        "accept-language": [
          "en-US"
        ],
        "User-Agent": [
          "FxVersion/4.7.2563.0",
          "OSName/WindowsServer2012R2Datacenter",
          "OSVersion/6.3.9600",
          "Microsoft.Azure.Management.Sql.SqlManagementClient/1.13.1.0"
        ]
      },
      "ResponseBody": "{\r\n  \"operation\": \"CreateManagedFailoverGroup\",\r\n  \"startTime\": \"2018-05-04T23:26:53.247Z\"\r\n}",
      "ResponseHeaders": {
        "Content-Length": [
          "81"
        ],
        "Content-Type": [
          "application/json; charset=utf-8"
        ],
        "Expires": [
          "-1"
        ],
        "Pragma": [
          "no-cache"
        ],
        "Retry-After": [
          "10"
        ],
        "Azure-AsyncOperation": [
          "https://api-dogfood.resources.windows-int.net/subscriptions/8cfb8b62-bcd6-4713-89ad-18097f75cc5b/providers/Microsoft.Sql/locations/southeastasia/instanceFailoverGroupAzureAsyncOperation/d8271152-eb7f-43da-87da-825c49fab62a?api-version=2017-10-01-preview"
        ],
        "x-ms-request-id": [
          "d8271152-eb7f-43da-87da-825c49fab62a"
        ],
        "x-ms-ratelimit-remaining-subscription-writes": [
          "1197"
        ],
        "x-ms-correlation-request-id": [
          "5569b3ab-a417-4907-ab99-2a80d4043d84"
        ],
        "x-ms-routing-request-id": [
          "NORTHEUROPE:20180504T232654Z:5569b3ab-a417-4907-ab99-2a80d4043d84"
        ],
        "Strict-Transport-Security": [
          "max-age=31536000; includeSubDomains"
        ],
        "X-Content-Type-Options": [
          "nosniff"
        ],
        "Cache-Control": [
          "no-cache"
        ],
        "Date": [
          "Fri, 04 May 2018 23:26:53 GMT"
        ],
        "Location": [
          "https://api-dogfood.resources.windows-int.net/subscriptions/8cfb8b62-bcd6-4713-89ad-18097f75cc5b/providers/Microsoft.Sql/locations/southeastasia/instanceFailoverGroupOperationResults/d8271152-eb7f-43da-87da-825c49fab62a?api-version=2017-10-01-preview"
        ],
        "Server": [
          "Microsoft-HTTPAPI/2.0"
        ]
      },
      "StatusCode": 202
    },
    {
      "RequestUri": "/subscriptions/8cfb8b62-bcd6-4713-89ad-18097f75cc5b/providers/Microsoft.Sql/locations/southeastasia/instanceFailoverGroupAzureAsyncOperation/d8271152-eb7f-43da-87da-825c49fab62a?api-version=2017-10-01-preview",
      "EncodedRequestUri": "L3N1YnNjcmlwdGlvbnMvOGNmYjhiNjItYmNkNi00NzEzLTg5YWQtMTgwOTdmNzVjYzViL3Byb3ZpZGVycy9NaWNyb3NvZnQuU3FsL2xvY2F0aW9ucy9zb3V0aGVhc3Rhc2lhL2luc3RhbmNlRmFpbG92ZXJHcm91cEF6dXJlQXN5bmNPcGVyYXRpb24vZDgyNzExNTItZWI3Zi00M2RhLTg3ZGEtODI1YzQ5ZmFiNjJhP2FwaS12ZXJzaW9uPTIwMTctMTAtMDEtcHJldmlldw==",
      "RequestMethod": "GET",
      "RequestBody": "",
      "RequestHeaders": {
        "User-Agent": [
          "FxVersion/4.7.2563.0",
          "OSName/WindowsServer2012R2Datacenter",
          "OSVersion/6.3.9600",
          "Microsoft.Azure.Management.Sql.SqlManagementClient/1.13.1.0"
        ]
      },
      "ResponseBody": "{\r\n  \"name\": \"d8271152-eb7f-43da-87da-825c49fab62a\",\r\n  \"status\": \"InProgress\",\r\n  \"startTime\": \"2018-05-04T23:26:53.247Z\"\r\n}",
      "ResponseHeaders": {
        "Content-Length": [
          "108"
        ],
        "Content-Type": [
          "application/json; charset=utf-8"
        ],
        "Expires": [
          "-1"
        ],
        "Pragma": [
          "no-cache"
        ],
        "Retry-After": [
          "10"
        ],
        "x-ms-request-id": [
          "1814fa35-7b16-4b04-ab7a-cfac992fbcc4"
        ],
        "x-ms-ratelimit-remaining-subscription-reads": [
          "14987"
        ],
        "x-ms-correlation-request-id": [
          "69b4cb9a-9b4e-4066-8cac-edc23b0fbca3"
        ],
        "x-ms-routing-request-id": [
          "NORTHEUROPE:20180504T232704Z:69b4cb9a-9b4e-4066-8cac-edc23b0fbca3"
        ],
        "Strict-Transport-Security": [
          "max-age=31536000; includeSubDomains"
        ],
        "X-Content-Type-Options": [
          "nosniff"
        ],
        "Cache-Control": [
          "no-cache"
        ],
        "Date": [
          "Fri, 04 May 2018 23:27:04 GMT"
        ],
        "Server": [
          "Microsoft-HTTPAPI/2.0"
        ]
      },
      "StatusCode": 200
    },
    {
      "RequestUri": "/subscriptions/8cfb8b62-bcd6-4713-89ad-18097f75cc5b/providers/Microsoft.Sql/locations/southeastasia/instanceFailoverGroupAzureAsyncOperation/d8271152-eb7f-43da-87da-825c49fab62a?api-version=2017-10-01-preview",
      "EncodedRequestUri": "L3N1YnNjcmlwdGlvbnMvOGNmYjhiNjItYmNkNi00NzEzLTg5YWQtMTgwOTdmNzVjYzViL3Byb3ZpZGVycy9NaWNyb3NvZnQuU3FsL2xvY2F0aW9ucy9zb3V0aGVhc3Rhc2lhL2luc3RhbmNlRmFpbG92ZXJHcm91cEF6dXJlQXN5bmNPcGVyYXRpb24vZDgyNzExNTItZWI3Zi00M2RhLTg3ZGEtODI1YzQ5ZmFiNjJhP2FwaS12ZXJzaW9uPTIwMTctMTAtMDEtcHJldmlldw==",
      "RequestMethod": "GET",
      "RequestBody": "",
      "RequestHeaders": {
        "User-Agent": [
          "FxVersion/4.7.2563.0",
          "OSName/WindowsServer2012R2Datacenter",
          "OSVersion/6.3.9600",
          "Microsoft.Azure.Management.Sql.SqlManagementClient/1.13.1.0"
        ]
      },
      "ResponseBody": "{\r\n  \"name\": \"d8271152-eb7f-43da-87da-825c49fab62a\",\r\n  \"status\": \"Succeeded\",\r\n  \"startTime\": \"2018-05-04T23:26:53.247Z\"\r\n}",
      "ResponseHeaders": {
        "Content-Length": [
          "107"
        ],
        "Content-Type": [
          "application/json; charset=utf-8"
        ],
        "Expires": [
          "-1"
        ],
        "Pragma": [
          "no-cache"
        ],
        "Retry-After": [
          "10"
        ],
        "x-ms-request-id": [
          "dbddbf1d-ee73-4ac4-814e-06a943d952bf"
        ],
        "x-ms-ratelimit-remaining-subscription-reads": [
          "14986"
        ],
        "x-ms-correlation-request-id": [
          "db8c935c-bef9-42fe-b808-64f82b3defdb"
        ],
        "x-ms-routing-request-id": [
          "NORTHEUROPE:20180504T232715Z:db8c935c-bef9-42fe-b808-64f82b3defdb"
        ],
        "Strict-Transport-Security": [
          "max-age=31536000; includeSubDomains"
        ],
        "X-Content-Type-Options": [
          "nosniff"
        ],
        "Cache-Control": [
          "no-cache"
        ],
        "Date": [
          "Fri, 04 May 2018 23:27:15 GMT"
        ],
        "Server": [
          "Microsoft-HTTPAPI/2.0"
        ]
      },
      "StatusCode": 200
    },
    {
      "RequestUri": "/subscriptions/8cfb8b62-bcd6-4713-89ad-18097f75cc5b/resourceGroups/testclrg/providers/Microsoft.Sql/locations/Southeast%20Asia/instanceFailoverGroups/ps8988?api-version=2017-10-01-preview",
      "EncodedRequestUri": "L3N1YnNjcmlwdGlvbnMvOGNmYjhiNjItYmNkNi00NzEzLTg5YWQtMTgwOTdmNzVjYzViL3Jlc291cmNlR3JvdXBzL3Rlc3RjbHJnL3Byb3ZpZGVycy9NaWNyb3NvZnQuU3FsL2xvY2F0aW9ucy9Tb3V0aGVhc3QlMjBBc2lhL2luc3RhbmNlRmFpbG92ZXJHcm91cHMvcHM4OTg4P2FwaS12ZXJzaW9uPTIwMTctMTAtMDEtcHJldmlldw==",
      "RequestMethod": "GET",
      "RequestBody": "",
      "RequestHeaders": {
        "x-ms-client-request-id": [
          "6656a445-1a8d-42f1-bc01-f64dc8999b65"
        ],
        "accept-language": [
          "en-US"
        ],
        "User-Agent": [
          "FxVersion/4.7.2563.0",
          "OSName/WindowsServer2012R2Datacenter",
          "OSVersion/6.3.9600",
          "Microsoft.Azure.Management.Sql.SqlManagementClient/1.13.1.0"
        ]
      },
      "ResponseBody": "{\r\n  \"properties\": {\r\n    \"readWriteEndpoint\": {\r\n      \"failoverPolicy\": \"Automatic\",\r\n      \"failoverWithDataLossGracePeriodMinutes\": 60\r\n    },\r\n    \"readOnlyEndpoint\": {\r\n      \"failoverPolicy\": \"Disabled\"\r\n    },\r\n    \"replicationRole\": \"Primary\",\r\n    \"replicationState\": \"CATCH_UP\",\r\n    \"partnerRegions\": [\r\n      {\r\n        \"location\": \"Southeast Asia\",\r\n        \"replicationRole\": \"Secondary\"\r\n      }\r\n    ],\r\n    \"managedInstancePairs\": [\r\n      {\r\n        \"primaryManagedInstanceId\": \"/subscriptions/8cfb8b62-bcd6-4713-89ad-18097f75cc5b/resourceGroups/testclrg/providers/Microsoft.Sql/managedInstances/tdstage-haimb-dont-delete-3\",\r\n        \"partnerManagedInstanceId\": \"/subscriptions/8cfb8b62-bcd6-4713-89ad-18097f75cc5b/resourceGroups/testclrg/providers/Microsoft.Sql/managedInstances/threat-detection-test-1\"\r\n      }\r\n    ]\r\n  },\r\n  \"id\": \"/subscriptions/8cfb8b62-bcd6-4713-89ad-18097f75cc5b/resourceGroups/testclrg/providers/Microsoft.Sql/locations/Southeast Asia/instanceFailoverGroups/ps8988\",\r\n  \"name\": \"ps8988\",\r\n  \"type\": \"Microsoft.Sql/locations/instanceFailoverGroups\"\r\n}",
      "ResponseHeaders": {
        "Content-Length": [
          "902"
        ],
        "Content-Type": [
          "application/json; charset=utf-8"
        ],
        "Expires": [
          "-1"
        ],
        "Pragma": [
          "no-cache"
        ],
        "x-ms-request-id": [
          "08410514-7b70-45dd-b9c9-44ea745b2132"
        ],
        "x-ms-ratelimit-remaining-subscription-reads": [
          "14984"
        ],
        "x-ms-correlation-request-id": [
          "ef75b26a-ecac-4296-8abf-7873aa3beddd"
        ],
        "x-ms-routing-request-id": [
          "NORTHEUROPE:20180504T232716Z:ef75b26a-ecac-4296-8abf-7873aa3beddd"
        ],
        "Strict-Transport-Security": [
          "max-age=31536000; includeSubDomains"
        ],
        "X-Content-Type-Options": [
          "nosniff"
        ],
        "Cache-Control": [
          "no-cache"
        ],
        "Date": [
          "Fri, 04 May 2018 23:27:15 GMT"
        ],
        "Server": [
          "Microsoft-HTTPAPI/2.0"
        ]
      },
      "StatusCode": 200
    },
    {
      "RequestUri": "/subscriptions/8cfb8b62-bcd6-4713-89ad-18097f75cc5b/resourceGroups/testclrg/providers/Microsoft.Sql/locations/southeastasia/instanceFailoverGroups/ps8988?api-version=2017-10-01-preview",
      "EncodedRequestUri": "L3N1YnNjcmlwdGlvbnMvOGNmYjhiNjItYmNkNi00NzEzLTg5YWQtMTgwOTdmNzVjYzViL3Jlc291cmNlR3JvdXBzL3Rlc3RjbHJnL3Byb3ZpZGVycy9NaWNyb3NvZnQuU3FsL2xvY2F0aW9ucy9zb3V0aGVhc3Rhc2lhL2luc3RhbmNlRmFpbG92ZXJHcm91cHMvcHM4OTg4P2FwaS12ZXJzaW9uPTIwMTctMTAtMDEtcHJldmlldw==",
      "RequestMethod": "DELETE",
      "RequestBody": "",
      "RequestHeaders": {
        "x-ms-client-request-id": [
          "7f812938-02a6-46e2-a678-3ba8ce2e1e6a"
        ],
        "accept-language": [
          "en-US"
        ],
        "User-Agent": [
          "FxVersion/4.7.2563.0",
          "OSName/WindowsServer2012R2Datacenter",
          "OSVersion/6.3.9600",
          "Microsoft.Azure.Management.Sql.SqlManagementClient/1.13.1.0"
        ]
      },
      "ResponseBody": "{\r\n  \"operation\": \"DropManagedFailoverGroup\",\r\n  \"startTime\": \"2018-05-04T23:27:16.837Z\"\r\n}",
      "ResponseHeaders": {
        "Content-Length": [
          "79"
        ],
        "Content-Type": [
          "application/json; charset=utf-8"
        ],
        "Expires": [
          "-1"
        ],
        "Pragma": [
          "no-cache"
        ],
        "Retry-After": [
          "10"
        ],
        "Azure-AsyncOperation": [
          "https://api-dogfood.resources.windows-int.net/subscriptions/8cfb8b62-bcd6-4713-89ad-18097f75cc5b/providers/Microsoft.Sql/locations/southeastasia/instanceFailoverGroupAzureAsyncOperation/e7c21ad2-d322-40bd-a4cb-e363a41bb541?api-version=2017-10-01-preview"
        ],
        "x-ms-request-id": [
          "e7c21ad2-d322-40bd-a4cb-e363a41bb541"
        ],
        "x-ms-ratelimit-remaining-subscription-deletes": [
          "14998"
        ],
        "x-ms-correlation-request-id": [
          "5c896799-b887-4300-8677-ff6f661fc669"
        ],
        "x-ms-routing-request-id": [
          "NORTHEUROPE:20180504T232717Z:5c896799-b887-4300-8677-ff6f661fc669"
        ],
        "Strict-Transport-Security": [
          "max-age=31536000; includeSubDomains"
        ],
        "X-Content-Type-Options": [
          "nosniff"
        ],
        "Cache-Control": [
          "no-cache"
        ],
        "Date": [
          "Fri, 04 May 2018 23:27:17 GMT"
        ],
        "Location": [
          "https://api-dogfood.resources.windows-int.net/subscriptions/8cfb8b62-bcd6-4713-89ad-18097f75cc5b/providers/Microsoft.Sql/locations/southeastasia/instanceFailoverGroupOperationResults/e7c21ad2-d322-40bd-a4cb-e363a41bb541?api-version=2017-10-01-preview"
        ],
        "Server": [
          "Microsoft-HTTPAPI/2.0"
        ]
      },
      "StatusCode": 202
    },
    {
      "RequestUri": "/subscriptions/8cfb8b62-bcd6-4713-89ad-18097f75cc5b/providers/Microsoft.Sql/locations/southeastasia/instanceFailoverGroupAzureAsyncOperation/e7c21ad2-d322-40bd-a4cb-e363a41bb541?api-version=2017-10-01-preview",
      "EncodedRequestUri": "L3N1YnNjcmlwdGlvbnMvOGNmYjhiNjItYmNkNi00NzEzLTg5YWQtMTgwOTdmNzVjYzViL3Byb3ZpZGVycy9NaWNyb3NvZnQuU3FsL2xvY2F0aW9ucy9zb3V0aGVhc3Rhc2lhL2luc3RhbmNlRmFpbG92ZXJHcm91cEF6dXJlQXN5bmNPcGVyYXRpb24vZTdjMjFhZDItZDMyMi00MGJkLWE0Y2ItZTM2M2E0MWJiNTQxP2FwaS12ZXJzaW9uPTIwMTctMTAtMDEtcHJldmlldw==",
      "RequestMethod": "GET",
      "RequestBody": "",
      "RequestHeaders": {
        "User-Agent": [
          "FxVersion/4.7.2563.0",
          "OSName/WindowsServer2012R2Datacenter",
          "OSVersion/6.3.9600",
          "Microsoft.Azure.Management.Sql.SqlManagementClient/1.13.1.0"
        ]
      },
      "ResponseBody": "{\r\n  \"name\": \"e7c21ad2-d322-40bd-a4cb-e363a41bb541\",\r\n  \"status\": \"Succeeded\",\r\n  \"startTime\": \"2018-05-04T23:27:16.837Z\"\r\n}",
      "ResponseHeaders": {
        "Content-Length": [
          "107"
        ],
        "Content-Type": [
          "application/json; charset=utf-8"
        ],
        "Expires": [
          "-1"
        ],
        "Pragma": [
          "no-cache"
        ],
        "Retry-After": [
          "10"
        ],
        "x-ms-request-id": [
          "03a98bd2-3c9d-40fa-b7ff-c5db36244737"
        ],
        "x-ms-ratelimit-remaining-subscription-reads": [
          "14982"
        ],
        "x-ms-correlation-request-id": [
          "2b78139d-e00d-43e2-800a-8e3c340c0817"
        ],
        "x-ms-routing-request-id": [
          "NORTHEUROPE:20180504T232728Z:2b78139d-e00d-43e2-800a-8e3c340c0817"
        ],
        "Strict-Transport-Security": [
          "max-age=31536000; includeSubDomains"
        ],
        "X-Content-Type-Options": [
          "nosniff"
        ],
        "Cache-Control": [
          "no-cache"
        ],
        "Date": [
          "Fri, 04 May 2018 23:27:28 GMT"
        ],
        "Server": [
          "Microsoft-HTTPAPI/2.0"
        ]
      },
      "StatusCode": 200
    },
    {
      "RequestUri": "/subscriptions/8cfb8b62-bcd6-4713-89ad-18097f75cc5b/providers/Microsoft.Sql/locations/southeastasia/instanceFailoverGroupOperationResults/e7c21ad2-d322-40bd-a4cb-e363a41bb541?api-version=2017-10-01-preview",
      "EncodedRequestUri": "L3N1YnNjcmlwdGlvbnMvOGNmYjhiNjItYmNkNi00NzEzLTg5YWQtMTgwOTdmNzVjYzViL3Byb3ZpZGVycy9NaWNyb3NvZnQuU3FsL2xvY2F0aW9ucy9zb3V0aGVhc3Rhc2lhL2luc3RhbmNlRmFpbG92ZXJHcm91cE9wZXJhdGlvblJlc3VsdHMvZTdjMjFhZDItZDMyMi00MGJkLWE0Y2ItZTM2M2E0MWJiNTQxP2FwaS12ZXJzaW9uPTIwMTctMTAtMDEtcHJldmlldw==",
      "RequestMethod": "GET",
      "RequestBody": "",
      "RequestHeaders": {
        "User-Agent": [
          "FxVersion/4.7.2563.0",
          "OSName/WindowsServer2012R2Datacenter",
          "OSVersion/6.3.9600",
          "Microsoft.Azure.Management.Sql.SqlManagementClient/1.13.1.0"
        ]
      },
      "ResponseBody": "",
      "ResponseHeaders": {
        "Content-Length": [
          "0"
        ],
        "Expires": [
          "-1"
        ],
        "Pragma": [
          "no-cache"
        ],
        "x-ms-request-id": [
          "e5badd94-2dec-4a6e-a4ea-9dd34e11ff64"
        ],
        "x-ms-ratelimit-remaining-subscription-reads": [
          "14981"
        ],
        "x-ms-correlation-request-id": [
          "bda2deef-aed0-48bf-92c1-40f32b059afc"
        ],
        "x-ms-routing-request-id": [
          "NORTHEUROPE:20180504T232728Z:bda2deef-aed0-48bf-92c1-40f32b059afc"
        ],
        "Strict-Transport-Security": [
          "max-age=31536000; includeSubDomains"
        ],
        "X-Content-Type-Options": [
          "nosniff"
        ],
        "Cache-Control": [
          "no-cache"
        ],
        "Date": [
          "Fri, 04 May 2018 23:27:28 GMT"
        ],
        "Server": [
          "Microsoft-HTTPAPI/2.0"
        ]
      },
      "StatusCode": 200
    }
  ],
  "Names": {
    "Test-CreateInstanceFailoverGroup-Named": [
      "ps8988"
    ]
  },
  "Variables": {
    "SubscriptionId": "8cfb8b62-bcd6-4713-89ad-18097f75cc5b",
    "User": null,
    "TenantId": null
  }
}