{
  "Entries": [
    {
      "RequestUri": "/subscriptions/8cfb8b62-bcd6-4713-89ad-18097f75cc5b/resourceGroups/testclrg/providers/Microsoft.Sql/locations/southeastasia/instanceFailoverGroups/ps4588?api-version=2017-10-01-preview",
      "EncodedRequestUri": "L3N1YnNjcmlwdGlvbnMvOGNmYjhiNjItYmNkNi00NzEzLTg5YWQtMTgwOTdmNzVjYzViL3Jlc291cmNlR3JvdXBzL3Rlc3RjbHJnL3Byb3ZpZGVycy9NaWNyb3NvZnQuU3FsL2xvY2F0aW9ucy9zb3V0aGVhc3Rhc2lhL2luc3RhbmNlRmFpbG92ZXJHcm91cHMvcHM0NTg4P2FwaS12ZXJzaW9uPTIwMTctMTAtMDEtcHJldmlldw==",
      "RequestMethod": "GET",
      "RequestBody": "",
      "RequestHeaders": {
        "x-ms-client-request-id": [
          "87bf6a1d-be63-4774-9278-9a2ef884b463"
        ],
        "accept-language": [
          "en-US"
        ],
        "User-Agent": [
          "FxVersion/4.7.2563.0",
          "OSName/WindowsServer2012R2Datacenter",
          "OSVersion/6.3.9600",
          "Microsoft.Azure.Management.Sql.SqlManagementClient/1.13.1.0"
        ]
      },
      "ResponseBody": "{\r\n  \"error\": {\r\n    \"code\": \"ResourceNotFound\",\r\n    \"message\": \"The requested resource of type 'Microsoft.Sql/locations/instanceFailoverGroups' with name 'ps4588' was not found.\"\r\n  }\r\n}",
      "ResponseHeaders": {
        "Content-Length": [
          "163"
        ],
        "Content-Type": [
          "application/json; charset=utf-8"
        ],
        "Expires": [
          "-1"
        ],
        "Pragma": [
          "no-cache"
        ],
        "x-ms-request-id": [
          "f0977954-c9e2-41d1-a4d6-eb1d3477cc56"
        ],
        "x-ms-ratelimit-remaining-subscription-reads": [
          "14991"
        ],
        "x-ms-correlation-request-id": [
          "1f9fac5b-0929-4c1a-a278-f1ce2eec3997"
        ],
        "x-ms-routing-request-id": [
          "NORTHEUROPE:20180504T233251Z:1f9fac5b-0929-4c1a-a278-f1ce2eec3997"
        ],
        "Strict-Transport-Security": [
          "max-age=31536000; includeSubDomains"
        ],
        "X-Content-Type-Options": [
          "nosniff"
        ],
        "Cache-Control": [
          "no-cache"
        ],
        "Date": [
          "Fri, 04 May 2018 23:32:51 GMT"
        ],
        "Server": [
          "Microsoft-HTTPAPI/2.0"
        ]
      },
      "StatusCode": 404
    },
    {
      "RequestUri": "/subscriptions/8cfb8b62-bcd6-4713-89ad-18097f75cc5b/resourceGroups/testclrg/providers/Microsoft.Sql/locations/southeastasia/instanceFailoverGroups/ps4588?api-version=2017-10-01-preview",
      "EncodedRequestUri": "L3N1YnNjcmlwdGlvbnMvOGNmYjhiNjItYmNkNi00NzEzLTg5YWQtMTgwOTdmNzVjYzViL3Jlc291cmNlR3JvdXBzL3Rlc3RjbHJnL3Byb3ZpZGVycy9NaWNyb3NvZnQuU3FsL2xvY2F0aW9ucy9zb3V0aGVhc3Rhc2lhL2luc3RhbmNlRmFpbG92ZXJHcm91cHMvcHM0NTg4P2FwaS12ZXJzaW9uPTIwMTctMTAtMDEtcHJldmlldw==",
      "RequestMethod": "GET",
      "RequestBody": "",
      "RequestHeaders": {
        "User-Agent": [
          "FxVersion/4.7.2563.0",
          "OSName/WindowsServer2012R2Datacenter",
          "OSVersion/6.3.9600",
          "Microsoft.Azure.Management.Sql.SqlManagementClient/1.13.1.0"
        ]
      },
      "ResponseBody": "{\r\n  \"properties\": {\r\n    \"readWriteEndpoint\": {\r\n      \"failoverPolicy\": \"Manual\"\r\n    },\r\n    \"readOnlyEndpoint\": {\r\n      \"failoverPolicy\": \"Disabled\"\r\n    },\r\n    \"replicationRole\": \"Primary\",\r\n    \"replicationState\": \"CATCH_UP\",\r\n    \"partnerRegions\": [\r\n      {\r\n        \"location\": \"Southeast Asia\",\r\n        \"replicationRole\": \"Secondary\"\r\n      }\r\n    ],\r\n    \"managedInstancePairs\": [\r\n      {\r\n        \"primaryManagedInstanceId\": \"/subscriptions/8cfb8b62-bcd6-4713-89ad-18097f75cc5b/resourceGroups/testclrg/providers/Microsoft.Sql/managedInstances/tdstage-haimb-dont-delete-3\",\r\n        \"partnerManagedInstanceId\": \"/subscriptions/8cfb8b62-bcd6-4713-89ad-18097f75cc5b/resourceGroups/testclrg/providers/Microsoft.Sql/managedInstances/threat-detection-test-1\"\r\n      }\r\n    ]\r\n  },\r\n  \"id\": \"/subscriptions/8cfb8b62-bcd6-4713-89ad-18097f75cc5b/resourceGroups/testclrg/providers/Microsoft.Sql/locations/Southeast Asia/instanceFailoverGroups/ps4588\",\r\n  \"name\": \"ps4588\",\r\n  \"type\": \"Microsoft.Sql/locations/instanceFailoverGroups\"\r\n}",
      "ResponseHeaders": {
        "Content-Length": [
          "855"
        ],
        "Content-Type": [
          "application/json; charset=utf-8"
        ],
        "Expires": [
          "-1"
        ],
        "Pragma": [
          "no-cache"
        ],
        "x-ms-request-id": [
          "5a771cee-0782-4e01-a397-0cbe020d9cca"
        ],
        "x-ms-ratelimit-remaining-subscription-reads": [
          "14988"
        ],
        "x-ms-correlation-request-id": [
          "ed93c582-ec8b-4a1a-b40a-b3b61d0180a8"
        ],
        "x-ms-routing-request-id": [
          "NORTHEUROPE:20180504T233313Z:ed93c582-ec8b-4a1a-b40a-b3b61d0180a8"
        ],
        "Strict-Transport-Security": [
          "max-age=31536000; includeSubDomains"
        ],
        "X-Content-Type-Options": [
          "nosniff"
        ],
        "Cache-Control": [
          "no-cache"
        ],
        "Date": [
          "Fri, 04 May 2018 23:33:13 GMT"
        ],
        "Server": [
          "Microsoft-HTTPAPI/2.0"
        ]
      },
      "StatusCode": 200
    },
    {
      "RequestUri": "/subscriptions/8cfb8b62-bcd6-4713-89ad-18097f75cc5b/resourceGroups/testclrg/providers/Microsoft.Sql/locations/southeastasia/instanceFailoverGroups/ps4588?api-version=2017-10-01-preview",
      "EncodedRequestUri": "L3N1YnNjcmlwdGlvbnMvOGNmYjhiNjItYmNkNi00NzEzLTg5YWQtMTgwOTdmNzVjYzViL3Jlc291cmNlR3JvdXBzL3Rlc3RjbHJnL3Byb3ZpZGVycy9NaWNyb3NvZnQuU3FsL2xvY2F0aW9ucy9zb3V0aGVhc3Rhc2lhL2luc3RhbmNlRmFpbG92ZXJHcm91cHMvcHM0NTg4P2FwaS12ZXJzaW9uPTIwMTctMTAtMDEtcHJldmlldw==",
      "RequestMethod": "PUT",
      "RequestBody": "{\r\n  \"properties\": {\r\n    \"readWriteEndpoint\": {\r\n      \"failoverPolicy\": \"Manual\"\r\n    },\r\n    \"readOnlyEndpoint\": {\r\n      \"failoverPolicy\": \"Disabled\"\r\n    },\r\n    \"partnerRegions\": [\r\n      {\r\n        \"location\": \"southeastasia\"\r\n      }\r\n    ],\r\n    \"managedInstancePairs\": [\r\n      {\r\n        \"primaryManagedInstanceId\": \"/subscriptions/8cfb8b62-bcd6-4713-89ad-18097f75cc5b/resourceGroups/testclrg/providers/Microsoft.Sql/ManagedInstances/tdstage-haimb-dont-delete-3\",\r\n        \"partnerManagedInstanceId\": \"/subscriptions/8cfb8b62-bcd6-4713-89ad-18097f75cc5b/resourceGroups/testclrg/providers/Microsoft.Sql/ManagedInstances/threat-detection-test-1\"\r\n      }\r\n    ]\r\n  }\r\n}",
      "RequestHeaders": {
        "Content-Type": [
          "application/json; charset=utf-8"
        ],
        "Content-Length": [
          "678"
        ],
        "x-ms-client-request-id": [
          "100c52f2-8432-48dc-ac87-0ae8913893a5"
        ],
        "accept-language": [
          "en-US"
        ],
        "User-Agent": [
          "FxVersion/4.7.2563.0",
          "OSName/WindowsServer2012R2Datacenter",
          "OSVersion/6.3.9600",
          "Microsoft.Azure.Management.Sql.SqlManagementClient/1.13.1.0"
        ]
      },
      "ResponseBody": "{\r\n  \"operation\": \"CreateManagedFailoverGroup\",\r\n  \"startTime\": \"2018-05-04T23:32:51.7Z\"\r\n}",
      "ResponseHeaders": {
        "Content-Length": [
          "79"
        ],
        "Content-Type": [
          "application/json; charset=utf-8"
        ],
        "Expires": [
          "-1"
        ],
        "Pragma": [
          "no-cache"
        ],
        "Retry-After": [
          "10"
        ],
        "Azure-AsyncOperation": [
          "https://api-dogfood.resources.windows-int.net/subscriptions/8cfb8b62-bcd6-4713-89ad-18097f75cc5b/providers/Microsoft.Sql/locations/southeastasia/instanceFailoverGroupAzureAsyncOperation/615e116e-6d87-4d19-8565-a20ffcecf694?api-version=2017-10-01-preview"
        ],
        "x-ms-request-id": [
          "615e116e-6d87-4d19-8565-a20ffcecf694"
        ],
        "x-ms-ratelimit-remaining-subscription-writes": [
          "1198"
        ],
        "x-ms-correlation-request-id": [
          "2f77f1c3-eca2-4e56-ab37-ef2eb0c09725"
        ],
        "x-ms-routing-request-id": [
          "NORTHEUROPE:20180504T233252Z:2f77f1c3-eca2-4e56-ab37-ef2eb0c09725"
        ],
        "Strict-Transport-Security": [
          "max-age=31536000; includeSubDomains"
        ],
        "X-Content-Type-Options": [
          "nosniff"
        ],
        "Cache-Control": [
          "no-cache"
        ],
        "Date": [
          "Fri, 04 May 2018 23:32:52 GMT"
        ],
        "Location": [
          "https://api-dogfood.resources.windows-int.net/subscriptions/8cfb8b62-bcd6-4713-89ad-18097f75cc5b/providers/Microsoft.Sql/locations/southeastasia/instanceFailoverGroupOperationResults/615e116e-6d87-4d19-8565-a20ffcecf694?api-version=2017-10-01-preview"
        ],
        "Server": [
          "Microsoft-HTTPAPI/2.0"
        ]
      },
      "StatusCode": 202
    },
    {
      "RequestUri": "/subscriptions/8cfb8b62-bcd6-4713-89ad-18097f75cc5b/providers/Microsoft.Sql/locations/southeastasia/instanceFailoverGroupAzureAsyncOperation/615e116e-6d87-4d19-8565-a20ffcecf694?api-version=2017-10-01-preview",
      "EncodedRequestUri": "L3N1YnNjcmlwdGlvbnMvOGNmYjhiNjItYmNkNi00NzEzLTg5YWQtMTgwOTdmNzVjYzViL3Byb3ZpZGVycy9NaWNyb3NvZnQuU3FsL2xvY2F0aW9ucy9zb3V0aGVhc3Rhc2lhL2luc3RhbmNlRmFpbG92ZXJHcm91cEF6dXJlQXN5bmNPcGVyYXRpb24vNjE1ZTExNmUtNmQ4Ny00ZDE5LTg1NjUtYTIwZmZjZWNmNjk0P2FwaS12ZXJzaW9uPTIwMTctMTAtMDEtcHJldmlldw==",
      "RequestMethod": "GET",
      "RequestBody": "",
      "RequestHeaders": {
        "User-Agent": [
          "FxVersion/4.7.2563.0",
          "OSName/WindowsServer2012R2Datacenter",
          "OSVersion/6.3.9600",
          "Microsoft.Azure.Management.Sql.SqlManagementClient/1.13.1.0"
        ]
      },
      "ResponseBody": "{\r\n  \"name\": \"615e116e-6d87-4d19-8565-a20ffcecf694\",\r\n  \"status\": \"InProgress\",\r\n  \"startTime\": \"2018-05-04T23:32:51.7Z\"\r\n}",
      "ResponseHeaders": {
        "Content-Length": [
          "106"
        ],
        "Content-Type": [
          "application/json; charset=utf-8"
        ],
        "Expires": [
          "-1"
        ],
        "Pragma": [
          "no-cache"
        ],
        "Retry-After": [
          "10"
        ],
        "x-ms-request-id": [
          "3686eb4f-96c0-407a-bf54-881ebf6e8720"
        ],
        "x-ms-ratelimit-remaining-subscription-reads": [
          "14990"
        ],
        "x-ms-correlation-request-id": [
          "cb39d293-e54b-4d2b-8a02-f76f89b8c9b7"
        ],
        "x-ms-routing-request-id": [
          "NORTHEUROPE:20180504T233303Z:cb39d293-e54b-4d2b-8a02-f76f89b8c9b7"
        ],
        "Strict-Transport-Security": [
          "max-age=31536000; includeSubDomains"
        ],
        "X-Content-Type-Options": [
          "nosniff"
        ],
        "Cache-Control": [
          "no-cache"
        ],
        "Date": [
          "Fri, 04 May 2018 23:33:02 GMT"
        ],
        "Server": [
          "Microsoft-HTTPAPI/2.0"
        ]
      },
      "StatusCode": 200
    },
    {
      "RequestUri": "/subscriptions/8cfb8b62-bcd6-4713-89ad-18097f75cc5b/providers/Microsoft.Sql/locations/southeastasia/instanceFailoverGroupAzureAsyncOperation/615e116e-6d87-4d19-8565-a20ffcecf694?api-version=2017-10-01-preview",
      "EncodedRequestUri": "L3N1YnNjcmlwdGlvbnMvOGNmYjhiNjItYmNkNi00NzEzLTg5YWQtMTgwOTdmNzVjYzViL3Byb3ZpZGVycy9NaWNyb3NvZnQuU3FsL2xvY2F0aW9ucy9zb3V0aGVhc3Rhc2lhL2luc3RhbmNlRmFpbG92ZXJHcm91cEF6dXJlQXN5bmNPcGVyYXRpb24vNjE1ZTExNmUtNmQ4Ny00ZDE5LTg1NjUtYTIwZmZjZWNmNjk0P2FwaS12ZXJzaW9uPTIwMTctMTAtMDEtcHJldmlldw==",
      "RequestMethod": "GET",
      "RequestBody": "",
      "RequestHeaders": {
        "User-Agent": [
          "FxVersion/4.7.2563.0",
          "OSName/WindowsServer2012R2Datacenter",
          "OSVersion/6.3.9600",
          "Microsoft.Azure.Management.Sql.SqlManagementClient/1.13.1.0"
        ]
      },
      "ResponseBody": "{\r\n  \"name\": \"615e116e-6d87-4d19-8565-a20ffcecf694\",\r\n  \"status\": \"Succeeded\",\r\n  \"startTime\": \"2018-05-04T23:32:51.7Z\"\r\n}",
      "ResponseHeaders": {
        "Content-Length": [
          "105"
        ],
        "Content-Type": [
          "application/json; charset=utf-8"
        ],
        "Expires": [
          "-1"
        ],
        "Pragma": [
          "no-cache"
        ],
        "Retry-After": [
          "10"
        ],
        "x-ms-request-id": [
          "1b05639b-83e5-4d45-b376-135f0c8e1560"
        ],
        "x-ms-ratelimit-remaining-subscription-reads": [
          "14989"
        ],
        "x-ms-correlation-request-id": [
          "39f436fb-4bda-4b08-a71d-1ee9edb93532"
        ],
        "x-ms-routing-request-id": [
          "NORTHEUROPE:20180504T233313Z:39f436fb-4bda-4b08-a71d-1ee9edb93532"
        ],
        "Strict-Transport-Security": [
          "max-age=31536000; includeSubDomains"
        ],
        "X-Content-Type-Options": [
          "nosniff"
        ],
        "Cache-Control": [
          "no-cache"
        ],
        "Date": [
          "Fri, 04 May 2018 23:33:13 GMT"
        ],
        "Server": [
          "Microsoft-HTTPAPI/2.0"
        ]
      },
      "StatusCode": 200
    },
    {
      "RequestUri": "/subscriptions/8cfb8b62-bcd6-4713-89ad-18097f75cc5b/resourceGroups/testclrg/providers/Microsoft.Sql/locations/Southeast%20Asia/instanceFailoverGroups/ps4588?api-version=2017-10-01-preview",
      "EncodedRequestUri": "L3N1YnNjcmlwdGlvbnMvOGNmYjhiNjItYmNkNi00NzEzLTg5YWQtMTgwOTdmNzVjYzViL3Jlc291cmNlR3JvdXBzL3Rlc3RjbHJnL3Byb3ZpZGVycy9NaWNyb3NvZnQuU3FsL2xvY2F0aW9ucy9Tb3V0aGVhc3QlMjBBc2lhL2luc3RhbmNlRmFpbG92ZXJHcm91cHMvcHM0NTg4P2FwaS12ZXJzaW9uPTIwMTctMTAtMDEtcHJldmlldw==",
      "RequestMethod": "GET",
      "RequestBody": "",
      "RequestHeaders": {
        "x-ms-client-request-id": [
          "a3cec09e-c603-403e-9840-9eaf91bd987c"
        ],
        "accept-language": [
          "en-US"
        ],
        "User-Agent": [
          "FxVersion/4.7.2563.0",
          "OSName/WindowsServer2012R2Datacenter",
          "OSVersion/6.3.9600",
          "Microsoft.Azure.Management.Sql.SqlManagementClient/1.13.1.0"
        ]
      },
      "ResponseBody": "{\r\n  \"properties\": {\r\n    \"readWriteEndpoint\": {\r\n      \"failoverPolicy\": \"Manual\"\r\n    },\r\n    \"readOnlyEndpoint\": {\r\n      \"failoverPolicy\": \"Disabled\"\r\n    },\r\n    \"replicationRole\": \"Primary\",\r\n    \"replicationState\": \"CATCH_UP\",\r\n    \"partnerRegions\": [\r\n      {\r\n        \"location\": \"Southeast Asia\",\r\n        \"replicationRole\": \"Secondary\"\r\n      }\r\n    ],\r\n    \"managedInstancePairs\": [\r\n      {\r\n        \"primaryManagedInstanceId\": \"/subscriptions/8cfb8b62-bcd6-4713-89ad-18097f75cc5b/resourceGroups/testclrg/providers/Microsoft.Sql/managedInstances/tdstage-haimb-dont-delete-3\",\r\n        \"partnerManagedInstanceId\": \"/subscriptions/8cfb8b62-bcd6-4713-89ad-18097f75cc5b/resourceGroups/testclrg/providers/Microsoft.Sql/managedInstances/threat-detection-test-1\"\r\n      }\r\n    ]\r\n  },\r\n  \"id\": \"/subscriptions/8cfb8b62-bcd6-4713-89ad-18097f75cc5b/resourceGroups/testclrg/providers/Microsoft.Sql/locations/Southeast Asia/instanceFailoverGroups/ps4588\",\r\n  \"name\": \"ps4588\",\r\n  \"type\": \"Microsoft.Sql/locations/instanceFailoverGroups\"\r\n}",
      "ResponseHeaders": {
        "Content-Length": [
          "855"
        ],
        "Content-Type": [
          "application/json; charset=utf-8"
        ],
        "Expires": [
          "-1"
        ],
        "Pragma": [
          "no-cache"
        ],
        "x-ms-request-id": [
          "35b9dee4-cc96-4730-baf0-1c57fd695296"
        ],
        "x-ms-ratelimit-remaining-subscription-reads": [
          "14987"
        ],
        "x-ms-correlation-request-id": [
          "283d1942-250b-446e-aea5-f290589e9c87"
        ],
        "x-ms-routing-request-id": [
          "NORTHEUROPE:20180504T233314Z:283d1942-250b-446e-aea5-f290589e9c87"
        ],
        "Strict-Transport-Security": [
          "max-age=31536000; includeSubDomains"
        ],
        "X-Content-Type-Options": [
          "nosniff"
        ],
        "Cache-Control": [
          "no-cache"
        ],
        "Date": [
          "Fri, 04 May 2018 23:33:13 GMT"
        ],
        "Server": [
          "Microsoft-HTTPAPI/2.0"
        ]
      },
      "StatusCode": 200
    },
    {
      "RequestUri": "/subscriptions/8cfb8b62-bcd6-4713-89ad-18097f75cc5b/resourceGroups/testclrg/providers/Microsoft.Sql/locations/Southeast%20Asia/instanceFailoverGroups/ps4588?api-version=2017-10-01-preview",
      "EncodedRequestUri": "L3N1YnNjcmlwdGlvbnMvOGNmYjhiNjItYmNkNi00NzEzLTg5YWQtMTgwOTdmNzVjYzViL3Jlc291cmNlR3JvdXBzL3Rlc3RjbHJnL3Byb3ZpZGVycy9NaWNyb3NvZnQuU3FsL2xvY2F0aW9ucy9Tb3V0aGVhc3QlMjBBc2lhL2luc3RhbmNlRmFpbG92ZXJHcm91cHMvcHM0NTg4P2FwaS12ZXJzaW9uPTIwMTctMTAtMDEtcHJldmlldw==",
      "RequestMethod": "GET",
      "RequestBody": "",
      "RequestHeaders": {
        "x-ms-client-request-id": [
          "123e55d4-9cf9-4e6c-9aa0-440c124cad1b"
        ],
        "accept-language": [
          "en-US"
        ],
        "User-Agent": [
          "FxVersion/4.7.2563.0",
          "OSName/WindowsServer2012R2Datacenter",
          "OSVersion/6.3.9600",
          "Microsoft.Azure.Management.Sql.SqlManagementClient/1.13.1.0"
        ]
      },
      "ResponseBody": "{\r\n  \"properties\": {\r\n    \"readWriteEndpoint\": {\r\n      \"failoverPolicy\": \"Manual\"\r\n    },\r\n    \"readOnlyEndpoint\": {\r\n      \"failoverPolicy\": \"Disabled\"\r\n    },\r\n    \"replicationRole\": \"Primary\",\r\n    \"replicationState\": \"CATCH_UP\",\r\n    \"partnerRegions\": [\r\n      {\r\n        \"location\": \"Southeast Asia\",\r\n        \"replicationRole\": \"Secondary\"\r\n      }\r\n    ],\r\n    \"managedInstancePairs\": [\r\n      {\r\n        \"primaryManagedInstanceId\": \"/subscriptions/8cfb8b62-bcd6-4713-89ad-18097f75cc5b/resourceGroups/testclrg/providers/Microsoft.Sql/managedInstances/tdstage-haimb-dont-delete-3\",\r\n        \"partnerManagedInstanceId\": \"/subscriptions/8cfb8b62-bcd6-4713-89ad-18097f75cc5b/resourceGroups/testclrg/providers/Microsoft.Sql/managedInstances/threat-detection-test-1\"\r\n      }\r\n    ]\r\n  },\r\n  \"id\": \"/subscriptions/8cfb8b62-bcd6-4713-89ad-18097f75cc5b/resourceGroups/testclrg/providers/Microsoft.Sql/locations/Southeast Asia/instanceFailoverGroups/ps4588\",\r\n  \"name\": \"ps4588\",\r\n  \"type\": \"Microsoft.Sql/locations/instanceFailoverGroups\"\r\n}",
      "ResponseHeaders": {
        "Content-Length": [
          "855"
        ],
        "Content-Type": [
          "application/json; charset=utf-8"
        ],
        "Expires": [
          "-1"
        ],
        "Pragma": [
          "no-cache"
        ],
        "x-ms-request-id": [
          "4202f2b6-3926-4ab0-91ac-38bd34d94242"
        ],
        "x-ms-ratelimit-remaining-subscription-reads": [
          "14986"
        ],
        "x-ms-correlation-request-id": [
          "ddbbdfde-2f67-40db-a062-5157ddc80c3f"
        ],
        "x-ms-routing-request-id": [
          "NORTHEUROPE:20180504T233314Z:ddbbdfde-2f67-40db-a062-5157ddc80c3f"
        ],
        "Strict-Transport-Security": [
          "max-age=31536000; includeSubDomains"
        ],
        "X-Content-Type-Options": [
          "nosniff"
        ],
        "Cache-Control": [
          "no-cache"
        ],
        "Date": [
          "Fri, 04 May 2018 23:33:14 GMT"
        ],
        "Server": [
          "Microsoft-HTTPAPI/2.0"
        ]
      },
      "StatusCode": 200
    },
    {
      "RequestUri": "/subscriptions/8cfb8b62-bcd6-4713-89ad-18097f75cc5b/resourceGroups/testclrg/providers/Microsoft.Sql/locations/Southeast%20Asia/instanceFailoverGroups/ps4588?api-version=2017-10-01-preview",
      "EncodedRequestUri": "L3N1YnNjcmlwdGlvbnMvOGNmYjhiNjItYmNkNi00NzEzLTg5YWQtMTgwOTdmNzVjYzViL3Jlc291cmNlR3JvdXBzL3Rlc3RjbHJnL3Byb3ZpZGVycy9NaWNyb3NvZnQuU3FsL2xvY2F0aW9ucy9Tb3V0aGVhc3QlMjBBc2lhL2luc3RhbmNlRmFpbG92ZXJHcm91cHMvcHM0NTg4P2FwaS12ZXJzaW9uPTIwMTctMTAtMDEtcHJldmlldw==",
      "RequestMethod": "DELETE",
      "RequestBody": "",
      "RequestHeaders": {
        "x-ms-client-request-id": [
          "ff355014-5db0-4a0e-94ee-1dd4631c56b1"
        ],
        "accept-language": [
          "en-US"
        ],
        "User-Agent": [
          "FxVersion/4.7.2563.0",
          "OSName/WindowsServer2012R2Datacenter",
          "OSVersion/6.3.9600",
          "Microsoft.Azure.Management.Sql.SqlManagementClient/1.13.1.0"
        ]
      },
      "ResponseBody": "{\r\n  \"operation\": \"DropManagedFailoverGroup\",\r\n  \"startTime\": \"2018-05-04T23:33:14.97Z\"\r\n}",
      "ResponseHeaders": {
        "Content-Length": [
          "78"
        ],
        "Content-Type": [
          "application/json; charset=utf-8"
        ],
        "Expires": [
          "-1"
        ],
        "Pragma": [
          "no-cache"
        ],
        "Retry-After": [
          "10"
        ],
        "Azure-AsyncOperation": [
          "https://api-dogfood.resources.windows-int.net/subscriptions/8cfb8b62-bcd6-4713-89ad-18097f75cc5b/providers/Microsoft.Sql/locations/southeastasia/instanceFailoverGroupAzureAsyncOperation/6b87c45a-e8a3-46f4-bdd9-014003e29be5?api-version=2017-10-01-preview"
        ],
        "x-ms-request-id": [
          "6b87c45a-e8a3-46f4-bdd9-014003e29be5"
        ],
        "x-ms-ratelimit-remaining-subscription-deletes": [
          "14998"
        ],
        "x-ms-correlation-request-id": [
          "bdadd7c2-a537-488d-83e6-41b7d8e4c512"
        ],
        "x-ms-routing-request-id": [
          "NORTHEUROPE:20180504T233316Z:bdadd7c2-a537-488d-83e6-41b7d8e4c512"
        ],
        "Strict-Transport-Security": [
          "max-age=31536000; includeSubDomains"
        ],
        "X-Content-Type-Options": [
          "nosniff"
        ],
        "Cache-Control": [
          "no-cache"
        ],
        "Date": [
          "Fri, 04 May 2018 23:33:15 GMT"
        ],
        "Location": [
          "https://api-dogfood.resources.windows-int.net/subscriptions/8cfb8b62-bcd6-4713-89ad-18097f75cc5b/providers/Microsoft.Sql/locations/southeastasia/instanceFailoverGroupOperationResults/6b87c45a-e8a3-46f4-bdd9-014003e29be5?api-version=2017-10-01-preview"
        ],
        "Server": [
          "Microsoft-HTTPAPI/2.0"
        ]
      },
      "StatusCode": 202
    },
    {
      "RequestUri": "/subscriptions/8cfb8b62-bcd6-4713-89ad-18097f75cc5b/providers/Microsoft.Sql/locations/southeastasia/instanceFailoverGroupAzureAsyncOperation/6b87c45a-e8a3-46f4-bdd9-014003e29be5?api-version=2017-10-01-preview",
      "EncodedRequestUri": "L3N1YnNjcmlwdGlvbnMvOGNmYjhiNjItYmNkNi00NzEzLTg5YWQtMTgwOTdmNzVjYzViL3Byb3ZpZGVycy9NaWNyb3NvZnQuU3FsL2xvY2F0aW9ucy9zb3V0aGVhc3Rhc2lhL2luc3RhbmNlRmFpbG92ZXJHcm91cEF6dXJlQXN5bmNPcGVyYXRpb24vNmI4N2M0NWEtZThhMy00NmY0LWJkZDktMDE0MDAzZTI5YmU1P2FwaS12ZXJzaW9uPTIwMTctMTAtMDEtcHJldmlldw==",
      "RequestMethod": "GET",
      "RequestBody": "",
      "RequestHeaders": {
        "User-Agent": [
          "FxVersion/4.7.2563.0",
          "OSName/WindowsServer2012R2Datacenter",
          "OSVersion/6.3.9600",
          "Microsoft.Azure.Management.Sql.SqlManagementClient/1.13.1.0"
        ]
      },
      "ResponseBody": "{\r\n  \"name\": \"6b87c45a-e8a3-46f4-bdd9-014003e29be5\",\r\n  \"status\": \"Succeeded\",\r\n  \"startTime\": \"2018-05-04T23:33:14.97Z\"\r\n}",
      "ResponseHeaders": {
        "Content-Length": [
          "106"
        ],
        "Content-Type": [
          "application/json; charset=utf-8"
        ],
        "Expires": [
          "-1"
        ],
        "Pragma": [
          "no-cache"
        ],
        "Retry-After": [
          "10"
        ],
        "x-ms-request-id": [
          "461ae3e3-f11b-45d2-a3c6-f85749ad07b6"
        ],
        "x-ms-ratelimit-remaining-subscription-reads": [
          "14985"
        ],
        "x-ms-correlation-request-id": [
          "748a0b2a-45d3-4933-b7e7-2028560f7b8e"
        ],
        "x-ms-routing-request-id": [
          "NORTHEUROPE:20180504T233326Z:748a0b2a-45d3-4933-b7e7-2028560f7b8e"
        ],
        "Strict-Transport-Security": [
          "max-age=31536000; includeSubDomains"
        ],
        "X-Content-Type-Options": [
          "nosniff"
        ],
        "Cache-Control": [
          "no-cache"
        ],
        "Date": [
          "Fri, 04 May 2018 23:33:26 GMT"
        ],
        "Server": [
          "Microsoft-HTTPAPI/2.0"
        ]
      },
      "StatusCode": 200
    },
    {
      "RequestUri": "/subscriptions/8cfb8b62-bcd6-4713-89ad-18097f75cc5b/providers/Microsoft.Sql/locations/southeastasia/instanceFailoverGroupOperationResults/6b87c45a-e8a3-46f4-bdd9-014003e29be5?api-version=2017-10-01-preview",
      "EncodedRequestUri": "L3N1YnNjcmlwdGlvbnMvOGNmYjhiNjItYmNkNi00NzEzLTg5YWQtMTgwOTdmNzVjYzViL3Byb3ZpZGVycy9NaWNyb3NvZnQuU3FsL2xvY2F0aW9ucy9zb3V0aGVhc3Rhc2lhL2luc3RhbmNlRmFpbG92ZXJHcm91cE9wZXJhdGlvblJlc3VsdHMvNmI4N2M0NWEtZThhMy00NmY0LWJkZDktMDE0MDAzZTI5YmU1P2FwaS12ZXJzaW9uPTIwMTctMTAtMDEtcHJldmlldw==",
      "RequestMethod": "GET",
      "RequestBody": "",
      "RequestHeaders": {
        "User-Agent": [
          "FxVersion/4.7.2563.0",
          "OSName/WindowsServer2012R2Datacenter",
          "OSVersion/6.3.9600",
          "Microsoft.Azure.Management.Sql.SqlManagementClient/1.13.1.0"
        ]
      },
      "ResponseBody": "",
      "ResponseHeaders": {
        "Content-Length": [
          "0"
        ],
        "Expires": [
          "-1"
        ],
        "Pragma": [
          "no-cache"
        ],
        "x-ms-request-id": [
          "96e884a7-1a48-4ec3-a007-f9d401c5094c"
        ],
        "x-ms-ratelimit-remaining-subscription-reads": [
          "14984"
        ],
        "x-ms-correlation-request-id": [
          "2cb18944-5ab7-41b9-a7f5-b7a8a13a84d9"
        ],
        "x-ms-routing-request-id": [
          "NORTHEUROPE:20180504T233326Z:2cb18944-5ab7-41b9-a7f5-b7a8a13a84d9"
        ],
        "Strict-Transport-Security": [
          "max-age=31536000; includeSubDomains"
        ],
        "X-Content-Type-Options": [
          "nosniff"
        ],
        "Cache-Control": [
          "no-cache"
        ],
        "Date": [
          "Fri, 04 May 2018 23:33:26 GMT"
        ],
        "Server": [
          "Microsoft-HTTPAPI/2.0"
        ]
      },
      "StatusCode": 200
    }
  ],
  "Names": {
    "Test-CreateInstanceFailoverGroup-ManualPolicy": [
      "ps4588"
    ]
  },
  "Variables": {
    "SubscriptionId": "8cfb8b62-bcd6-4713-89ad-18097f75cc5b",
    "User": null,
    "TenantId": null
  }
}