{
  "Entries": [
    {
      "RequestUri": "/subscriptions/5b4b650e-28b9-4790-b3ab-ddbd88d727c4/resourcegroups/RGName-ps9733?api-version=2016-09-01",
      "EncodedRequestUri": "L3N1YnNjcmlwdGlvbnMvNWI0YjY1MGUtMjhiOS00NzkwLWIzYWItZGRiZDg4ZDcyN2M0L3Jlc291cmNlZ3JvdXBzL1JHTmFtZS1wczk3MzM/YXBpLXZlcnNpb249MjAxNi0wOS0wMQ==",
      "RequestMethod": "PUT",
      "RequestBody": "{\r\n  \"location\": \"centraluseuap\"\r\n}",
      "RequestHeaders": {
        "x-ms-client-request-id": [
          "fff1c7a4-16a2-4023-af8c-56c9cab9137e"
        ],
        "Accept-Language": [
          "en-US"
        ],
        "User-Agent": [
          "FxVersion/4.6.27617.04",
          "OSName/Windows",
          "OSVersion/Microsoft.Windows.10.0.17763.",
          "Microsoft.Azure.Management.Internal.Resources.ResourceManagementClient/1.2.0"
        ],
        "Content-Type": [
          "application/json; charset=utf-8"
        ],
        "Content-Length": [
          "35"
        ]
      },
      "ResponseHeaders": {
        "Cache-Control": [
          "no-cache"
        ],
        "Pragma": [
          "no-cache"
        ],
        "x-ms-ratelimit-remaining-subscription-writes": [
          "1198"
        ],
        "x-ms-request-id": [
          "82b24c7e-9d52-48c2-9dbc-a0875ce8f6ac"
        ],
        "x-ms-correlation-request-id": [
          "82b24c7e-9d52-48c2-9dbc-a0875ce8f6ac"
        ],
        "x-ms-routing-request-id": [
          "WESTUS2:20190523T054950Z:82b24c7e-9d52-48c2-9dbc-a0875ce8f6ac"
        ],
        "Strict-Transport-Security": [
          "max-age=31536000; includeSubDomains"
        ],
        "X-Content-Type-Options": [
          "nosniff"
        ],
        "Date": [
          "Thu, 23 May 2019 05:49:49 GMT"
        ],
        "Content-Length": [
          "186"
        ],
        "Content-Type": [
          "application/json; charset=utf-8"
        ],
        "Expires": [
          "-1"
        ]
      },
      "ResponseBody": "{\r\n  \"id\": \"/subscriptions/5b4b650e-28b9-4790-b3ab-ddbd88d727c4/resourceGroups/RGName-ps9733\",\r\n  \"name\": \"RGName-ps9733\",\r\n  \"location\": \"centraluseuap\",\r\n  \"properties\": {\r\n    \"provisioningState\": \"Succeeded\"\r\n  }\r\n}",
      "StatusCode": 201
    },
    {
      "RequestUri": "/subscriptions/5b4b650e-28b9-4790-b3ab-ddbd88d727c4/resourcegroups/RGName-ps9733?api-version=2016-09-01",
      "EncodedRequestUri": "L3N1YnNjcmlwdGlvbnMvNWI0YjY1MGUtMjhiOS00NzkwLWIzYWItZGRiZDg4ZDcyN2M0L3Jlc291cmNlZ3JvdXBzL1JHTmFtZS1wczk3MzM/YXBpLXZlcnNpb249MjAxNi0wOS0wMQ==",
      "RequestMethod": "DELETE",
      "RequestBody": "",
      "RequestHeaders": {
        "x-ms-client-request-id": [
          "8ef1b78e-94b8-4970-874b-4483d65c2b39"
        ],
        "Accept-Language": [
          "en-US"
        ],
        "User-Agent": [
          "FxVersion/4.6.27617.04",
          "OSName/Windows",
          "OSVersion/Microsoft.Windows.10.0.17763.",
          "Microsoft.Azure.Management.Internal.Resources.ResourceManagementClient/1.2.0"
        ]
      },
      "ResponseHeaders": {
        "Cache-Control": [
          "no-cache"
        ],
        "Pragma": [
          "no-cache"
        ],
        "Location": [
          "https://management.azure.com/subscriptions/5b4b650e-28b9-4790-b3ab-ddbd88d727c4/operationresults/eyJqb2JJZCI6IlJFU09VUkNFR1JPVVBERUxFVElPTkpPQi1SR05BTUU6MkRQUzk3MzMtQ0VOVFJBTFVTRVVBUCIsImpvYkxvY2F0aW9uIjoiY2VudHJhbHVzZXVhcCJ9?api-version=2016-09-01"
        ],
        "Retry-After": [
          "15"
        ],
        "x-ms-ratelimit-remaining-subscription-deletes": [
          "14998"
        ],
        "x-ms-request-id": [
          "94d6ae9a-d694-4f10-997e-430f20d47226"
        ],
        "x-ms-correlation-request-id": [
          "94d6ae9a-d694-4f10-997e-430f20d47226"
        ],
        "x-ms-routing-request-id": [
          "WESTUS2:20190523T054951Z:94d6ae9a-d694-4f10-997e-430f20d47226"
        ],
        "Strict-Transport-Security": [
          "max-age=31536000; includeSubDomains"
        ],
        "X-Content-Type-Options": [
          "nosniff"
        ],
        "Date": [
          "Thu, 23 May 2019 05:49:50 GMT"
        ],
        "Expires": [
          "-1"
        ],
        "Content-Length": [
          "0"
        ]
      },
      "ResponseBody": "",
      "StatusCode": 202
    },
    {
      "RequestUri": "/subscriptions/5b4b650e-28b9-4790-b3ab-ddbd88d727c4/operationresults/eyJqb2JJZCI6IlJFU09VUkNFR1JPVVBERUxFVElPTkpPQi1SR05BTUU6MkRQUzk3MzMtQ0VOVFJBTFVTRVVBUCIsImpvYkxvY2F0aW9uIjoiY2VudHJhbHVzZXVhcCJ9?api-version=2016-09-01",
      "EncodedRequestUri": "L3N1YnNjcmlwdGlvbnMvNWI0YjY1MGUtMjhiOS00NzkwLWIzYWItZGRiZDg4ZDcyN2M0L29wZXJhdGlvbnJlc3VsdHMvZXlKcWIySkpaQ0k2SWxKRlUwOVZVa05GUjFKUFZWQkVSVXhGVkVsUFRrcFBRaTFTUjA1QlRVVTZNa1JRVXprM016TXRRMFZPVkZKQlRGVlRSVlZCVUNJc0ltcHZZa3h2WTJGMGFXOXVJam9pWTJWdWRISmhiSFZ6WlhWaGNDSjk/YXBpLXZlcnNpb249MjAxNi0wOS0wMQ==",
      "RequestMethod": "GET",
      "RequestBody": "",
      "RequestHeaders": {
        "User-Agent": [
          "FxVersion/4.6.27617.04",
          "OSName/Windows",
          "OSVersion/Microsoft.Windows.10.0.17763.",
          "Microsoft.Azure.Management.Internal.Resources.ResourceManagementClient/1.2.0"
        ]
      },
      "ResponseHeaders": {
        "Cache-Control": [
          "no-cache"
        ],
        "Pragma": [
          "no-cache"
        ],
        "Location": [
          "https://management.azure.com/subscriptions/5b4b650e-28b9-4790-b3ab-ddbd88d727c4/operationresults/eyJqb2JJZCI6IlJFU09VUkNFR1JPVVBERUxFVElPTkpPQi1SR05BTUU6MkRQUzk3MzMtQ0VOVFJBTFVTRVVBUCIsImpvYkxvY2F0aW9uIjoiY2VudHJhbHVzZXVhcCJ9?api-version=2016-09-01"
        ],
        "Retry-After": [
          "15"
        ],
        "x-ms-ratelimit-remaining-subscription-reads": [
          "11998"
        ],
        "x-ms-request-id": [
          "ae778fe6-b76f-43bb-b3c1-ee56d6de3137"
        ],
        "x-ms-correlation-request-id": [
          "ae778fe6-b76f-43bb-b3c1-ee56d6de3137"
        ],
        "x-ms-routing-request-id": [
          "WESTUS2:20190523T055006Z:ae778fe6-b76f-43bb-b3c1-ee56d6de3137"
        ],
        "Strict-Transport-Security": [
          "max-age=31536000; includeSubDomains"
        ],
        "X-Content-Type-Options": [
          "nosniff"
        ],
        "Date": [
          "Thu, 23 May 2019 05:50:05 GMT"
        ],
        "Expires": [
          "-1"
        ],
        "Content-Length": [
          "0"
        ]
      },
      "ResponseBody": "",
      "StatusCode": 202
    },
    {
      "RequestUri": "/subscriptions/5b4b650e-28b9-4790-b3ab-ddbd88d727c4/operationresults/eyJqb2JJZCI6IlJFU09VUkNFR1JPVVBERUxFVElPTkpPQi1SR05BTUU6MkRQUzk3MzMtQ0VOVFJBTFVTRVVBUCIsImpvYkxvY2F0aW9uIjoiY2VudHJhbHVzZXVhcCJ9?api-version=2016-09-01",
      "EncodedRequestUri": "L3N1YnNjcmlwdGlvbnMvNWI0YjY1MGUtMjhiOS00NzkwLWIzYWItZGRiZDg4ZDcyN2M0L29wZXJhdGlvbnJlc3VsdHMvZXlKcWIySkpaQ0k2SWxKRlUwOVZVa05GUjFKUFZWQkVSVXhGVkVsUFRrcFBRaTFTUjA1QlRVVTZNa1JRVXprM016TXRRMFZPVkZKQlRGVlRSVlZCVUNJc0ltcHZZa3h2WTJGMGFXOXVJam9pWTJWdWRISmhiSFZ6WlhWaGNDSjk/YXBpLXZlcnNpb249MjAxNi0wOS0wMQ==",
      "RequestMethod": "GET",
      "RequestBody": "",
      "RequestHeaders": {
        "User-Agent": [
          "FxVersion/4.6.27617.04",
          "OSName/Windows",
          "OSVersion/Microsoft.Windows.10.0.17763.",
          "Microsoft.Azure.Management.Internal.Resources.ResourceManagementClient/1.2.0"
        ]
      },
      "ResponseHeaders": {
        "Cache-Control": [
          "no-cache"
        ],
        "Pragma": [
          "no-cache"
        ],
        "Location": [
          "https://management.azure.com/subscriptions/5b4b650e-28b9-4790-b3ab-ddbd88d727c4/operationresults/eyJqb2JJZCI6IlJFU09VUkNFR1JPVVBERUxFVElPTkpPQi1SR05BTUU6MkRQUzk3MzMtQ0VOVFJBTFVTRVVBUCIsImpvYkxvY2F0aW9uIjoiY2VudHJhbHVzZXVhcCJ9?api-version=2016-09-01"
        ],
        "Retry-After": [
          "15"
        ],
        "x-ms-ratelimit-remaining-subscription-reads": [
          "11996"
        ],
        "x-ms-request-id": [
          "89481d8f-932e-45e4-9f9d-6939a24cd9ff"
        ],
        "x-ms-correlation-request-id": [
          "89481d8f-932e-45e4-9f9d-6939a24cd9ff"
        ],
        "x-ms-routing-request-id": [
          "WESTUS2:20190523T055021Z:89481d8f-932e-45e4-9f9d-6939a24cd9ff"
        ],
        "Strict-Transport-Security": [
          "max-age=31536000; includeSubDomains"
        ],
        "X-Content-Type-Options": [
          "nosniff"
        ],
        "Date": [
          "Thu, 23 May 2019 05:50:21 GMT"
        ],
        "Expires": [
          "-1"
        ],
        "Content-Length": [
          "0"
        ]
      },
      "ResponseBody": "",
      "StatusCode": 202
    },
    {
      "RequestUri": "/subscriptions/5b4b650e-28b9-4790-b3ab-ddbd88d727c4/operationresults/eyJqb2JJZCI6IlJFU09VUkNFR1JPVVBERUxFVElPTkpPQi1SR05BTUU6MkRQUzk3MzMtQ0VOVFJBTFVTRVVBUCIsImpvYkxvY2F0aW9uIjoiY2VudHJhbHVzZXVhcCJ9?api-version=2016-09-01",
      "EncodedRequestUri": "L3N1YnNjcmlwdGlvbnMvNWI0YjY1MGUtMjhiOS00NzkwLWIzYWItZGRiZDg4ZDcyN2M0L29wZXJhdGlvbnJlc3VsdHMvZXlKcWIySkpaQ0k2SWxKRlUwOVZVa05GUjFKUFZWQkVSVXhGVkVsUFRrcFBRaTFTUjA1QlRVVTZNa1JRVXprM016TXRRMFZPVkZKQlRGVlRSVlZCVUNJc0ltcHZZa3h2WTJGMGFXOXVJam9pWTJWdWRISmhiSFZ6WlhWaGNDSjk/YXBpLXZlcnNpb249MjAxNi0wOS0wMQ==",
      "RequestMethod": "GET",
      "RequestBody": "",
      "RequestHeaders": {
        "User-Agent": [
          "FxVersion/4.6.27617.04",
          "OSName/Windows",
          "OSVersion/Microsoft.Windows.10.0.17763.",
          "Microsoft.Azure.Management.Internal.Resources.ResourceManagementClient/1.2.0"
        ]
      },
      "ResponseHeaders": {
        "Cache-Control": [
          "no-cache"
        ],
        "Pragma": [
          "no-cache"
        ],
        "x-ms-ratelimit-remaining-subscription-reads": [
          "11995"
        ],
        "x-ms-request-id": [
          "2b9f3d4a-d44b-417d-bcf0-e7b051f75302"
        ],
        "x-ms-correlation-request-id": [
          "2b9f3d4a-d44b-417d-bcf0-e7b051f75302"
        ],
        "x-ms-routing-request-id": [
          "WESTUS2:20190523T055036Z:2b9f3d4a-d44b-417d-bcf0-e7b051f75302"
        ],
        "Strict-Transport-Security": [
          "max-age=31536000; includeSubDomains"
        ],
        "X-Content-Type-Options": [
          "nosniff"
        ],
        "Date": [
          "Thu, 23 May 2019 05:50:36 GMT"
        ],
        "Expires": [
          "-1"
        ],
        "Content-Length": [
          "0"
        ]
      },
      "ResponseBody": "",
      "StatusCode": 200
    },
    {
      "RequestUri": "/subscriptions/5b4b650e-28b9-4790-b3ab-ddbd88d727c4/operationresults/eyJqb2JJZCI6IlJFU09VUkNFR1JPVVBERUxFVElPTkpPQi1SR05BTUU6MkRQUzk3MzMtQ0VOVFJBTFVTRVVBUCIsImpvYkxvY2F0aW9uIjoiY2VudHJhbHVzZXVhcCJ9?api-version=2016-09-01",
      "EncodedRequestUri": "L3N1YnNjcmlwdGlvbnMvNWI0YjY1MGUtMjhiOS00NzkwLWIzYWItZGRiZDg4ZDcyN2M0L29wZXJhdGlvbnJlc3VsdHMvZXlKcWIySkpaQ0k2SWxKRlUwOVZVa05GUjFKUFZWQkVSVXhGVkVsUFRrcFBRaTFTUjA1QlRVVTZNa1JRVXprM016TXRRMFZPVkZKQlRGVlRSVlZCVUNJc0ltcHZZa3h2WTJGMGFXOXVJam9pWTJWdWRISmhiSFZ6WlhWaGNDSjk/YXBpLXZlcnNpb249MjAxNi0wOS0wMQ==",
      "RequestMethod": "GET",
      "RequestBody": "",
      "RequestHeaders": {
        "User-Agent": [
          "FxVersion/4.6.27617.04",
          "OSName/Windows",
          "OSVersion/Microsoft.Windows.10.0.17763.",
          "Microsoft.Azure.Management.Internal.Resources.ResourceManagementClient/1.2.0"
        ]
      },
      "ResponseHeaders": {
        "Cache-Control": [
          "no-cache"
        ],
        "Pragma": [
          "no-cache"
        ],
        "x-ms-ratelimit-remaining-subscription-reads": [
          "11994"
        ],
        "x-ms-request-id": [
          "c257bc20-c220-4f2e-9b42-2e6e750cd1cd"
        ],
        "x-ms-correlation-request-id": [
          "c257bc20-c220-4f2e-9b42-2e6e750cd1cd"
        ],
        "x-ms-routing-request-id": [
          "WESTUS2:20190523T055037Z:c257bc20-c220-4f2e-9b42-2e6e750cd1cd"
        ],
        "Strict-Transport-Security": [
          "max-age=31536000; includeSubDomains"
        ],
        "X-Content-Type-Options": [
          "nosniff"
        ],
        "Date": [
          "Thu, 23 May 2019 05:50:36 GMT"
        ],
        "Expires": [
          "-1"
        ],
        "Content-Length": [
          "0"
        ]
      },
      "ResponseBody": "",
      "StatusCode": 200
    }
  ],
  "Names": {
    "": [
      "ps4259",
      "ps5688",
      "ps3684",
      "ps3642",
      "ps8366",
      "ps1788",
      "ps9733"
    ]
  },
  "Variables": {
    "SubscriptionId": "5b4b650e-28b9-4790-b3ab-ddbd88d727c4"
  }
}