{
  "Entries": [
    {
      "RequestUri": "/subscriptions/47f4bc68-6fe4-43a2-be8b-dfd0e290efa2/providers/Microsoft.Resources?api-version=2016-09-01",
      "EncodedRequestUri": "L3N1YnNjcmlwdGlvbnMvNDdmNGJjNjgtNmZlNC00M2EyLWJlOGItZGZkMGUyOTBlZmEyL3Byb3ZpZGVycy9NaWNyb3NvZnQuUmVzb3VyY2VzP2FwaS12ZXJzaW9uPTIwMTYtMDktMDE=",
      "RequestMethod": "GET",
      "RequestBody": "",
      "RequestHeaders": {
        "x-ms-client-request-id": [
          "1fe2cd45-719a-400b-ab62-f11d07d474cd"
        ],
        "Accept-Language": [
          "en-US"
        ],
        "User-Agent": [
          "FxVersion/4.6.27414.06",
          "OSName/Windows",
          "OSVersion/Microsoft.Windows.10.0.14393.",
          "Microsoft.Azure.Management.Internal.Resources.ResourceManagementClient/1.2.1"
        ]
      },
      "ResponseHeaders": {
        "Cache-Control": [
          "no-cache"
        ],
        "Pragma": [
          "no-cache"
        ],
        "x-ms-ratelimit-remaining-subscription-reads": [
          "11997"
        ],
        "x-ms-request-id": [
          "764e45e3-02f0-4bea-ac6e-6bc57f23de7a"
        ],
        "x-ms-correlation-request-id": [
          "764e45e3-02f0-4bea-ac6e-6bc57f23de7a"
        ],
        "x-ms-routing-request-id": [
          "WESTCENTRALUS:20190610T220537Z:764e45e3-02f0-4bea-ac6e-6bc57f23de7a"
        ],
        "Strict-Transport-Security": [
          "max-age=31536000; includeSubDomains"
        ],
        "X-Content-Type-Options": [
          "nosniff"
        ],
        "Date": [
          "Mon, 10 Jun 2019 22:05:37 GMT"
        ],
        "Content-Type": [
          "application/json; charset=utf-8"
        ],
        "Expires": [
          "-1"
        ],
        "Content-Length": [
          "8750"
        ]
      },
      "ResponseBody": "{\r\n  \"id\": \"/subscriptions/47f4bc68-6fe4-43a2-be8b-dfd0e290efa2/providers/Microsoft.Resources\",\r\n  \"namespace\": \"Microsoft.Resources\",\r\n  \"resourceTypes\": [\r\n    {\r\n      \"resourceType\": \"tenants\",\r\n      \"locations\": [],\r\n      \"apiVersions\": [\r\n        \"2019-05-01\",\r\n        \"2019-04-01\",\r\n        \"2019-03-01\",\r\n        \"2018-11-01\",\r\n        \"2018-09-01\",\r\n        \"2018-08-01\",\r\n        \"2018-07-01\",\r\n        \"2018-05-01\",\r\n        \"2018-02-01\",\r\n        \"2018-01-01\",\r\n        \"2017-08-01\",\r\n        \"2017-06-01\",\r\n        \"2017-05-10\",\r\n        \"2017-05-01\",\r\n        \"2017-03-01\",\r\n        \"2016-09-01\",\r\n        \"2016-07-01\",\r\n        \"2016-06-01\",\r\n        \"2016-02-01\",\r\n        \"2015-11-01\",\r\n        \"2015-01-01\",\r\n        \"2014-04-01-preview\"\r\n      ]\r\n    },\r\n    {\r\n      \"resourceType\": \"locations\",\r\n      \"locations\": [],\r\n      \"apiVersions\": [\r\n        \"2019-05-01\",\r\n        \"2019-04-01\",\r\n        \"2019-03-01\",\r\n        \"2018-11-01\",\r\n        \"2018-09-01\",\r\n        \"2018-08-01\",\r\n        \"2018-07-01\",\r\n        \"2018-05-01\",\r\n        \"2018-02-01\",\r\n        \"2018-01-01\",\r\n        \"2017-08-01\",\r\n        \"2017-06-01\",\r\n        \"2017-05-10\",\r\n        \"2017-05-01\",\r\n        \"2017-03-01\",\r\n        \"2016-09-01\",\r\n        \"2016-07-01\",\r\n        \"2016-06-01\",\r\n        \"2016-02-01\",\r\n        \"2015-11-01\",\r\n        \"2015-01-01\",\r\n        \"2014-04-01-preview\"\r\n      ]\r\n    },\r\n    {\r\n      \"resourceType\": \"operationresults\",\r\n      \"locations\": [],\r\n      \"apiVersions\": [\r\n        \"2019-05-01\",\r\n        \"2019-04-01\",\r\n        \"2019-03-01\",\r\n        \"2018-11-01\",\r\n        \"2018-09-01\",\r\n        \"2018-08-01\",\r\n        \"2018-07-01\",\r\n        \"2018-05-01\",\r\n        \"2018-02-01\",\r\n        \"2018-01-01\",\r\n        \"2017-08-01\",\r\n        \"2017-06-01\",\r\n        \"2017-05-10\",\r\n        \"2017-05-01\",\r\n        \"2017-03-01\",\r\n        \"2016-09-01\",\r\n        \"2016-07-01\",\r\n        \"2016-06-01\",\r\n        \"2016-02-01\",\r\n        \"2015-11-01\",\r\n        \"2015-01-01\",\r\n        \"2014-04-01-preview\"\r\n      ]\r\n    },\r\n    {\r\n      \"resourceType\": \"notifyResourceJobs\",\r\n      \"locations\": [],\r\n      \"apiVersions\": [\r\n        \"2019-05-01\",\r\n        \"2019-04-01\",\r\n        \"2019-03-01\",\r\n        \"2018-11-01\",\r\n        \"2018-09-01\",\r\n        \"2018-08-01\",\r\n        \"2018-07-01\",\r\n        \"2018-05-01\",\r\n        \"2018-02-01\"\r\n      ]\r\n    },\r\n    {\r\n      \"resourceType\": \"tags\",\r\n      \"locations\": [],\r\n      \"apiVersions\": [\r\n        \"2019-05-01\",\r\n        \"2019-04-01\",\r\n        \"2019-03-01\",\r\n        \"2018-11-01\"\r\n      ]\r\n    },\r\n    {\r\n      \"resourceType\": \"checkPolicyCompliance\",\r\n      \"locations\": [],\r\n      \"apiVersions\": [\r\n        \"2019-05-01\",\r\n        \"2019-04-01\",\r\n        \"2019-03-01\",\r\n        \"2018-11-01\",\r\n        \"2018-09-01\",\r\n        \"2018-08-01\",\r\n        \"2018-07-01\",\r\n        \"2018-05-01\",\r\n        \"2018-02-01\",\r\n        \"2018-01-01\",\r\n        \"2017-08-01\",\r\n        \"2017-06-01\",\r\n        \"2017-05-10\",\r\n        \"2017-05-01\",\r\n        \"2017-03-01\",\r\n        \"2016-09-01\",\r\n        \"2016-07-01\",\r\n        \"2016-06-01\",\r\n        \"2016-02-01\",\r\n        \"2015-11-01\",\r\n        \"2015-01-01\",\r\n        \"2014-04-01-preview\"\r\n      ]\r\n    },\r\n    {\r\n      \"resourceType\": \"providers\",\r\n      \"locations\": [],\r\n      \"apiVersions\": [\r\n        \"2019-05-01\",\r\n        \"2019-04-01\",\r\n        \"2019-03-01\",\r\n        \"2018-11-01\",\r\n        \"2018-09-01\",\r\n        \"2018-08-01\",\r\n        \"2018-07-01\",\r\n        \"2018-05-01\",\r\n        \"2018-02-01\",\r\n        \"2018-01-01\",\r\n        \"2017-08-01\",\r\n        \"2017-06-01\",\r\n        \"2017-05-10\",\r\n        \"2017-05-01\",\r\n        \"2017-03-01\",\r\n        \"2016-09-01\",\r\n        \"2016-07-01\",\r\n        \"2016-06-01\",\r\n        \"2016-02-01\",\r\n        \"2015-11-01\",\r\n        \"2015-01-01\",\r\n        \"2014-04-01-preview\"\r\n      ]\r\n    },\r\n    {\r\n      \"resourceType\": \"checkresourcename\",\r\n      \"locations\": [],\r\n      \"apiVersions\": [\r\n        \"2019-05-01\",\r\n        \"2019-04-01\",\r\n        \"2019-03-01\",\r\n        \"2018-11-01\",\r\n        \"2018-09-01\",\r\n        \"2018-08-01\",\r\n        \"2018-07-01\",\r\n        \"2018-05-01\",\r\n        \"2018-02-01\",\r\n        \"2018-01-01\",\r\n        \"2017-08-01\",\r\n        \"2017-06-01\",\r\n        \"2017-05-10\",\r\n        \"2017-05-01\",\r\n        \"2017-03-01\",\r\n        \"2016-09-01\",\r\n        \"2016-07-01\",\r\n        \"2016-06-01\",\r\n        \"2016-02-01\",\r\n        \"2015-11-01\",\r\n        \"2015-01-01\",\r\n        \"2014-04-01-preview\"\r\n      ]\r\n    },\r\n    {\r\n      \"resourceType\": \"resources\",\r\n      \"locations\": [],\r\n      \"apiVersions\": [\r\n        \"2019-05-01\",\r\n        \"2019-04-01\",\r\n        \"2019-03-01\",\r\n        \"2018-11-01\",\r\n        \"2018-09-01\",\r\n        \"2018-08-01\",\r\n        \"2018-07-01\",\r\n        \"2018-05-01\",\r\n        \"2018-02-01\",\r\n        \"2018-01-01\",\r\n        \"2017-08-01\",\r\n        \"2017-06-01\",\r\n        \"2017-05-10\",\r\n        \"2017-05-01\",\r\n        \"2017-03-01\",\r\n        \"2016-09-01\",\r\n        \"2016-07-01\",\r\n        \"2016-06-01\",\r\n        \"2016-02-01\",\r\n        \"2015-11-01\",\r\n        \"2015-01-01\",\r\n        \"2014-04-01-preview\"\r\n      ]\r\n    },\r\n    {\r\n      \"resourceType\": \"subscriptions\",\r\n      \"locations\": [],\r\n      \"apiVersions\": [\r\n        \"2019-05-01\",\r\n        \"2019-04-01\",\r\n        \"2019-03-01\",\r\n        \"2018-11-01\",\r\n        \"2018-09-01\",\r\n        \"2018-08-01\",\r\n        \"2018-07-01\",\r\n        \"2018-05-01\",\r\n        \"2018-02-01\",\r\n        \"2018-01-01\",\r\n        \"2017-08-01\",\r\n        \"2017-06-01\",\r\n        \"2017-05-10\",\r\n        \"2017-05-01\",\r\n        \"2017-03-01\",\r\n        \"2016-09-01\",\r\n        \"2016-07-01\",\r\n        \"2016-06-01\",\r\n        \"2016-02-01\",\r\n        \"2015-11-01\",\r\n        \"2015-01-01\",\r\n        \"2014-04-01-preview\"\r\n      ]\r\n    },\r\n    {\r\n      \"resourceType\": \"subscriptions/resources\",\r\n      \"locations\": [],\r\n      \"apiVersions\": [\r\n        \"2019-05-01\",\r\n        \"2019-04-01\",\r\n        \"2019-03-01\",\r\n        \"2018-11-01\",\r\n        \"2018-09-01\",\r\n        \"2018-08-01\",\r\n        \"2018-07-01\",\r\n        \"2018-05-01\",\r\n        \"2018-02-01\",\r\n        \"2018-01-01\",\r\n        \"2017-08-01\",\r\n        \"2017-06-01\",\r\n        \"2017-05-10\",\r\n        \"2017-05-01\",\r\n        \"2017-03-01\",\r\n        \"2016-09-01\",\r\n        \"2016-07-01\",\r\n        \"2016-06-01\",\r\n        \"2016-02-01\",\r\n        \"2015-11-01\",\r\n        \"2015-01-01\",\r\n        \"2014-04-01-preview\"\r\n      ]\r\n    },\r\n    {\r\n      \"resourceType\": \"subscriptions/providers\",\r\n      \"locations\": [],\r\n      \"apiVersions\": [\r\n        \"2019-05-01\",\r\n        \"2019-04-01\",\r\n        \"2019-03-01\",\r\n        \"2018-11-01\",\r\n        \"2018-09-01\",\r\n        \"2018-08-01\",\r\n        \"2018-07-01\",\r\n        \"2018-05-01\",\r\n        \"2018-02-01\",\r\n        \"2018-01-01\",\r\n        \"2017-08-01\",\r\n        \"2017-06-01\",\r\n        \"2017-05-10\",\r\n        \"2017-05-01\",\r\n        \"2017-03-01\",\r\n        \"2016-09-01\",\r\n        \"2016-07-01\",\r\n        \"2016-06-01\",\r\n        \"2016-02-01\",\r\n        \"2015-11-01\",\r\n        \"2015-01-01\",\r\n        \"2014-04-01-preview\"\r\n      ]\r\n    },\r\n    {\r\n      \"resourceType\": \"subscriptions/operationresults\",\r\n      \"locations\": [],\r\n      \"apiVersions\": [\r\n        \"2019-05-01\",\r\n        \"2019-04-01\",\r\n        \"2019-03-01\",\r\n        \"2018-11-01\",\r\n        \"2018-09-01\",\r\n        \"2018-08-01\",\r\n        \"2018-07-01\",\r\n        \"2018-05-01\",\r\n        \"2018-02-01\",\r\n        \"2018-01-01\",\r\n        \"2017-08-01\",\r\n        \"2017-06-01\",\r\n        \"2017-05-10\",\r\n        \"2017-05-01\",\r\n        \"2017-03-01\",\r\n        \"2016-09-01\",\r\n        \"2016-07-01\",\r\n        \"2016-06-01\",\r\n        \"2016-02-01\",\r\n        \"2015-11-01\",\r\n        \"2015-01-01\",\r\n        \"2014-04-01-preview\"\r\n      ]\r\n    },\r\n    {\r\n      \"resourceType\": \"resourceGroups\",\r\n      \"locations\": [\r\n        \"Central US\",\r\n        \"East Asia\",\r\n        \"Southeast Asia\",\r\n        \"East US\",\r\n        \"East US 2\",\r\n        \"West US\",\r\n        \"West US 2\",\r\n        \"North Central US\",\r\n        \"South Central US\",\r\n        \"West Central US\",\r\n        \"North Europe\",\r\n        \"West Europe\",\r\n        \"Japan East\",\r\n        \"Japan West\",\r\n        \"Brazil South\",\r\n        \"Australia Southeast\",\r\n        \"Australia East\",\r\n        \"West India\",\r\n        \"South India\",\r\n        \"Central India\",\r\n        \"Canada Central\",\r\n        \"Canada East\",\r\n        \"UK South\",\r\n        \"UK West\",\r\n        \"Korea Central\",\r\n        \"Korea South\",\r\n        \"France Central\",\r\n        \"South Africa West\",\r\n        \"South Africa North\",\r\n        \"East US 2 EUAP\",\r\n        \"Central US EUAP\"\r\n      ],\r\n      \"apiVersions\": [\r\n        \"2019-05-01\",\r\n        \"2019-04-01\",\r\n        \"2019-03-01\",\r\n        \"2018-11-01\",\r\n        \"2018-09-01\",\r\n        \"2018-08-01\",\r\n        \"2018-07-01\",\r\n        \"2018-05-01\",\r\n        \"2018-02-01\",\r\n        \"2018-01-01\",\r\n        \"2017-08-01\",\r\n        \"2017-06-01\",\r\n        \"2017-05-10\",\r\n        \"2017-05-01\",\r\n        \"2017-03-01\",\r\n        \"2016-09-01\",\r\n        \"2016-07-01\",\r\n        \"2016-06-01\",\r\n        \"2016-02-01\",\r\n        \"2015-11-01\",\r\n        \"2015-01-01\",\r\n        \"2014-04-01-preview\"\r\n      ]\r\n    },\r\n    {\r\n      \"resourceType\": \"subscriptions/resourceGroups\",\r\n      \"locations\": [\r\n        \"Central US\",\r\n        \"East Asia\",\r\n        \"Southeast Asia\",\r\n        \"East US\",\r\n        \"East US 2\",\r\n        \"West US\",\r\n        \"West US 2\",\r\n        \"North Central US\",\r\n        \"South Central US\",\r\n        \"West Central US\",\r\n        \"North Europe\",\r\n        \"West Europe\",\r\n        \"Japan East\",\r\n        \"Japan West\",\r\n        \"Brazil South\",\r\n        \"Australia Southeast\",\r\n        \"Australia East\",\r\n        \"West India\",\r\n        \"South India\",\r\n        \"Central India\",\r\n        \"Canada Central\",\r\n        \"Canada East\",\r\n        \"UK South\",\r\n        \"UK West\",\r\n        \"Korea Central\",\r\n        \"Korea South\",\r\n        \"France Central\",\r\n        \"South Africa West\",\r\n        \"South Africa North\",\r\n        \"East US 2 EUAP\",\r\n        \"Central US EUAP\"\r\n      ],\r\n      \"apiVersions\": [\r\n        \"2019-05-01\",\r\n        \"2019-04-01\",\r\n        \"2019-03-01\",\r\n        \"2018-11-01\",\r\n        \"2018-09-01\",\r\n        \"2018-08-01\",\r\n        \"2018-07-01\",\r\n        \"2018-05-01\",\r\n        \"2018-02-01\",\r\n        \"2018-01-01\",\r\n        \"2017-08-01\",\r\n        \"2017-06-01\",\r\n        \"2017-05-10\",\r\n        \"2017-05-01\",\r\n        \"2017-03-01\",\r\n        \"2016-09-01\",\r\n        \"2016-07-01\",\r\n        \"2016-06-01\",\r\n        \"2016-02-01\",\r\n        \"2015-11-01\",\r\n        \"2015-01-01\",\r\n        \"2014-04-01-preview\"\r\n      ]\r\n    },\r\n    {\r\n      \"resourceType\": \"subscriptions/resourcegroups/resources\",\r\n      \"locations\": [],\r\n      \"apiVersions\": [\r\n        \"2019-05-01\",\r\n        \"2019-04-01\",\r\n        \"2019-03-01\",\r\n        \"2018-11-01\",\r\n        \"2018-09-01\",\r\n        \"2018-08-01\",\r\n        \"2018-07-01\",\r\n        \"2018-05-01\",\r\n        \"2018-02-01\",\r\n        \"2018-01-01\",\r\n        \"2017-08-01\",\r\n        \"2017-06-01\",\r\n        \"2017-05-10\",\r\n        \"2017-05-01\",\r\n        \"2017-03-01\",\r\n        \"2016-09-01\",\r\n        \"2016-07-01\",\r\n        \"2016-06-01\",\r\n        \"2016-02-01\",\r\n        \"2015-11-01\",\r\n        \"2015-01-01\",\r\n        \"2014-04-01-preview\"\r\n      ]\r\n    },\r\n    {\r\n      \"resourceType\": \"subscriptions/locations\",\r\n      \"locations\": [],\r\n      \"apiVersions\": [\r\n        \"2019-05-01\",\r\n        \"2019-04-01\",\r\n        \"2019-03-01\",\r\n        \"2018-11-01\",\r\n        \"2018-09-01\",\r\n        \"2018-08-01\",\r\n        \"2018-07-01\",\r\n        \"2018-05-01\",\r\n        \"2018-02-01\",\r\n        \"2018-01-01\",\r\n        \"2017-08-01\",\r\n        \"2017-06-01\",\r\n        \"2017-05-10\",\r\n        \"2017-05-01\",\r\n        \"2017-03-01\",\r\n        \"2016-09-01\",\r\n        \"2016-07-01\",\r\n        \"2016-06-01\",\r\n        \"2016-02-01\",\r\n        \"2015-11-01\",\r\n        \"2015-01-01\",\r\n        \"2014-04-01-preview\"\r\n      ]\r\n    },\r\n    {\r\n      \"resourceType\": \"subscriptions/tagnames\",\r\n      \"locations\": [],\r\n      \"apiVersions\": [\r\n        \"2019-05-01\",\r\n        \"2019-04-01\",\r\n        \"2019-03-01\",\r\n        \"2018-11-01\",\r\n        \"2018-09-01\",\r\n        \"2018-08-01\",\r\n        \"2018-07-01\",\r\n        \"2018-05-01\",\r\n        \"2018-02-01\",\r\n        \"2018-01-01\",\r\n        \"2017-08-01\",\r\n        \"2017-06-01\",\r\n        \"2017-05-10\",\r\n        \"2017-05-01\",\r\n        \"2017-03-01\",\r\n        \"2016-09-01\",\r\n        \"2016-07-01\",\r\n        \"2016-06-01\",\r\n        \"2016-02-01\",\r\n        \"2015-11-01\",\r\n        \"2015-01-01\",\r\n        \"2014-04-01-preview\"\r\n      ]\r\n    },\r\n    {\r\n      \"resourceType\": \"subscriptions/tagNames/tagValues\",\r\n      \"locations\": [],\r\n      \"apiVersions\": [\r\n        \"2019-05-01\",\r\n        \"2019-04-01\",\r\n        \"2019-03-01\",\r\n        \"2018-11-01\",\r\n        \"2018-09-01\",\r\n        \"2018-08-01\",\r\n        \"2018-07-01\",\r\n        \"2018-05-01\",\r\n        \"2018-02-01\",\r\n        \"2018-01-01\",\r\n        \"2017-08-01\",\r\n        \"2017-06-01\",\r\n        \"2017-05-10\",\r\n        \"2017-05-01\",\r\n        \"2017-03-01\",\r\n        \"2016-09-01\",\r\n        \"2016-07-01\",\r\n        \"2016-06-01\",\r\n        \"2016-02-01\",\r\n        \"2015-11-01\",\r\n        \"2015-01-01\",\r\n        \"2014-04-01-preview\"\r\n      ]\r\n    },\r\n    {\r\n      \"resourceType\": \"deployments\",\r\n      \"locations\": [],\r\n      \"apiVersions\": [\r\n        \"2019-05-01\",\r\n        \"2019-04-01\",\r\n        \"2019-03-01\",\r\n        \"2018-11-01\",\r\n        \"2018-09-01\",\r\n        \"2018-08-01\",\r\n        \"2018-07-01\",\r\n        \"2018-05-01\",\r\n        \"2018-02-01\",\r\n        \"2018-01-01\",\r\n        \"2017-08-01\",\r\n        \"2017-06-01\",\r\n        \"2017-05-10\",\r\n        \"2017-05-01\",\r\n        \"2017-03-01\",\r\n        \"2016-09-01\",\r\n        \"2016-07-01\",\r\n        \"2016-06-01\",\r\n        \"2016-02-01\",\r\n        \"2015-11-01\",\r\n        \"2015-01-01\",\r\n        \"2014-04-01-preview\"\r\n      ]\r\n    },\r\n    {\r\n      \"resourceType\": \"deployments/operations\",\r\n      \"locations\": [],\r\n      \"apiVersions\": [\r\n        \"2019-05-01\",\r\n        \"2019-04-01\",\r\n        \"2019-03-01\",\r\n        \"2018-11-01\",\r\n        \"2018-09-01\",\r\n        \"2018-08-01\",\r\n        \"2018-07-01\",\r\n        \"2018-05-01\",\r\n        \"2018-02-01\",\r\n        \"2018-01-01\",\r\n        \"2017-08-01\",\r\n        \"2017-06-01\",\r\n        \"2017-05-10\",\r\n        \"2017-05-01\",\r\n        \"2017-03-01\",\r\n        \"2016-09-01\",\r\n        \"2016-07-01\",\r\n        \"2016-06-01\",\r\n        \"2016-02-01\",\r\n        \"2015-11-01\",\r\n        \"2015-01-01\",\r\n        \"2014-04-01-preview\"\r\n      ]\r\n    },\r\n    {\r\n      \"resourceType\": \"links\",\r\n      \"locations\": [],\r\n      \"apiVersions\": [\r\n        \"2019-05-01\",\r\n        \"2019-04-01\",\r\n        \"2019-03-01\",\r\n        \"2018-11-01\",\r\n        \"2018-09-01\",\r\n        \"2018-08-01\",\r\n        \"2018-07-01\",\r\n        \"2018-05-01\",\r\n        \"2018-02-01\",\r\n        \"2018-01-01\",\r\n        \"2017-08-01\",\r\n        \"2017-06-01\",\r\n        \"2017-05-10\",\r\n        \"2017-05-01\",\r\n        \"2017-03-01\",\r\n        \"2016-09-01\",\r\n        \"2016-07-01\",\r\n        \"2016-06-01\",\r\n        \"2016-02-01\",\r\n        \"2015-11-01\",\r\n        \"2015-01-01\",\r\n        \"2014-04-01-preview\"\r\n      ]\r\n    },\r\n    {\r\n      \"resourceType\": \"operations\",\r\n      \"locations\": [],\r\n      \"apiVersions\": [\r\n        \"2015-01-01\"\r\n      ]\r\n    }\r\n  ],\r\n  \"registrationState\": \"Registered\"\r\n}",
      "StatusCode": 200
    },
    {
      "RequestUri": "/subscriptions/47f4bc68-6fe4-43a2-be8b-dfd0e290efa2/resourcegroups/ps1076?api-version=2016-09-01",
      "EncodedRequestUri": "L3N1YnNjcmlwdGlvbnMvNDdmNGJjNjgtNmZlNC00M2EyLWJlOGItZGZkMGUyOTBlZmEyL3Jlc291cmNlZ3JvdXBzL3BzMTA3Nj9hcGktdmVyc2lvbj0yMDE2LTA5LTAx",
      "RequestMethod": "PUT",
      "RequestBody": "{\r\n  \"location\": \"West US\"\r\n}",
      "RequestHeaders": {
        "x-ms-client-request-id": [
          "0059caf3-703c-4042-8981-1b981d456ed6"
        ],
        "Accept-Language": [
          "en-US"
        ],
        "User-Agent": [
          "FxVersion/4.6.27414.06",
          "OSName/Windows",
          "OSVersion/Microsoft.Windows.10.0.14393.",
          "Microsoft.Azure.Management.Internal.Resources.ResourceManagementClient/1.2.1"
        ],
        "Content-Type": [
          "application/json; charset=utf-8"
        ],
        "Content-Length": [
          "29"
        ]
      },
      "ResponseHeaders": {
        "Cache-Control": [
          "no-cache"
        ],
        "Pragma": [
          "no-cache"
        ],
        "x-ms-ratelimit-remaining-subscription-writes": [
          "1198"
        ],
        "x-ms-request-id": [
          "7495cb21-5d61-443d-ac2e-c1b551690e30"
        ],
        "x-ms-correlation-request-id": [
          "7495cb21-5d61-443d-ac2e-c1b551690e30"
        ],
        "x-ms-routing-request-id": [
          "WESTCENTRALUS:20190610T220538Z:7495cb21-5d61-443d-ac2e-c1b551690e30"
        ],
        "Strict-Transport-Security": [
          "max-age=31536000; includeSubDomains"
        ],
        "X-Content-Type-Options": [
          "nosniff"
        ],
        "Date": [
          "Mon, 10 Jun 2019 22:05:38 GMT"
        ],
        "Content-Length": [
          "165"
        ],
        "Content-Type": [
          "application/json; charset=utf-8"
        ],
        "Expires": [
          "-1"
        ]
      },
      "ResponseBody": "{\r\n  \"id\": \"/subscriptions/47f4bc68-6fe4-43a2-be8b-dfd0e290efa2/resourceGroups/ps1076\",\r\n  \"name\": \"ps1076\",\r\n  \"location\": \"westus\",\r\n  \"properties\": {\r\n    \"provisioningState\": \"Succeeded\"\r\n  }\r\n}",
      "StatusCode": 201
    },
    {
      "RequestUri": "/subscriptions/47f4bc68-6fe4-43a2-be8b-dfd0e290efa2/resourceGroups/ps1076/providers/Microsoft.Network/FrontDoorWebApplicationFirewallPolicies?api-version=2019-03-01",
      "EncodedRequestUri": "L3N1YnNjcmlwdGlvbnMvNDdmNGJjNjgtNmZlNC00M2EyLWJlOGItZGZkMGUyOTBlZmEyL3Jlc291cmNlR3JvdXBzL3BzMTA3Ni9wcm92aWRlcnMvTWljcm9zb2Z0Lk5ldHdvcmsvRnJvbnREb29yV2ViQXBwbGljYXRpb25GaXJld2FsbFBvbGljaWVzP2FwaS12ZXJzaW9uPTIwMTktMDMtMDE=",
      "RequestMethod": "GET",
      "RequestBody": "",
      "RequestHeaders": {
        "x-ms-client-request-id": [
          "3dea513f-0024-4a5c-85b3-e3a50776df13"
        ],
        "Accept-Language": [
          "en-US"
        ],
        "User-Agent": [
          "FxVersion/4.6.27414.06",
          "OSName/Windows",
          "OSVersion/Microsoft.Windows.10.0.14393.",
          "Microsoft.Azure.Management.FrontDoor.FrontDoorManagementClient/0.13.0.0"
        ]
      },
      "ResponseHeaders": {
        "Cache-Control": [
          "no-cache"
        ],
        "Pragma": [
          "no-cache"
        ],
        "x-ms-request-id": [
          "473d3491-0957-40f9-9b38-573d700bb0c1"
        ],
        "x-ms-client-request-id": [
          "3dea513f-0024-4a5c-85b3-e3a50776df13"
        ],
        "OData-Version": [
          "4.0"
        ],
        "Strict-Transport-Security": [
          "max-age=31536000; includeSubDomains"
        ],
        "Server": [
          "Microsoft-IIS/8.5"
        ],
        "X-AspNet-Version": [
          "4.0.30319"
        ],
        "X-Powered-By": [
          "ASP.NET"
        ],
        "x-ms-ratelimit-remaining-subscription-reads": [
          "11999"
        ],
        "x-ms-correlation-request-id": [
          "4494f34c-be9c-4da3-ba71-467f8c822901"
        ],
        "x-ms-routing-request-id": [
          "WESTCENTRALUS:20190610T220539Z:4494f34c-be9c-4da3-ba71-467f8c822901"
        ],
        "X-Content-Type-Options": [
          "nosniff"
        ],
        "Date": [
          "Mon, 10 Jun 2019 22:05:39 GMT"
        ],
        "Content-Length": [
          "28"
        ],
        "Content-Type": [
          "application/json; odata.metadata=minimal; odata.streaming=true"
        ],
        "Expires": [
          "-1"
        ]
      },
      "ResponseBody": "{\r\n  \"value\": []\r\n}",
      "StatusCode": 200
    },
    {
      "RequestUri": "/subscriptions/47f4bc68-6fe4-43a2-be8b-dfd0e290efa2/resourceGroups/ps1076/providers/Microsoft.Network/FrontDoorWebApplicationFirewallPolicies?api-version=2019-03-01",
      "EncodedRequestUri": "L3N1YnNjcmlwdGlvbnMvNDdmNGJjNjgtNmZlNC00M2EyLWJlOGItZGZkMGUyOTBlZmEyL3Jlc291cmNlR3JvdXBzL3BzMTA3Ni9wcm92aWRlcnMvTWljcm9zb2Z0Lk5ldHdvcmsvRnJvbnREb29yV2ViQXBwbGljYXRpb25GaXJld2FsbFBvbGljaWVzP2FwaS12ZXJzaW9uPTIwMTktMDMtMDE=",
      "RequestMethod": "GET",
      "RequestBody": "",
      "RequestHeaders": {
        "x-ms-client-request-id": [
          "c158969d-aaef-41da-ba65-58dcfc0404c6"
        ],
        "Accept-Language": [
          "en-US"
        ],
        "User-Agent": [
          "FxVersion/4.6.27414.06",
          "OSName/Windows",
          "OSVersion/Microsoft.Windows.10.0.14393.",
          "Microsoft.Azure.Management.FrontDoor.FrontDoorManagementClient/0.13.0.0"
        ]
      },
      "ResponseHeaders": {
        "Cache-Control": [
          "no-cache"
        ],
        "Pragma": [
          "no-cache"
        ],
        "x-ms-request-id": [
          "47defb40-7a33-47cf-923d-3664e6243b5d"
        ],
        "x-ms-client-request-id": [
          "c158969d-aaef-41da-ba65-58dcfc0404c6"
        ],
        "OData-Version": [
          "4.0"
        ],
        "Strict-Transport-Security": [
          "max-age=31536000; includeSubDomains"
        ],
        "Server": [
          "Microsoft-IIS/8.5"
        ],
        "X-AspNet-Version": [
          "4.0.30319"
        ],
        "X-Powered-By": [
          "ASP.NET"
        ],
        "x-ms-ratelimit-remaining-subscription-reads": [
          "11997"
        ],
        "x-ms-correlation-request-id": [
          "6802cb49-0c4d-4829-be15-3d99f4d90999"
        ],
        "x-ms-routing-request-id": [
          "WESTCENTRALUS:20190610T220541Z:6802cb49-0c4d-4829-be15-3d99f4d90999"
        ],
        "X-Content-Type-Options": [
          "nosniff"
        ],
        "Date": [
          "Mon, 10 Jun 2019 22:05:41 GMT"
        ],
        "Content-Length": [
          "1822"
        ],
        "Content-Type": [
          "application/json; odata.metadata=minimal; odata.streaming=true"
        ],
        "Expires": [
          "-1"
        ]
      },
      "ResponseBody": "{\r\n  \"value\": [\r\n    {\r\n      \"name\": \"ps2256\",\r\n      \"id\": \"/subscriptions/47f4bc68-6fe4-43a2-be8b-dfd0e290efa2/resourcegroups/ps1076/providers/Microsoft.Network/frontdoorwebapplicationfirewallpolicies/ps2256\",\r\n      \"type\": \"Microsoft.Network/frontdoorwebapplicationfirewallpolicies\",\r\n      \"tags\": {},\r\n      \"location\": \"Global\",\r\n      \"properties\": {\r\n        \"resourceState\": \"Enabled\",\r\n        \"provisioningState\": \"Succeeded\",\r\n        \"policySettings\": {\r\n          \"enabledState\": \"Enabled\",\r\n          \"mode\": \"Prevention\",\r\n          \"redirectUrl\": null,\r\n          \"customBlockResponseStatusCode\": null,\r\n          \"customBlockResponseBody\": null\r\n        },\r\n        \"customRules\": {\r\n          \"rules\": [\r\n            {\r\n              \"name\": \"Rule1\",\r\n              \"enabledState\": null,\r\n              \"priority\": 2,\r\n              \"ruleType\": \"MatchRule\",\r\n              \"rateLimitDurationInMinutes\": 1,\r\n              \"rateLimitThreshold\": 0,\r\n              \"matchConditions\": [\r\n                {\r\n                  \"matchVariable\": \"RequestHeader\",\r\n                  \"selector\": \"UserAgent\",\r\n                  \"operator\": \"Contains\",\r\n                  \"negateCondition\": false,\r\n                  \"matchValue\": [\r\n                    \"WINDOWS\"\r\n                  ],\r\n                  \"transforms\": [\r\n                    \"Uppercase\"\r\n                  ]\r\n                }\r\n              ],\r\n              \"action\": \"Block\"\r\n            }\r\n          ]\r\n        },\r\n        \"managedRules\": {\r\n          \"managedRuleSets\": [\r\n            {\r\n              \"ruleSetType\": \"DefaultRuleSet\",\r\n              \"ruleSetVersion\": \"1.0\",\r\n              \"ruleGroupOverrides\": [\r\n                {\r\n                  \"ruleGroupName\": \"SQLI\",\r\n                  \"rules\": [\r\n                    {\r\n                      \"ruleId\": \"942100\",\r\n                      \"enabledState\": \"Enabled\",\r\n                      \"action\": \"Log\"\r\n                    }\r\n                  ]\r\n                }\r\n              ]\r\n            },\r\n            {\r\n              \"ruleSetType\": \"BotProtection\",\r\n              \"ruleSetVersion\": \"preview-0.1\",\r\n              \"ruleGroupOverrides\": []\r\n            }\r\n          ]\r\n        },\r\n        \"frontendEndpointLinks\": []\r\n      }\r\n    }\r\n  ]\r\n}",
      "StatusCode": 200
    },
    {
      "RequestUri": "/subscriptions/47f4bc68-6fe4-43a2-be8b-dfd0e290efa2/resourceGroups/ps1076/providers/Microsoft.Network/FrontDoorWebApplicationFirewallPolicies?api-version=2019-03-01",
      "EncodedRequestUri": "L3N1YnNjcmlwdGlvbnMvNDdmNGJjNjgtNmZlNC00M2EyLWJlOGItZGZkMGUyOTBlZmEyL3Jlc291cmNlR3JvdXBzL3BzMTA3Ni9wcm92aWRlcnMvTWljcm9zb2Z0Lk5ldHdvcmsvRnJvbnREb29yV2ViQXBwbGljYXRpb25GaXJld2FsbFBvbGljaWVzP2FwaS12ZXJzaW9uPTIwMTktMDMtMDE=",
      "RequestMethod": "GET",
      "RequestBody": "",
      "RequestHeaders": {
        "x-ms-client-request-id": [
          "08ee30d0-b6db-4e95-b091-80b21397bf83"
        ],
        "Accept-Language": [
          "en-US"
        ],
        "User-Agent": [
          "FxVersion/4.6.27414.06",
          "OSName/Windows",
          "OSVersion/Microsoft.Windows.10.0.14393.",
          "Microsoft.Azure.Management.FrontDoor.FrontDoorManagementClient/0.13.0.0"
        ]
      },
      "ResponseHeaders": {
        "Cache-Control": [
          "no-cache"
        ],
        "Pragma": [
          "no-cache"
        ],
        "x-ms-request-id": [
          "fb8a80ee-493c-4b45-9bd6-6b0034c44e44"
        ],
        "x-ms-client-request-id": [
          "08ee30d0-b6db-4e95-b091-80b21397bf83"
        ],
        "OData-Version": [
          "4.0"
        ],
        "Strict-Transport-Security": [
          "max-age=31536000; includeSubDomains"
        ],
        "Server": [
          "Microsoft-IIS/8.5"
        ],
        "X-AspNet-Version": [
          "4.0.30319"
        ],
        "X-Powered-By": [
          "ASP.NET"
        ],
        "x-ms-ratelimit-remaining-subscription-reads": [
          "11995"
        ],
        "x-ms-correlation-request-id": [
          "aca5932f-1b7b-4a7f-8370-a6380a696437"
        ],
        "x-ms-routing-request-id": [
          "WESTCENTRALUS:20190610T220543Z:aca5932f-1b7b-4a7f-8370-a6380a696437"
        ],
        "X-Content-Type-Options": [
          "nosniff"
        ],
        "Date": [
          "Mon, 10 Jun 2019 22:05:42 GMT"
        ],
        "Content-Length": [
          "1820"
        ],
        "Content-Type": [
          "application/json; odata.metadata=minimal; odata.streaming=true"
        ],
        "Expires": [
          "-1"
        ]
      },
      "ResponseBody": "{\r\n  \"value\": [\r\n    {\r\n      \"name\": \"ps2256\",\r\n      \"id\": \"/subscriptions/47f4bc68-6fe4-43a2-be8b-dfd0e290efa2/resourcegroups/ps1076/providers/Microsoft.Network/frontdoorwebapplicationfirewallpolicies/ps2256\",\r\n      \"type\": \"Microsoft.Network/frontdoorwebapplicationfirewallpolicies\",\r\n      \"tags\": {},\r\n      \"location\": \"Global\",\r\n      \"properties\": {\r\n        \"resourceState\": \"Enabled\",\r\n        \"provisioningState\": \"Succeeded\",\r\n        \"policySettings\": {\r\n          \"enabledState\": \"Enabled\",\r\n          \"mode\": \"Prevention\",\r\n          \"redirectUrl\": null,\r\n          \"customBlockResponseStatusCode\": null,\r\n          \"customBlockResponseBody\": null\r\n        },\r\n        \"customRules\": {\r\n          \"rules\": [\r\n            {\r\n              \"name\": \"Rule2\",\r\n              \"enabledState\": null,\r\n              \"priority\": 2,\r\n              \"ruleType\": \"MatchRule\",\r\n              \"rateLimitDurationInMinutes\": 1,\r\n              \"rateLimitThreshold\": 0,\r\n              \"matchConditions\": [\r\n                {\r\n                  \"matchVariable\": \"RequestHeader\",\r\n                  \"selector\": \"UserAgent\",\r\n                  \"operator\": \"Contains\",\r\n                  \"negateCondition\": false,\r\n                  \"matchValue\": [\r\n                    \"WINDOWS\"\r\n                  ],\r\n                  \"transforms\": [\r\n                    \"Uppercase\"\r\n                  ]\r\n                }\r\n              ],\r\n              \"action\": \"Log\"\r\n            }\r\n          ]\r\n        },\r\n        \"managedRules\": {\r\n          \"managedRuleSets\": [\r\n            {\r\n              \"ruleSetType\": \"DefaultRuleSet\",\r\n              \"ruleSetVersion\": \"1.0\",\r\n              \"ruleGroupOverrides\": [\r\n                {\r\n                  \"ruleGroupName\": \"SQLI\",\r\n                  \"rules\": [\r\n                    {\r\n                      \"ruleId\": \"942100\",\r\n                      \"enabledState\": \"Enabled\",\r\n                      \"action\": \"Log\"\r\n                    }\r\n                  ]\r\n                }\r\n              ]\r\n            },\r\n            {\r\n              \"ruleSetType\": \"BotProtection\",\r\n              \"ruleSetVersion\": \"preview-0.1\",\r\n              \"ruleGroupOverrides\": []\r\n            }\r\n          ]\r\n        },\r\n        \"frontendEndpointLinks\": []\r\n      }\r\n    }\r\n  ]\r\n}",
      "StatusCode": 200
    },
    {
      "RequestUri": "/subscriptions/47f4bc68-6fe4-43a2-be8b-dfd0e290efa2/resourceGroups/ps1076/providers/Microsoft.Network/FrontDoorWebApplicationFirewallPolicies/ps2256?api-version=2019-03-01",
      "EncodedRequestUri": "L3N1YnNjcmlwdGlvbnMvNDdmNGJjNjgtNmZlNC00M2EyLWJlOGItZGZkMGUyOTBlZmEyL3Jlc291cmNlR3JvdXBzL3BzMTA3Ni9wcm92aWRlcnMvTWljcm9zb2Z0Lk5ldHdvcmsvRnJvbnREb29yV2ViQXBwbGljYXRpb25GaXJld2FsbFBvbGljaWVzL3BzMjI1Nj9hcGktdmVyc2lvbj0yMDE5LTAzLTAx",
      "RequestMethod": "PUT",
      "RequestBody": "{\r\n  \"properties\": {\r\n    \"policySettings\": {\r\n      \"enabledState\": \"Enabled\",\r\n      \"mode\": \"Prevention\"\r\n    },\r\n    \"customRules\": {\r\n      \"rules\": [\r\n        {\r\n          \"name\": \"Rule1\",\r\n          \"priority\": 2,\r\n          \"ruleType\": \"MatchRule\",\r\n          \"rateLimitDurationInMinutes\": 1,\r\n          \"matchConditions\": [\r\n            {\r\n              \"matchVariable\": \"RequestHeader\",\r\n              \"selector\": \"UserAgent\",\r\n              \"operator\": \"Contains\",\r\n              \"negateCondition\": false,\r\n              \"matchValue\": [\r\n                \"WINDOWS\"\r\n              ],\r\n              \"transforms\": [\r\n                \"Uppercase\"\r\n              ]\r\n            }\r\n          ],\r\n          \"action\": \"Block\"\r\n        }\r\n      ]\r\n    },\r\n    \"managedRules\": {\r\n      \"managedRuleSets\": [\r\n        {\r\n          \"ruleSetType\": \"DefaultRuleSet\",\r\n          \"ruleSetVersion\": \"1.0\",\r\n          \"ruleGroupOverrides\": [\r\n            {\r\n              \"ruleGroupName\": \"SQLI\",\r\n              \"rules\": [\r\n                {\r\n                  \"ruleId\": \"942100\",\r\n                  \"enabledState\": \"Enabled\",\r\n                  \"action\": \"Log\"\r\n                }\r\n              ]\r\n            }\r\n          ]\r\n        },\r\n        {\r\n          \"ruleSetType\": \"BotProtection\",\r\n          \"ruleSetVersion\": \"preview-0.1\"\r\n        }\r\n      ]\r\n    }\r\n  },\r\n  \"location\": \"global\"\r\n}",
      "RequestHeaders": {
        "x-ms-client-request-id": [
          "45b1c41e-a7db-4c59-a495-56ef0ee89446"
        ],
        "Accept-Language": [
          "en-US"
        ],
        "User-Agent": [
          "FxVersion/4.6.27414.06",
          "OSName/Windows",
          "OSVersion/Microsoft.Windows.10.0.14393.",
          "Microsoft.Azure.Management.FrontDoor.FrontDoorManagementClient/0.13.0.0"
        ],
        "Content-Type": [
          "application/json; charset=utf-8"
        ],
        "Content-Length": [
          "1385"
        ]
      },
      "ResponseHeaders": {
        "Cache-Control": [
          "no-cache"
        ],
        "Pragma": [
          "no-cache"
        ],
        "x-ms-request-id": [
          "efab18cd-1277-48a7-9257-bd7ea226120f"
        ],
        "x-ms-client-request-id": [
          "45b1c41e-a7db-4c59-a495-56ef0ee89446"
        ],
        "OData-Version": [
          "4.0"
        ],
        "Strict-Transport-Security": [
          "max-age=31536000; includeSubDomains"
        ],
        "Server": [
          "Microsoft-IIS/8.5"
        ],
        "X-AspNet-Version": [
          "4.0.30319"
        ],
        "X-Powered-By": [
          "ASP.NET"
        ],
        "x-ms-ratelimit-remaining-subscription-writes": [
          "1199"
        ],
        "x-ms-correlation-request-id": [
          "a369cc77-f6d2-4e28-8e96-2f5ac7d55fb9"
        ],
        "x-ms-routing-request-id": [
          "WESTCENTRALUS:20190610T220541Z:a369cc77-f6d2-4e28-8e96-2f5ac7d55fb9"
        ],
        "X-Content-Type-Options": [
          "nosniff"
        ],
        "Date": [
          "Mon, 10 Jun 2019 22:05:40 GMT"
        ],
        "Content-Length": [
          "1626"
        ],
        "Content-Type": [
          "application/json; odata.metadata=minimal"
        ],
        "Expires": [
          "-1"
        ]
      },
      "ResponseBody": "{\r\n  \"name\": \"ps2256\",\r\n  \"id\": \"/subscriptions/47f4bc68-6fe4-43a2-be8b-dfd0e290efa2/resourcegroups/ps1076/providers/Microsoft.Network/frontdoorwebapplicationfirewallpolicies/ps2256\",\r\n  \"type\": \"Microsoft.Network/frontdoorwebapplicationfirewallpolicies\",\r\n  \"tags\": {},\r\n  \"location\": \"Global\",\r\n  \"properties\": {\r\n    \"resourceState\": \"Enabled\",\r\n    \"provisioningState\": \"Succeeded\",\r\n    \"policySettings\": {\r\n      \"enabledState\": \"Enabled\",\r\n      \"mode\": \"Prevention\",\r\n      \"redirectUrl\": null,\r\n      \"customBlockResponseStatusCode\": null,\r\n      \"customBlockResponseBody\": null\r\n    },\r\n    \"customRules\": {\r\n      \"rules\": [\r\n        {\r\n          \"name\": \"Rule1\",\r\n          \"enabledState\": null,\r\n          \"priority\": 2,\r\n          \"ruleType\": \"MatchRule\",\r\n          \"rateLimitDurationInMinutes\": 1,\r\n          \"rateLimitThreshold\": 0,\r\n          \"matchConditions\": [\r\n            {\r\n              \"matchVariable\": \"RequestHeader\",\r\n              \"selector\": \"UserAgent\",\r\n              \"operator\": \"Contains\",\r\n              \"negateCondition\": false,\r\n              \"matchValue\": [\r\n                \"WINDOWS\"\r\n              ],\r\n              \"transforms\": [\r\n                \"Uppercase\"\r\n              ]\r\n            }\r\n          ],\r\n          \"action\": \"Block\"\r\n        }\r\n      ]\r\n    },\r\n    \"managedRules\": {\r\n      \"managedRuleSets\": [\r\n        {\r\n          \"ruleSetType\": \"DefaultRuleSet\",\r\n          \"ruleSetVersion\": \"1.0\",\r\n          \"ruleGroupOverrides\": [\r\n            {\r\n              \"ruleGroupName\": \"SQLI\",\r\n              \"rules\": [\r\n                {\r\n                  \"ruleId\": \"942100\",\r\n                  \"enabledState\": \"Enabled\",\r\n                  \"action\": \"Log\"\r\n                }\r\n              ]\r\n            }\r\n          ]\r\n        },\r\n        {\r\n          \"ruleSetType\": \"BotProtection\",\r\n          \"ruleSetVersion\": \"preview-0.1\",\r\n          \"ruleGroupOverrides\": []\r\n        }\r\n      ]\r\n    },\r\n    \"frontendEndpointLinks\": []\r\n  }\r\n}",
      "StatusCode": 201
    },
    {
      "RequestUri": "/subscriptions/47f4bc68-6fe4-43a2-be8b-dfd0e290efa2/resourceGroups/ps1076/providers/Microsoft.Network/FrontDoorWebApplicationFirewallPolicies/ps2256?api-version=2019-03-01",
      "EncodedRequestUri": "L3N1YnNjcmlwdGlvbnMvNDdmNGJjNjgtNmZlNC00M2EyLWJlOGItZGZkMGUyOTBlZmEyL3Jlc291cmNlR3JvdXBzL3BzMTA3Ni9wcm92aWRlcnMvTWljcm9zb2Z0Lk5ldHdvcmsvRnJvbnREb29yV2ViQXBwbGljYXRpb25GaXJld2FsbFBvbGljaWVzL3BzMjI1Nj9hcGktdmVyc2lvbj0yMDE5LTAzLTAx",
      "RequestMethod": "PUT",
      "RequestBody": "{\r\n  \"properties\": {\r\n    \"policySettings\": {\r\n      \"enabledState\": \"Enabled\",\r\n      \"mode\": \"Prevention\"\r\n    },\r\n    \"customRules\": {\r\n      \"rules\": [\r\n        {\r\n          \"name\": \"Rule2\",\r\n          \"priority\": 2,\r\n          \"ruleType\": \"MatchRule\",\r\n          \"rateLimitDurationInMinutes\": 1,\r\n          \"matchConditions\": [\r\n            {\r\n              \"matchVariable\": \"RequestHeader\",\r\n              \"selector\": \"UserAgent\",\r\n              \"operator\": \"Contains\",\r\n              \"negateCondition\": false,\r\n              \"matchValue\": [\r\n                \"WINDOWS\"\r\n              ],\r\n              \"transforms\": [\r\n                \"Uppercase\"\r\n              ]\r\n            }\r\n          ],\r\n          \"action\": \"Log\"\r\n        }\r\n      ]\r\n    },\r\n    \"managedRules\": {\r\n      \"managedRuleSets\": [\r\n        {\r\n          \"ruleSetType\": \"DefaultRuleSet\",\r\n          \"ruleSetVersion\": \"1.0\",\r\n          \"ruleGroupOverrides\": [\r\n            {\r\n              \"ruleGroupName\": \"SQLI\",\r\n              \"rules\": [\r\n                {\r\n                  \"ruleId\": \"942100\",\r\n                  \"enabledState\": \"Enabled\",\r\n                  \"action\": \"Log\"\r\n                }\r\n              ]\r\n            }\r\n          ]\r\n        },\r\n        {\r\n          \"ruleSetType\": \"BotProtection\",\r\n          \"ruleSetVersion\": \"preview-0.1\",\r\n          \"ruleGroupOverrides\": []\r\n        }\r\n      ]\r\n    }\r\n  },\r\n  \"location\": \"global\"\r\n}",
      "RequestHeaders": {
        "x-ms-client-request-id": [
          "85f94ae6-c5e9-4bfa-8446-2c02c34efbee"
        ],
        "Accept-Language": [
          "en-US"
        ],
        "User-Agent": [
          "FxVersion/4.6.27414.06",
          "OSName/Windows",
          "OSVersion/Microsoft.Windows.10.0.14393.",
          "Microsoft.Azure.Management.FrontDoor.FrontDoorManagementClient/0.13.0.0"
        ],
        "Content-Type": [
          "application/json; charset=utf-8"
        ],
        "Content-Length": [
          "1420"
        ]
      },
      "ResponseHeaders": {
        "Cache-Control": [
          "no-cache"
        ],
        "Pragma": [
          "no-cache"
        ],
        "x-ms-request-id": [
          "9dfa9a9a-4bdb-4c21-a0b7-b50ea8f42bdc"
        ],
        "x-ms-client-request-id": [
          "85f94ae6-c5e9-4bfa-8446-2c02c34efbee"
        ],
        "OData-Version": [
          "4.0"
        ],
        "Strict-Transport-Security": [
          "max-age=31536000; includeSubDomains"
        ],
        "Server": [
          "Microsoft-IIS/8.5"
        ],
        "X-AspNet-Version": [
          "4.0.30319"
        ],
        "X-Powered-By": [
          "ASP.NET"
        ],
        "x-ms-ratelimit-remaining-subscription-writes": [
          "1198"
        ],
        "x-ms-correlation-request-id": [
          "83c7cf00-a2d9-4c77-80d4-8c32f547a1e3"
        ],
        "x-ms-routing-request-id": [
          "WESTCENTRALUS:20190610T220542Z:83c7cf00-a2d9-4c77-80d4-8c32f547a1e3"
        ],
        "X-Content-Type-Options": [
          "nosniff"
        ],
        "Date": [
          "Mon, 10 Jun 2019 22:05:41 GMT"
        ],
        "Content-Length": [
          "1624"
        ],
        "Content-Type": [
          "application/json; odata.metadata=minimal"
        ],
        "Expires": [
          "-1"
        ]
      },
      "ResponseBody": "{\r\n  \"name\": \"ps2256\",\r\n  \"id\": \"/subscriptions/47f4bc68-6fe4-43a2-be8b-dfd0e290efa2/resourcegroups/ps1076/providers/Microsoft.Network/frontdoorwebapplicationfirewallpolicies/ps2256\",\r\n  \"type\": \"Microsoft.Network/frontdoorwebapplicationfirewallpolicies\",\r\n  \"tags\": {},\r\n  \"location\": \"Global\",\r\n  \"properties\": {\r\n    \"resourceState\": \"Enabled\",\r\n    \"provisioningState\": \"Succeeded\",\r\n    \"policySettings\": {\r\n      \"enabledState\": \"Enabled\",\r\n      \"mode\": \"Prevention\",\r\n      \"redirectUrl\": null,\r\n      \"customBlockResponseStatusCode\": null,\r\n      \"customBlockResponseBody\": null\r\n    },\r\n    \"customRules\": {\r\n      \"rules\": [\r\n        {\r\n          \"name\": \"Rule2\",\r\n          \"enabledState\": null,\r\n          \"priority\": 2,\r\n          \"ruleType\": \"MatchRule\",\r\n          \"rateLimitDurationInMinutes\": 1,\r\n          \"rateLimitThreshold\": 0,\r\n          \"matchConditions\": [\r\n            {\r\n              \"matchVariable\": \"RequestHeader\",\r\n              \"selector\": \"UserAgent\",\r\n              \"operator\": \"Contains\",\r\n              \"negateCondition\": false,\r\n              \"matchValue\": [\r\n                \"WINDOWS\"\r\n              ],\r\n              \"transforms\": [\r\n                \"Uppercase\"\r\n              ]\r\n            }\r\n          ],\r\n          \"action\": \"Log\"\r\n        }\r\n      ]\r\n    },\r\n    \"managedRules\": {\r\n      \"managedRuleSets\": [\r\n        {\r\n          \"ruleSetType\": \"DefaultRuleSet\",\r\n          \"ruleSetVersion\": \"1.0\",\r\n          \"ruleGroupOverrides\": [\r\n            {\r\n              \"ruleGroupName\": \"SQLI\",\r\n              \"rules\": [\r\n                {\r\n                  \"ruleId\": \"942100\",\r\n                  \"enabledState\": \"Enabled\",\r\n                  \"action\": \"Log\"\r\n                }\r\n              ]\r\n            }\r\n          ]\r\n        },\r\n        {\r\n          \"ruleSetType\": \"BotProtection\",\r\n          \"ruleSetVersion\": \"preview-0.1\",\r\n          \"ruleGroupOverrides\": []\r\n        }\r\n      ]\r\n    },\r\n    \"frontendEndpointLinks\": []\r\n  }\r\n}",
      "StatusCode": 200
    },
    {
      "RequestUri": "/subscriptions/47f4bc68-6fe4-43a2-be8b-dfd0e290efa2/resourceGroups/ps1076/providers/Microsoft.Network/FrontDoorWebApplicationFirewallPolicies/ps2256?api-version=2019-03-01",
      "EncodedRequestUri": "L3N1YnNjcmlwdGlvbnMvNDdmNGJjNjgtNmZlNC00M2EyLWJlOGItZGZkMGUyOTBlZmEyL3Jlc291cmNlR3JvdXBzL3BzMTA3Ni9wcm92aWRlcnMvTWljcm9zb2Z0Lk5ldHdvcmsvRnJvbnREb29yV2ViQXBwbGljYXRpb25GaXJld2FsbFBvbGljaWVzL3BzMjI1Nj9hcGktdmVyc2lvbj0yMDE5LTAzLTAx",
      "RequestMethod": "GET",
      "RequestBody": "",
      "RequestHeaders": {
        "x-ms-client-request-id": [
          "5c532744-740c-43cb-bf46-85cbe6c4d88d"
        ],
        "Accept-Language": [
          "en-US"
        ],
        "User-Agent": [
          "FxVersion/4.6.27414.06",
          "OSName/Windows",
          "OSVersion/Microsoft.Windows.10.0.14393.",
          "Microsoft.Azure.Management.FrontDoor.FrontDoorManagementClient/0.13.0.0"
        ]
      },
      "ResponseHeaders": {
        "Cache-Control": [
          "no-cache"
        ],
        "Pragma": [
          "no-cache"
        ],
        "x-ms-request-id": [
          "3d334605-77d2-4607-8f2d-57e0757f89c3"
        ],
        "x-ms-client-request-id": [
          "5c532744-740c-43cb-bf46-85cbe6c4d88d"
        ],
        "OData-Version": [
          "4.0"
        ],
        "Strict-Transport-Security": [
          "max-age=31536000; includeSubDomains"
        ],
        "Server": [
          "Microsoft-IIS/8.5"
        ],
        "X-AspNet-Version": [
          "4.0.30319"
        ],
        "X-Powered-By": [
          "ASP.NET"
        ],
        "x-ms-ratelimit-remaining-subscription-reads": [
          "11998"
        ],
        "x-ms-correlation-request-id": [
          "46d0bf61-bf8c-484d-a930-b52be35cc513"
        ],
        "x-ms-routing-request-id": [
          "WESTCENTRALUS:20190610T220541Z:46d0bf61-bf8c-484d-a930-b52be35cc513"
        ],
        "X-Content-Type-Options": [
          "nosniff"
        ],
        "Date": [
          "Mon, 10 Jun 2019 22:05:40 GMT"
        ],
        "Content-Length": [
          "1626"
        ],
        "Content-Type": [
          "application/json; odata.metadata=minimal; odata.streaming=true"
        ],
        "Expires": [
          "-1"
        ]
      },
      "ResponseBody": "{\r\n  \"name\": \"ps2256\",\r\n  \"id\": \"/subscriptions/47f4bc68-6fe4-43a2-be8b-dfd0e290efa2/resourcegroups/ps1076/providers/Microsoft.Network/frontdoorwebapplicationfirewallpolicies/ps2256\",\r\n  \"type\": \"Microsoft.Network/frontdoorwebapplicationfirewallpolicies\",\r\n  \"tags\": {},\r\n  \"location\": \"Global\",\r\n  \"properties\": {\r\n    \"resourceState\": \"Enabled\",\r\n    \"provisioningState\": \"Succeeded\",\r\n    \"policySettings\": {\r\n      \"enabledState\": \"Enabled\",\r\n      \"mode\": \"Prevention\",\r\n      \"redirectUrl\": null,\r\n      \"customBlockResponseStatusCode\": null,\r\n      \"customBlockResponseBody\": null\r\n    },\r\n    \"customRules\": {\r\n      \"rules\": [\r\n        {\r\n          \"name\": \"Rule1\",\r\n          \"enabledState\": null,\r\n          \"priority\": 2,\r\n          \"ruleType\": \"MatchRule\",\r\n          \"rateLimitDurationInMinutes\": 1,\r\n          \"rateLimitThreshold\": 0,\r\n          \"matchConditions\": [\r\n            {\r\n              \"matchVariable\": \"RequestHeader\",\r\n              \"selector\": \"UserAgent\",\r\n              \"operator\": \"Contains\",\r\n              \"negateCondition\": false,\r\n              \"matchValue\": [\r\n                \"WINDOWS\"\r\n              ],\r\n              \"transforms\": [\r\n                \"Uppercase\"\r\n              ]\r\n            }\r\n          ],\r\n          \"action\": \"Block\"\r\n        }\r\n      ]\r\n    },\r\n    \"managedRules\": {\r\n      \"managedRuleSets\": [\r\n        {\r\n          \"ruleSetType\": \"DefaultRuleSet\",\r\n          \"ruleSetVersion\": \"1.0\",\r\n          \"ruleGroupOverrides\": [\r\n            {\r\n              \"ruleGroupName\": \"SQLI\",\r\n              \"rules\": [\r\n                {\r\n                  \"ruleId\": \"942100\",\r\n                  \"enabledState\": \"Enabled\",\r\n                  \"action\": \"Log\"\r\n                }\r\n              ]\r\n            }\r\n          ]\r\n        },\r\n        {\r\n          \"ruleSetType\": \"BotProtection\",\r\n          \"ruleSetVersion\": \"preview-0.1\",\r\n          \"ruleGroupOverrides\": []\r\n        }\r\n      ]\r\n    },\r\n    \"frontendEndpointLinks\": []\r\n  }\r\n}",
      "StatusCode": 200
    },
    {
      "RequestUri": "/subscriptions/47f4bc68-6fe4-43a2-be8b-dfd0e290efa2/resourceGroups/ps1076/providers/Microsoft.Network/FrontDoorWebApplicationFirewallPolicies/ps2256?api-version=2019-03-01",
      "EncodedRequestUri": "L3N1YnNjcmlwdGlvbnMvNDdmNGJjNjgtNmZlNC00M2EyLWJlOGItZGZkMGUyOTBlZmEyL3Jlc291cmNlR3JvdXBzL3BzMTA3Ni9wcm92aWRlcnMvTWljcm9zb2Z0Lk5ldHdvcmsvRnJvbnREb29yV2ViQXBwbGljYXRpb25GaXJld2FsbFBvbGljaWVzL3BzMjI1Nj9hcGktdmVyc2lvbj0yMDE5LTAzLTAx",
      "RequestMethod": "GET",
      "RequestBody": "",
      "RequestHeaders": {
        "x-ms-client-request-id": [
          "a657834e-2619-40ce-8ea6-b281a7c8de6e"
        ],
        "Accept-Language": [
          "en-US"
        ],
        "User-Agent": [
          "FxVersion/4.6.27414.06",
          "OSName/Windows",
          "OSVersion/Microsoft.Windows.10.0.14393.",
          "Microsoft.Azure.Management.FrontDoor.FrontDoorManagementClient/0.13.0.0"
        ]
      },
      "ResponseHeaders": {
        "Cache-Control": [
          "no-cache"
        ],
        "Pragma": [
          "no-cache"
        ],
        "x-ms-request-id": [
          "2f7cedc2-adb0-4e08-923c-49b68af68387"
        ],
        "x-ms-client-request-id": [
          "a657834e-2619-40ce-8ea6-b281a7c8de6e"
        ],
        "OData-Version": [
          "4.0"
        ],
        "Strict-Transport-Security": [
          "max-age=31536000; includeSubDomains"
        ],
        "Server": [
          "Microsoft-IIS/8.5"
        ],
        "X-AspNet-Version": [
          "4.0.30319"
        ],
        "X-Powered-By": [
          "ASP.NET"
        ],
        "x-ms-ratelimit-remaining-subscription-reads": [
          "11996"
        ],
        "x-ms-correlation-request-id": [
          "6d353dc9-3438-4a14-b870-9873eca2f825"
        ],
        "x-ms-routing-request-id": [
          "WESTCENTRALUS:20190610T220542Z:6d353dc9-3438-4a14-b870-9873eca2f825"
        ],
        "X-Content-Type-Options": [
          "nosniff"
        ],
        "Date": [
          "Mon, 10 Jun 2019 22:05:42 GMT"
        ],
        "Content-Length": [
          "1624"
        ],
        "Content-Type": [
          "application/json; odata.metadata=minimal; odata.streaming=true"
        ],
        "Expires": [
          "-1"
        ]
      },
      "ResponseBody": "{\r\n  \"name\": \"ps2256\",\r\n  \"id\": \"/subscriptions/47f4bc68-6fe4-43a2-be8b-dfd0e290efa2/resourcegroups/ps1076/providers/Microsoft.Network/frontdoorwebapplicationfirewallpolicies/ps2256\",\r\n  \"type\": \"Microsoft.Network/frontdoorwebapplicationfirewallpolicies\",\r\n  \"tags\": {},\r\n  \"location\": \"Global\",\r\n  \"properties\": {\r\n    \"resourceState\": \"Enabled\",\r\n    \"provisioningState\": \"Succeeded\",\r\n    \"policySettings\": {\r\n      \"enabledState\": \"Enabled\",\r\n      \"mode\": \"Prevention\",\r\n      \"redirectUrl\": null,\r\n      \"customBlockResponseStatusCode\": null,\r\n      \"customBlockResponseBody\": null\r\n    },\r\n    \"customRules\": {\r\n      \"rules\": [\r\n        {\r\n          \"name\": \"Rule2\",\r\n          \"enabledState\": null,\r\n          \"priority\": 2,\r\n          \"ruleType\": \"MatchRule\",\r\n          \"rateLimitDurationInMinutes\": 1,\r\n          \"rateLimitThreshold\": 0,\r\n          \"matchConditions\": [\r\n            {\r\n              \"matchVariable\": \"RequestHeader\",\r\n              \"selector\": \"UserAgent\",\r\n              \"operator\": \"Contains\",\r\n              \"negateCondition\": false,\r\n              \"matchValue\": [\r\n                \"WINDOWS\"\r\n              ],\r\n              \"transforms\": [\r\n                \"Uppercase\"\r\n              ]\r\n            }\r\n          ],\r\n          \"action\": \"Log\"\r\n        }\r\n      ]\r\n    },\r\n    \"managedRules\": {\r\n      \"managedRuleSets\": [\r\n        {\r\n          \"ruleSetType\": \"DefaultRuleSet\",\r\n          \"ruleSetVersion\": \"1.0\",\r\n          \"ruleGroupOverrides\": [\r\n            {\r\n              \"ruleGroupName\": \"SQLI\",\r\n              \"rules\": [\r\n                {\r\n                  \"ruleId\": \"942100\",\r\n                  \"enabledState\": \"Enabled\",\r\n                  \"action\": \"Log\"\r\n                }\r\n              ]\r\n            }\r\n          ]\r\n        },\r\n        {\r\n          \"ruleSetType\": \"BotProtection\",\r\n          \"ruleSetVersion\": \"preview-0.1\",\r\n          \"ruleGroupOverrides\": []\r\n        }\r\n      ]\r\n    },\r\n    \"frontendEndpointLinks\": []\r\n  }\r\n}",
      "StatusCode": 200
    },
    {
      "RequestUri": "/subscriptions/47f4bc68-6fe4-43a2-be8b-dfd0e290efa2/resourceGroups/ps1076/providers/Microsoft.Network/FrontDoorWebApplicationFirewallPolicies/ps2256?api-version=2019-03-01",
      "EncodedRequestUri": "L3N1YnNjcmlwdGlvbnMvNDdmNGJjNjgtNmZlNC00M2EyLWJlOGItZGZkMGUyOTBlZmEyL3Jlc291cmNlR3JvdXBzL3BzMTA3Ni9wcm92aWRlcnMvTWljcm9zb2Z0Lk5ldHdvcmsvRnJvbnREb29yV2ViQXBwbGljYXRpb25GaXJld2FsbFBvbGljaWVzL3BzMjI1Nj9hcGktdmVyc2lvbj0yMDE5LTAzLTAx",
      "RequestMethod": "GET",
      "RequestBody": "",
      "RequestHeaders": {
        "x-ms-client-request-id": [
          "da1da223-1bca-4528-ba92-4126b4029273"
        ],
        "Accept-Language": [
          "en-US"
        ],
        "User-Agent": [
          "FxVersion/4.6.27414.06",
          "OSName/Windows",
          "OSVersion/Microsoft.Windows.10.0.14393.",
          "Microsoft.Azure.Management.FrontDoor.FrontDoorManagementClient/0.13.0.0"
        ]
      },
      "ResponseHeaders": {
        "Cache-Control": [
          "no-cache"
        ],
        "Pragma": [
          "no-cache"
        ],
        "x-ms-failure-cause": [
          "gateway"
        ],
        "x-ms-request-id": [
          "984380d2-b458-45e3-ae26-4a6acb7fbc90"
        ],
        "x-ms-correlation-request-id": [
          "984380d2-b458-45e3-ae26-4a6acb7fbc90"
        ],
        "x-ms-routing-request-id": [
          "WESTCENTRALUS:20190610T220543Z:984380d2-b458-45e3-ae26-4a6acb7fbc90"
        ],
        "Strict-Transport-Security": [
          "max-age=31536000; includeSubDomains"
        ],
        "X-Content-Type-Options": [
          "nosniff"
        ],
        "Date": [
          "Mon, 10 Jun 2019 22:05:43 GMT"
        ],
        "Content-Type": [
          "application/json; charset=utf-8"
        ],
        "Expires": [
          "-1"
        ],
        "Content-Length": [
          "174"
        ]
      },
      "ResponseBody": "{\r\n  \"error\": {\r\n    \"code\": \"ResourceNotFound\",\r\n    \"message\": \"The Resource 'Microsoft.Network/frontdoorWebApplicationFirewallPolicies/ps2256' under resource group 'ps1076' was not found.\"\r\n  }\r\n}",
      "StatusCode": 404
    },
    {
      "RequestUri": "/subscriptions/47f4bc68-6fe4-43a2-be8b-dfd0e290efa2/resourceGroups/ps1076/providers/Microsoft.Network/FrontDoorWebApplicationFirewallPolicies/ps2256?api-version=2019-03-01",
      "EncodedRequestUri": "L3N1YnNjcmlwdGlvbnMvNDdmNGJjNjgtNmZlNC00M2EyLWJlOGItZGZkMGUyOTBlZmEyL3Jlc291cmNlR3JvdXBzL3BzMTA3Ni9wcm92aWRlcnMvTWljcm9zb2Z0Lk5ldHdvcmsvRnJvbnREb29yV2ViQXBwbGljYXRpb25GaXJld2FsbFBvbGljaWVzL3BzMjI1Nj9hcGktdmVyc2lvbj0yMDE5LTAzLTAx",
      "RequestMethod": "DELETE",
      "RequestBody": "",
      "RequestHeaders": {
        "x-ms-client-request-id": [
          "43ea83f8-3a2c-49d6-93cb-d8aa1e7b0472"
        ],
        "Accept-Language": [
          "en-US"
        ],
        "User-Agent": [
          "FxVersion/4.6.27414.06",
          "OSName/Windows",
          "OSVersion/Microsoft.Windows.10.0.14393.",
          "Microsoft.Azure.Management.FrontDoor.FrontDoorManagementClient/0.13.0.0"
        ]
      },
      "ResponseHeaders": {
        "Cache-Control": [
          "no-cache"
        ],
        "Pragma": [
          "no-cache"
        ],
        "x-ms-request-id": [
          "5e77c895-6330-49e2-b175-474d986f66f5"
        ],
        "x-ms-client-request-id": [
          "43ea83f8-3a2c-49d6-93cb-d8aa1e7b0472"
        ],
        "Strict-Transport-Security": [
          "max-age=31536000; includeSubDomains"
        ],
        "Server": [
          "Microsoft-IIS/8.5"
        ],
        "X-AspNet-Version": [
          "4.0.30319"
        ],
        "X-Powered-By": [
          "ASP.NET"
        ],
        "x-ms-ratelimit-remaining-subscription-deletes": [
          "14999"
        ],
        "x-ms-correlation-request-id": [
          "3e11656c-4af8-4034-8217-7431f8cbeab7"
        ],
        "x-ms-routing-request-id": [
          "WESTCENTRALUS:20190610T220543Z:3e11656c-4af8-4034-8217-7431f8cbeab7"
        ],
        "X-Content-Type-Options": [
          "nosniff"
        ],
        "Date": [
          "Mon, 10 Jun 2019 22:05:43 GMT"
        ],
        "Expires": [
          "-1"
        ]
      },
      "ResponseBody": "",
      "StatusCode": 204
    }
  ],
  "Names": {
    "Test-PolicyCrudWithPiping": [
      "ps2256",
      "ps1076"
    ]
  },
  "Variables": {
    "SubscriptionId": "47f4bc68-6fe4-43a2-be8b-dfd0e290efa2"
  }
}