{
  "Entries": [
    {
      "RequestUri": "/subscriptions/e78961ba-36fe-4739-9212-e3031b4c8db7/resourcegroups/ps9950?api-version=2018-05-01",
      "EncodedRequestUri": "L3N1YnNjcmlwdGlvbnMvZTc4OTYxYmEtMzZmZS00NzM5LTkyMTItZTMwMzFiNGM4ZGI3L3Jlc291cmNlZ3JvdXBzL3BzOTk1MD9hcGktdmVyc2lvbj0yMDE4LTA1LTAx",
      "RequestMethod": "HEAD",
      "RequestBody": "",
      "RequestHeaders": {
        "x-ms-client-request-id": [
          "008ba637-077e-4c85-984d-8cf81dd30726"
        ],
        "Accept-Language": [
          "en-US"
        ],
        "User-Agent": [
          "FxVersion/4.6.27414.06",
          "OSName/Windows",
          "OSVersion/Microsoft.Windows.10.0.18362.",
          "Microsoft.Azure.Management.ResourceManager.ResourceManagementClient/1.9.1.0"
        ]
      },
      "ResponseHeaders": {
        "Cache-Control": [
          "no-cache"
        ],
        "Pragma": [
          "no-cache"
        ],
        "x-ms-failure-cause": [
          "gateway"
        ],
        "x-ms-ratelimit-remaining-subscription-reads": [
          "11995"
        ],
        "x-ms-request-id": [
          "bf972f45-5502-43c9-984f-05ab7ba604e3"
        ],
        "x-ms-correlation-request-id": [
          "bf972f45-5502-43c9-984f-05ab7ba604e3"
        ],
        "x-ms-routing-request-id": [
          "WESTUS:20190715T205349Z:bf972f45-5502-43c9-984f-05ab7ba604e3"
        ],
        "Strict-Transport-Security": [
          "max-age=31536000; includeSubDomains"
        ],
        "X-Content-Type-Options": [
          "nosniff"
        ],
        "Date": [
          "Mon, 15 Jul 2019 20:53:48 GMT"
        ],
        "Content-Length": [
          "98"
        ],
        "Content-Type": [
          "application/json; charset=utf-8"
        ],
        "Expires": [
          "-1"
        ],
        "Retry-After": [
          "0"
        ]
      },
      "ResponseBody": "",
      "StatusCode": 404
    },
    {
      "RequestUri": "/subscriptions/e78961ba-36fe-4739-9212-e3031b4c8db7/resourcegroups/ps9950?api-version=2018-05-01",
      "EncodedRequestUri": "L3N1YnNjcmlwdGlvbnMvZTc4OTYxYmEtMzZmZS00NzM5LTkyMTItZTMwMzFiNGM4ZGI3L3Jlc291cmNlZ3JvdXBzL3BzOTk1MD9hcGktdmVyc2lvbj0yMDE4LTA1LTAx",
      "RequestMethod": "HEAD",
      "RequestBody": "",
      "RequestHeaders": {
        "x-ms-client-request-id": [
          "7a425131-7b57-4843-9888-b311592345f1"
        ],
        "Accept-Language": [
          "en-US"
        ],
        "User-Agent": [
          "FxVersion/4.6.27414.06",
          "OSName/Windows",
          "OSVersion/Microsoft.Windows.10.0.18362.",
          "Microsoft.Azure.Management.ResourceManager.ResourceManagementClient/1.9.1.0"
        ]
      },
      "ResponseHeaders": {
        "Cache-Control": [
          "no-cache"
        ],
        "Pragma": [
          "no-cache"
        ],
        "x-ms-ratelimit-remaining-subscription-reads": [
          "11997"
        ],
        "x-ms-request-id": [
          "92a51f7b-974b-4f3c-ad23-1c463b29478c"
        ],
        "x-ms-correlation-request-id": [
          "92a51f7b-974b-4f3c-ad23-1c463b29478c"
        ],
        "x-ms-routing-request-id": [
          "WESTUS:20190715T205400Z:92a51f7b-974b-4f3c-ad23-1c463b29478c"
        ],
        "Strict-Transport-Security": [
          "max-age=31536000; includeSubDomains"
        ],
        "X-Content-Type-Options": [
          "nosniff"
        ],
        "Date": [
          "Mon, 15 Jul 2019 20:54:00 GMT"
        ],
        "Content-Length": [
          "0"
        ],
        "Expires": [
          "-1"
        ],
        "Retry-After": [
          "0"
        ]
      },
      "ResponseBody": "",
      "StatusCode": 204
    },
    {
      "RequestUri": "/subscriptions/e78961ba-36fe-4739-9212-e3031b4c8db7/resourcegroups/ps9950?api-version=2018-05-01",
      "EncodedRequestUri": "L3N1YnNjcmlwdGlvbnMvZTc4OTYxYmEtMzZmZS00NzM5LTkyMTItZTMwMzFiNGM4ZGI3L3Jlc291cmNlZ3JvdXBzL3BzOTk1MD9hcGktdmVyc2lvbj0yMDE4LTA1LTAx",
      "RequestMethod": "PUT",
      "RequestBody": "{\r\n  \"location\": \"westus\"\r\n}",
      "RequestHeaders": {
        "x-ms-client-request-id": [
          "e5206f1a-2c79-4077-867d-4bef7407115a"
        ],
        "Accept-Language": [
          "en-US"
        ],
        "User-Agent": [
          "FxVersion/4.6.27414.06",
          "OSName/Windows",
          "OSVersion/Microsoft.Windows.10.0.18362.",
          "Microsoft.Azure.Management.ResourceManager.ResourceManagementClient/1.9.1.0"
        ],
        "Content-Type": [
          "application/json; charset=utf-8"
        ],
        "Content-Length": [
          "28"
        ]
      },
      "ResponseHeaders": {
        "Cache-Control": [
          "no-cache"
        ],
        "Pragma": [
          "no-cache"
        ],
        "x-ms-ratelimit-remaining-subscription-writes": [
          "1199"
        ],
        "x-ms-request-id": [
          "f62fcba3-0252-4a05-992f-3b5da4ff8582"
        ],
        "x-ms-correlation-request-id": [
          "f62fcba3-0252-4a05-992f-3b5da4ff8582"
        ],
        "x-ms-routing-request-id": [
          "WESTUS:20190715T205350Z:f62fcba3-0252-4a05-992f-3b5da4ff8582"
        ],
        "Strict-Transport-Security": [
          "max-age=31536000; includeSubDomains"
        ],
        "X-Content-Type-Options": [
          "nosniff"
        ],
        "Date": [
          "Mon, 15 Jul 2019 20:53:50 GMT"
        ],
        "Content-Length": [
          "165"
        ],
        "Content-Type": [
          "application/json; charset=utf-8"
        ],
        "Expires": [
          "-1"
        ],
        "Retry-After": [
          "0"
        ]
      },
      "ResponseBody": "{\r\n  \"id\": \"/subscriptions/e78961ba-36fe-4739-9212-e3031b4c8db7/resourceGroups/ps9950\",\r\n  \"name\": \"ps9950\",\r\n  \"location\": \"westus\",\r\n  \"properties\": {\r\n    \"provisioningState\": \"Succeeded\"\r\n  }\r\n}",
      "StatusCode": 201
    },
    {
      "RequestUri": "/subscriptions/e78961ba-36fe-4739-9212-e3031b4c8db7/providers/Microsoft.Authorization/policydefinitions/ps9206?api-version=2019-01-01",
      "EncodedRequestUri": "L3N1YnNjcmlwdGlvbnMvZTc4OTYxYmEtMzZmZS00NzM5LTkyMTItZTMwMzFiNGM4ZGI3L3Byb3ZpZGVycy9NaWNyb3NvZnQuQXV0aG9yaXphdGlvbi9wb2xpY3lkZWZpbml0aW9ucy9wczkyMDY/YXBpLXZlcnNpb249MjAxOS0wMS0wMQ==",
      "RequestMethod": "PUT",
      "RequestBody": "{\r\n  \"name\": \"ps9206\",\r\n  \"properties\": {\r\n    \"description\": \"Unit test junk: sorry for littering. Please delete me!\",\r\n    \"policyRule\": {\r\n      \"if\": {\r\n        \"source\": \"action\",\r\n        \"equals\": \"Microsoft.Resources/Subscriptions/ResourceGroups/write\"\r\n      },\r\n      \"then\": {\r\n        \"effect\": \"deny\"\r\n      }\r\n    },\r\n    \"mode\": \"All\"\r\n  }\r\n}",
      "RequestHeaders": {
        "User-Agent": [
          "AzurePowershell/v1.0.0",
          "PSVersion/v6.1.0"
        ],
        "ParameterSetName": [
          "NameParameterSet"
        ],
        "CommandName": [
          "New-AzPolicyDefinition"
        ],
        "Content-Type": [
          "application/json; charset=utf-8"
        ],
        "Content-Length": [
          "357"
        ]
      },
      "ResponseHeaders": {
        "Cache-Control": [
          "no-cache"
        ],
        "Pragma": [
          "no-cache"
        ],
        "x-ms-request-id": [
          "westus:26fd5126-9f0a-4fb4-88fb-582e53ba3177"
        ],
        "x-ms-ratelimit-remaining-subscription-writes": [
          "1198"
        ],
        "x-ms-correlation-request-id": [
          "69672182-1120-43a4-bb4a-ecc350e523e2"
        ],
        "x-ms-routing-request-id": [
          "WESTUS:20190715T205351Z:69672182-1120-43a4-bb4a-ecc350e523e2"
        ],
        "Strict-Transport-Security": [
          "max-age=31536000; includeSubDomains"
        ],
        "X-Content-Type-Options": [
          "nosniff"
        ],
        "Date": [
          "Mon, 15 Jul 2019 20:53:50 GMT"
        ],
        "Content-Length": [
          "579"
        ],
        "Content-Type": [
          "application/json; charset=utf-8"
        ],
        "Expires": [
          "-1"
        ],
        "Retry-After": [
          "0"
        ]
      },
      "ResponseBody": "{\r\n  \"properties\": {\r\n    \"policyType\": \"Custom\",\r\n    \"mode\": \"All\",\r\n    \"description\": \"Unit test junk: sorry for littering. Please delete me!\",\r\n    \"metadata\": {\r\n      \"createdBy\": \"5549abd9-7aae-41fa-a276-5060abe448d5\",\r\n      \"createdOn\": \"2019-07-15T20:53:51.1839729Z\",\r\n      \"updatedBy\": null,\r\n      \"updatedOn\": null\r\n    },\r\n    \"policyRule\": {\r\n      \"if\": {\r\n        \"source\": \"action\",\r\n        \"equals\": \"Microsoft.Resources/Subscriptions/ResourceGroups/write\"\r\n      },\r\n      \"then\": {\r\n        \"effect\": \"deny\"\r\n      }\r\n    }\r\n  },\r\n  \"id\": \"/subscriptions/e78961ba-36fe-4739-9212-e3031b4c8db7/providers/Microsoft.Authorization/policyDefinitions/ps9206\",\r\n  \"type\": \"Microsoft.Authorization/policyDefinitions\",\r\n  \"name\": \"ps9206\"\r\n}",
      "StatusCode": 201
    },
    {
      "RequestUri": "/subscriptions/e78961ba-36fe-4739-9212-e3031b4c8db7/resourceGroups/ps9950/providers/Microsoft.Authorization/policyassignments/testPA?api-version=2019-01-01",
      "EncodedRequestUri": "L3N1YnNjcmlwdGlvbnMvZTc4OTYxYmEtMzZmZS00NzM5LTkyMTItZTMwMzFiNGM4ZGI3L3Jlc291cmNlR3JvdXBzL3BzOTk1MC9wcm92aWRlcnMvTWljcm9zb2Z0LkF1dGhvcml6YXRpb24vcG9saWN5YXNzaWdubWVudHMvdGVzdFBBP2FwaS12ZXJzaW9uPTIwMTktMDEtMDE=",
      "RequestMethod": "PUT",
      "RequestBody": "{\r\n  \"properties\": {\r\n    \"scope\": \"/subscriptions/e78961ba-36fe-4739-9212-e3031b4c8db7/resourceGroups/ps9950\",\r\n    \"description\": \"Unit test junk: sorry for littering. Please delete me!\",\r\n    \"policyDefinitionId\": \"/subscriptions/e78961ba-36fe-4739-9212-e3031b4c8db7/providers/Microsoft.Authorization/policyDefinitions/ps9206\"\r\n  },\r\n  \"name\": \"testPA\",\r\n  \"identity\": {\r\n    \"type\": \"SystemAssigned\"\r\n  },\r\n  \"location\": \"westus\"\r\n}",
      "RequestHeaders": {
        "User-Agent": [
          "AzurePowershell/v1.0.0",
          "PSVersion/v6.1.0"
        ],
        "ParameterSetName": [
          "DefaultParameterSet"
        ],
        "CommandName": [
          "New-AzPolicyAssignment"
        ],
        "Content-Type": [
          "application/json; charset=utf-8"
        ],
        "Content-Length": [
          "436"
        ]
      },
      "ResponseHeaders": {
        "Cache-Control": [
          "no-cache"
        ],
        "Pragma": [
          "no-cache"
        ],
        "x-ms-request-id": [
          "westus:fe89382a-b7d9-4f97-af45-d3b80e11dd66"
        ],
        "x-ms-ratelimit-remaining-subscription-writes": [
          "1199"
        ],
        "x-ms-correlation-request-id": [
          "be188099-d229-4e8b-a37f-d9c1469cd894"
        ],
        "x-ms-routing-request-id": [
          "WESTUS:20190715T205353Z:be188099-d229-4e8b-a37f-d9c1469cd894"
        ],
        "Strict-Transport-Security": [
          "max-age=31536000; includeSubDomains"
        ],
        "X-Content-Type-Options": [
          "nosniff"
        ],
        "Date": [
          "Mon, 15 Jul 2019 20:53:52 GMT"
        ],
        "Content-Length": [
          "847"
        ],
        "Content-Type": [
          "application/json; charset=utf-8"
        ],
        "Expires": [
          "-1"
        ],
        "Retry-After": [
          "0"
        ]
      },
      "ResponseBody": "{\r\n  \"sku\": {\r\n    \"name\": \"A0\",\r\n    \"tier\": \"Free\"\r\n  },\r\n  \"properties\": {\r\n    \"policyDefinitionId\": \"/subscriptions/e78961ba-36fe-4739-9212-e3031b4c8db7/providers/Microsoft.Authorization/policyDefinitions/ps9206\",\r\n    \"scope\": \"/subscriptions/e78961ba-36fe-4739-9212-e3031b4c8db7/resourceGroups/ps9950\",\r\n    \"description\": \"Unit test junk: sorry for littering. Please delete me!\",\r\n    \"metadata\": {\r\n      \"createdBy\": \"5549abd9-7aae-41fa-a276-5060abe448d5\",\r\n      \"createdOn\": \"2019-07-15T20:53:52.9963972Z\",\r\n      \"updatedBy\": null,\r\n      \"updatedOn\": null\r\n    }\r\n  },\r\n  \"identity\": {\r\n    \"principalId\": \"146c093c-2f7d-47ad-90a1-9251df627d09\",\r\n    \"tenantId\": \"72f988bf-86f1-41af-91ab-2d7cd011db47\",\r\n    \"type\": \"SystemAssigned\"\r\n  },\r\n  \"id\": \"/subscriptions/e78961ba-36fe-4739-9212-e3031b4c8db7/resourceGroups/ps9950/providers/Microsoft.Authorization/policyAssignments/testPA\",\r\n  \"type\": \"Microsoft.Authorization/policyAssignments\",\r\n  \"name\": \"testPA\",\r\n  \"location\": \"westus\"\r\n}",
      "StatusCode": 201
    },
    {
      "RequestUri": "/subscriptions/e78961ba-36fe-4739-9212-e3031b4c8db7/resourceGroups/ps9950/providers/Microsoft.Authorization/policyassignments/testPA?api-version=2019-01-01",
      "EncodedRequestUri": "L3N1YnNjcmlwdGlvbnMvZTc4OTYxYmEtMzZmZS00NzM5LTkyMTItZTMwMzFiNGM4ZGI3L3Jlc291cmNlR3JvdXBzL3BzOTk1MC9wcm92aWRlcnMvTWljcm9zb2Z0LkF1dGhvcml6YXRpb24vcG9saWN5YXNzaWdubWVudHMvdGVzdFBBP2FwaS12ZXJzaW9uPTIwMTktMDEtMDE=",
      "RequestMethod": "GET",
      "RequestBody": "",
      "RequestHeaders": {
        "User-Agent": [
          "AzurePowershell/v1.0.0",
          "PSVersion/v6.1.0"
        ],
        "ParameterSetName": [
          "NameParameterSet"
        ],
        "CommandName": [
          "Get-AzPolicyAssignment"
        ]
      },
      "ResponseHeaders": {
        "Cache-Control": [
          "no-cache"
        ],
        "Pragma": [
          "no-cache"
        ],
        "Vary": [
          "Accept-Encoding"
        ],
        "x-ms-request-id": [
          "westus:f0456ed7-47fd-40c5-ae15-f9ed37a80e51"
        ],
        "x-ms-ratelimit-remaining-subscription-reads": [
          "11997"
        ],
        "x-ms-correlation-request-id": [
          "82d0c7d7-9bd8-4c10-9611-151a6679e793"
        ],
        "x-ms-routing-request-id": [
          "WESTUS:20190715T205353Z:82d0c7d7-9bd8-4c10-9611-151a6679e793"
        ],
        "Strict-Transport-Security": [
          "max-age=31536000; includeSubDomains"
        ],
        "X-Content-Type-Options": [
          "nosniff"
        ],
        "Date": [
          "Mon, 15 Jul 2019 20:53:52 GMT"
        ],
        "Content-Length": [
          "847"
        ],
        "Content-Type": [
          "application/json; charset=utf-8"
        ],
        "Expires": [
          "-1"
        ],
        "Retry-After": [
          "0"
        ]
      },
      "ResponseBody": "{\r\n  \"sku\": {\r\n    \"name\": \"A0\",\r\n    \"tier\": \"Free\"\r\n  },\r\n  \"properties\": {\r\n    \"policyDefinitionId\": \"/subscriptions/e78961ba-36fe-4739-9212-e3031b4c8db7/providers/Microsoft.Authorization/policyDefinitions/ps9206\",\r\n    \"scope\": \"/subscriptions/e78961ba-36fe-4739-9212-e3031b4c8db7/resourceGroups/ps9950\",\r\n    \"description\": \"Unit test junk: sorry for littering. Please delete me!\",\r\n    \"metadata\": {\r\n      \"createdBy\": \"5549abd9-7aae-41fa-a276-5060abe448d5\",\r\n      \"createdOn\": \"2019-07-15T20:53:52.9963972Z\",\r\n      \"updatedBy\": null,\r\n      \"updatedOn\": null\r\n    }\r\n  },\r\n  \"identity\": {\r\n    \"principalId\": \"146c093c-2f7d-47ad-90a1-9251df627d09\",\r\n    \"tenantId\": \"72f988bf-86f1-41af-91ab-2d7cd011db47\",\r\n    \"type\": \"SystemAssigned\"\r\n  },\r\n  \"id\": \"/subscriptions/e78961ba-36fe-4739-9212-e3031b4c8db7/resourceGroups/ps9950/providers/Microsoft.Authorization/policyAssignments/testPA\",\r\n  \"type\": \"Microsoft.Authorization/policyAssignments\",\r\n  \"name\": \"testPA\",\r\n  \"location\": \"westus\"\r\n}",
      "StatusCode": 200
    },
    {
      "RequestUri": "/subscriptions/e78961ba-36fe-4739-9212-e3031b4c8db7/resourceGroups/ps9950/providers/Microsoft.Authorization/policyAssignments/testPA?api-version=2019-01-01",
      "EncodedRequestUri": "L3N1YnNjcmlwdGlvbnMvZTc4OTYxYmEtMzZmZS00NzM5LTkyMTItZTMwMzFiNGM4ZGI3L3Jlc291cmNlR3JvdXBzL3BzOTk1MC9wcm92aWRlcnMvTWljcm9zb2Z0LkF1dGhvcml6YXRpb24vcG9saWN5QXNzaWdubWVudHMvdGVzdFBBP2FwaS12ZXJzaW9uPTIwMTktMDEtMDE=",
      "RequestMethod": "GET",
      "RequestBody": "",
      "RequestHeaders": {
        "User-Agent": [
          "AzurePowershell/v1.0.0",
          "PSVersion/v6.1.0"
        ],
        "ParameterSetName": [
          "IdParameterSet"
        ],
        "CommandName": [
          "Get-AzPolicyAssignment"
        ]
      },
      "ResponseHeaders": {
        "Cache-Control": [
          "no-cache"
        ],
        "Pragma": [
          "no-cache"
        ],
        "Vary": [
          "Accept-Encoding"
        ],
        "x-ms-request-id": [
          "westus:2a0d73a3-2c4f-4844-ad77-334722dd7e27"
        ],
        "x-ms-ratelimit-remaining-subscription-reads": [
          "11998"
        ],
        "x-ms-correlation-request-id": [
          "aa1622c4-8b64-4177-b1e0-9e28d9dd61fc"
        ],
        "x-ms-routing-request-id": [
          "WESTUS:20190715T205353Z:aa1622c4-8b64-4177-b1e0-9e28d9dd61fc"
        ],
        "Strict-Transport-Security": [
          "max-age=31536000; includeSubDomains"
        ],
        "X-Content-Type-Options": [
          "nosniff"
        ],
        "Date": [
          "Mon, 15 Jul 2019 20:53:53 GMT"
        ],
        "Content-Length": [
          "847"
        ],
        "Content-Type": [
          "application/json; charset=utf-8"
        ],
        "Expires": [
          "-1"
        ],
        "Retry-After": [
          "0"
        ]
      },
      "ResponseBody": "{\r\n  \"sku\": {\r\n    \"name\": \"A0\",\r\n    \"tier\": \"Free\"\r\n  },\r\n  \"properties\": {\r\n    \"policyDefinitionId\": \"/subscriptions/e78961ba-36fe-4739-9212-e3031b4c8db7/providers/Microsoft.Authorization/policyDefinitions/ps9206\",\r\n    \"scope\": \"/subscriptions/e78961ba-36fe-4739-9212-e3031b4c8db7/resourceGroups/ps9950\",\r\n    \"description\": \"Unit test junk: sorry for littering. Please delete me!\",\r\n    \"metadata\": {\r\n      \"createdBy\": \"5549abd9-7aae-41fa-a276-5060abe448d5\",\r\n      \"createdOn\": \"2019-07-15T20:53:52.9963972Z\",\r\n      \"updatedBy\": null,\r\n      \"updatedOn\": null\r\n    }\r\n  },\r\n  \"identity\": {\r\n    \"principalId\": \"146c093c-2f7d-47ad-90a1-9251df627d09\",\r\n    \"tenantId\": \"72f988bf-86f1-41af-91ab-2d7cd011db47\",\r\n    \"type\": \"SystemAssigned\"\r\n  },\r\n  \"id\": \"/subscriptions/e78961ba-36fe-4739-9212-e3031b4c8db7/resourceGroups/ps9950/providers/Microsoft.Authorization/policyAssignments/testPA\",\r\n  \"type\": \"Microsoft.Authorization/policyAssignments\",\r\n  \"name\": \"testPA\",\r\n  \"location\": \"westus\"\r\n}",
      "StatusCode": 200
    },
    {
      "RequestUri": "/subscriptions/e78961ba-36fe-4739-9212-e3031b4c8db7/resourceGroups/ps9950/providers/Microsoft.Authorization/policyAssignments/testPA?api-version=2019-01-01",
      "EncodedRequestUri": "L3N1YnNjcmlwdGlvbnMvZTc4OTYxYmEtMzZmZS00NzM5LTkyMTItZTMwMzFiNGM4ZGI3L3Jlc291cmNlR3JvdXBzL3BzOTk1MC9wcm92aWRlcnMvTWljcm9zb2Z0LkF1dGhvcml6YXRpb24vcG9saWN5QXNzaWdubWVudHMvdGVzdFBBP2FwaS12ZXJzaW9uPTIwMTktMDEtMDE=",
      "RequestMethod": "GET",
      "RequestBody": "",
      "RequestHeaders": {
        "User-Agent": [
          "AzurePowershell/v1.0.0",
          "PSVersion/v6.1.0"
        ],
        "ParameterSetName": [
          "IdParameterSet"
        ],
        "CommandName": [
          "Set-AzPolicyAssignment"
        ]
      },
      "ResponseHeaders": {
        "Cache-Control": [
          "no-cache"
        ],
        "Pragma": [
          "no-cache"
        ],
        "Vary": [
          "Accept-Encoding"
        ],
        "x-ms-request-id": [
          "westus:4422eb12-60d9-44c2-b7cd-b45754d2bc60"
        ],
        "x-ms-ratelimit-remaining-subscription-reads": [
          "11996"
        ],
        "x-ms-correlation-request-id": [
          "103f76a9-31da-46a0-8ff0-8d7e5f1b6568"
        ],
        "x-ms-routing-request-id": [
          "WESTUS:20190715T205353Z:103f76a9-31da-46a0-8ff0-8d7e5f1b6568"
        ],
        "Strict-Transport-Security": [
          "max-age=31536000; includeSubDomains"
        ],
        "X-Content-Type-Options": [
          "nosniff"
        ],
        "Date": [
          "Mon, 15 Jul 2019 20:53:53 GMT"
        ],
        "Content-Length": [
          "847"
        ],
        "Content-Type": [
          "application/json; charset=utf-8"
        ],
        "Expires": [
          "-1"
        ],
        "Retry-After": [
          "0"
        ]
      },
      "ResponseBody": "{\r\n  \"sku\": {\r\n    \"name\": \"A0\",\r\n    \"tier\": \"Free\"\r\n  },\r\n  \"properties\": {\r\n    \"policyDefinitionId\": \"/subscriptions/e78961ba-36fe-4739-9212-e3031b4c8db7/providers/Microsoft.Authorization/policyDefinitions/ps9206\",\r\n    \"scope\": \"/subscriptions/e78961ba-36fe-4739-9212-e3031b4c8db7/resourceGroups/ps9950\",\r\n    \"description\": \"Unit test junk: sorry for littering. Please delete me!\",\r\n    \"metadata\": {\r\n      \"createdBy\": \"5549abd9-7aae-41fa-a276-5060abe448d5\",\r\n      \"createdOn\": \"2019-07-15T20:53:52.9963972Z\",\r\n      \"updatedBy\": null,\r\n      \"updatedOn\": null\r\n    }\r\n  },\r\n  \"identity\": {\r\n    \"principalId\": \"146c093c-2f7d-47ad-90a1-9251df627d09\",\r\n    \"tenantId\": \"72f988bf-86f1-41af-91ab-2d7cd011db47\",\r\n    \"type\": \"SystemAssigned\"\r\n  },\r\n  \"id\": \"/subscriptions/e78961ba-36fe-4739-9212-e3031b4c8db7/resourceGroups/ps9950/providers/Microsoft.Authorization/policyAssignments/testPA\",\r\n  \"type\": \"Microsoft.Authorization/policyAssignments\",\r\n  \"name\": \"testPA\",\r\n  \"location\": \"westus\"\r\n}",
      "StatusCode": 200
    },
    {
      "RequestUri": "/subscriptions/e78961ba-36fe-4739-9212-e3031b4c8db7/resourceGroups/ps9950/providers/Microsoft.Authorization/policyAssignments/testPA?api-version=2019-01-01",
      "EncodedRequestUri": "L3N1YnNjcmlwdGlvbnMvZTc4OTYxYmEtMzZmZS00NzM5LTkyMTItZTMwMzFiNGM4ZGI3L3Jlc291cmNlR3JvdXBzL3BzOTk1MC9wcm92aWRlcnMvTWljcm9zb2Z0LkF1dGhvcml6YXRpb24vcG9saWN5QXNzaWdubWVudHMvdGVzdFBBP2FwaS12ZXJzaW9uPTIwMTktMDEtMDE=",
      "RequestMethod": "PUT",
      "RequestBody": "{\r\n  \"properties\": {\r\n    \"scope\": \"/subscriptions/e78961ba-36fe-4739-9212-e3031b4c8db7/resourceGroups/ps9950\",\r\n    \"displayName\": \"testDisplay\",\r\n    \"description\": \"Unit test junk: sorry for littering. Please delete me!\",\r\n    \"policyDefinitionId\": \"/subscriptions/e78961ba-36fe-4739-9212-e3031b4c8db7/providers/Microsoft.Authorization/policyDefinitions/ps9206\"\r\n  },\r\n  \"name\": \"testPA\",\r\n  \"location\": \"westus\"\r\n}",
      "RequestHeaders": {
        "User-Agent": [
          "AzurePowershell/v1.0.0",
          "PSVersion/v6.1.0"
        ],
        "ParameterSetName": [
          "IdParameterSet"
        ],
        "CommandName": [
          "Set-AzPolicyAssignment"
        ],
        "Content-Type": [
          "application/json; charset=utf-8"
        ],
        "Content-Length": [
          "418"
        ]
      },
      "ResponseHeaders": {
        "Cache-Control": [
          "no-cache"
        ],
        "Pragma": [
          "no-cache"
        ],
        "x-ms-request-id": [
          "westus:4940b343-f765-4db8-9a30-4335d7a0f9e0"
        ],
        "x-ms-ratelimit-remaining-subscription-writes": [
          "1199"
        ],
        "x-ms-correlation-request-id": [
          "43599ab7-9a0a-469b-9fb4-2fc66c1cb0af"
        ],
        "x-ms-routing-request-id": [
          "WESTUS:20190715T205354Z:43599ab7-9a0a-469b-9fb4-2fc66c1cb0af"
        ],
        "Strict-Transport-Security": [
          "max-age=31536000; includeSubDomains"
        ],
        "X-Content-Type-Options": [
          "nosniff"
        ],
        "Date": [
          "Mon, 15 Jul 2019 20:53:54 GMT"
        ],
        "Content-Length": [
          "935"
        ],
        "Content-Type": [
          "application/json; charset=utf-8"
        ],
        "Expires": [
          "-1"
        ],
        "Retry-After": [
          "0"
        ]
      },
      "ResponseBody": "{\r\n  \"sku\": {\r\n    \"name\": \"A0\",\r\n    \"tier\": \"Free\"\r\n  },\r\n  \"properties\": {\r\n    \"displayName\": \"testDisplay\",\r\n    \"policyDefinitionId\": \"/subscriptions/e78961ba-36fe-4739-9212-e3031b4c8db7/providers/Microsoft.Authorization/policyDefinitions/ps9206\",\r\n    \"scope\": \"/subscriptions/e78961ba-36fe-4739-9212-e3031b4c8db7/resourceGroups/ps9950\",\r\n    \"description\": \"Unit test junk: sorry for littering. Please delete me!\",\r\n    \"metadata\": {\r\n      \"createdBy\": \"5549abd9-7aae-41fa-a276-5060abe448d5\",\r\n      \"createdOn\": \"2019-07-15T20:53:52.9963972Z\",\r\n      \"updatedBy\": \"5549abd9-7aae-41fa-a276-5060abe448d5\",\r\n      \"updatedOn\": \"2019-07-15T20:53:53.8720874Z\"\r\n    }\r\n  },\r\n  \"identity\": {\r\n    \"principalId\": \"146c093c-2f7d-47ad-90a1-9251df627d09\",\r\n    \"tenantId\": \"72f988bf-86f1-41af-91ab-2d7cd011db47\",\r\n    \"type\": \"SystemAssigned\"\r\n  },\r\n  \"id\": \"/subscriptions/e78961ba-36fe-4739-9212-e3031b4c8db7/resourceGroups/ps9950/providers/Microsoft.Authorization/policyAssignments/testPA\",\r\n  \"type\": \"Microsoft.Authorization/policyAssignments\",\r\n  \"name\": \"testPA\",\r\n  \"location\": \"westus\"\r\n}",
      "StatusCode": 201
    },
    {
      "RequestUri": "/subscriptions/e78961ba-36fe-4739-9212-e3031b4c8db7/resourceGroups/ps9950/providers/Microsoft.Authorization/policyassignments/test2?api-version=2019-01-01",
      "EncodedRequestUri": "L3N1YnNjcmlwdGlvbnMvZTc4OTYxYmEtMzZmZS00NzM5LTkyMTItZTMwMzFiNGM4ZGI3L3Jlc291cmNlR3JvdXBzL3BzOTk1MC9wcm92aWRlcnMvTWljcm9zb2Z0LkF1dGhvcml6YXRpb24vcG9saWN5YXNzaWdubWVudHMvdGVzdDI/YXBpLXZlcnNpb249MjAxOS0wMS0wMQ==",
      "RequestMethod": "PUT",
      "RequestBody": "{\r\n  \"properties\": {\r\n    \"scope\": \"/subscriptions/e78961ba-36fe-4739-9212-e3031b4c8db7/resourceGroups/ps9950\",\r\n    \"description\": \"Unit test junk: sorry for littering. Please delete me!\",\r\n    \"policyDefinitionId\": \"/subscriptions/e78961ba-36fe-4739-9212-e3031b4c8db7/providers/Microsoft.Authorization/policyDefinitions/ps9206\"\r\n  },\r\n  \"name\": \"test2\"\r\n}",
      "RequestHeaders": {
        "User-Agent": [
          "AzurePowershell/v1.0.0",
          "PSVersion/v6.1.0"
        ],
        "ParameterSetName": [
          "DefaultParameterSet"
        ],
        "CommandName": [
          "New-AzPolicyAssignment"
        ],
        "Content-Type": [
          "application/json; charset=utf-8"
        ],
        "Content-Length": [
          "357"
        ]
      },
      "ResponseHeaders": {
        "Cache-Control": [
          "no-cache"
        ],
        "Pragma": [
          "no-cache"
        ],
        "x-ms-request-id": [
          "westus:483439b4-469c-4cee-adb8-fc9c2c70e8d7"
        ],
        "x-ms-ratelimit-remaining-subscription-writes": [
          "1197"
        ],
        "x-ms-correlation-request-id": [
          "6e9034a0-9463-4a16-be78-839296eb610e"
        ],
        "x-ms-routing-request-id": [
          "WESTUS:20190715T205355Z:6e9034a0-9463-4a16-be78-839296eb610e"
        ],
        "Strict-Transport-Security": [
          "max-age=31536000; includeSubDomains"
        ],
        "X-Content-Type-Options": [
          "nosniff"
        ],
        "Date": [
          "Mon, 15 Jul 2019 20:53:55 GMT"
        ],
        "Content-Length": [
          "684"
        ],
        "Content-Type": [
          "application/json; charset=utf-8"
        ],
        "Expires": [
          "-1"
        ],
        "Retry-After": [
          "0"
        ]
      },
      "ResponseBody": "{\r\n  \"sku\": {\r\n    \"name\": \"A0\",\r\n    \"tier\": \"Free\"\r\n  },\r\n  \"properties\": {\r\n    \"policyDefinitionId\": \"/subscriptions/e78961ba-36fe-4739-9212-e3031b4c8db7/providers/Microsoft.Authorization/policyDefinitions/ps9206\",\r\n    \"scope\": \"/subscriptions/e78961ba-36fe-4739-9212-e3031b4c8db7/resourceGroups/ps9950\",\r\n    \"description\": \"Unit test junk: sorry for littering. Please delete me!\",\r\n    \"metadata\": {\r\n      \"createdBy\": \"5549abd9-7aae-41fa-a276-5060abe448d5\",\r\n      \"createdOn\": \"2019-07-15T20:53:54.664848Z\",\r\n      \"updatedBy\": null,\r\n      \"updatedOn\": null\r\n    }\r\n  },\r\n  \"id\": \"/subscriptions/e78961ba-36fe-4739-9212-e3031b4c8db7/resourceGroups/ps9950/providers/Microsoft.Authorization/policyAssignments/test2\",\r\n  \"type\": \"Microsoft.Authorization/policyAssignments\",\r\n  \"name\": \"test2\"\r\n}",
      "StatusCode": 201
    },
    {
      "RequestUri": "/subscriptions/e78961ba-36fe-4739-9212-e3031b4c8db7/resourceGroups/ps9950/providers/Microsoft.Authorization/policyAssignments/test2?api-version=2019-01-01",
      "EncodedRequestUri": "L3N1YnNjcmlwdGlvbnMvZTc4OTYxYmEtMzZmZS00NzM5LTkyMTItZTMwMzFiNGM4ZGI3L3Jlc291cmNlR3JvdXBzL3BzOTk1MC9wcm92aWRlcnMvTWljcm9zb2Z0LkF1dGhvcml6YXRpb24vcG9saWN5QXNzaWdubWVudHMvdGVzdDI/YXBpLXZlcnNpb249MjAxOS0wMS0wMQ==",
      "RequestMethod": "GET",
      "RequestBody": "",
      "RequestHeaders": {
        "User-Agent": [
          "AzurePowershell/v1.0.0",
          "PSVersion/v6.1.0"
        ],
        "ParameterSetName": [
          "IdParameterSet"
        ],
        "CommandName": [
          "Set-AzPolicyAssignment"
        ]
      },
      "ResponseHeaders": {
        "Cache-Control": [
          "no-cache"
        ],
        "Pragma": [
          "no-cache"
        ],
        "Vary": [
          "Accept-Encoding"
        ],
        "x-ms-request-id": [
          "westus:f81cbc03-bc9c-4ae8-99c9-d9e3a03d833f"
        ],
        "x-ms-ratelimit-remaining-subscription-reads": [
          "11994"
        ],
        "x-ms-correlation-request-id": [
          "6e2eab3f-7cd3-442b-90a4-febea20f583c"
        ],
        "x-ms-routing-request-id": [
          "WESTUS:20190715T205355Z:6e2eab3f-7cd3-442b-90a4-febea20f583c"
        ],
        "Strict-Transport-Security": [
          "max-age=31536000; includeSubDomains"
        ],
        "X-Content-Type-Options": [
          "nosniff"
        ],
        "Date": [
          "Mon, 15 Jul 2019 20:53:54 GMT"
        ],
        "Content-Length": [
          "684"
        ],
        "Content-Type": [
          "application/json; charset=utf-8"
        ],
        "Expires": [
          "-1"
        ],
        "Retry-After": [
          "0"
        ]
      },
      "ResponseBody": "{\r\n  \"sku\": {\r\n    \"name\": \"A0\",\r\n    \"tier\": \"Free\"\r\n  },\r\n  \"properties\": {\r\n    \"policyDefinitionId\": \"/subscriptions/e78961ba-36fe-4739-9212-e3031b4c8db7/providers/Microsoft.Authorization/policyDefinitions/ps9206\",\r\n    \"scope\": \"/subscriptions/e78961ba-36fe-4739-9212-e3031b4c8db7/resourceGroups/ps9950\",\r\n    \"description\": \"Unit test junk: sorry for littering. Please delete me!\",\r\n    \"metadata\": {\r\n      \"createdBy\": \"5549abd9-7aae-41fa-a276-5060abe448d5\",\r\n      \"createdOn\": \"2019-07-15T20:53:54.664848Z\",\r\n      \"updatedBy\": null,\r\n      \"updatedOn\": null\r\n    }\r\n  },\r\n  \"id\": \"/subscriptions/e78961ba-36fe-4739-9212-e3031b4c8db7/resourceGroups/ps9950/providers/Microsoft.Authorization/policyAssignments/test2\",\r\n  \"type\": \"Microsoft.Authorization/policyAssignments\",\r\n  \"name\": \"test2\"\r\n}",
      "StatusCode": 200
    },
    {
      "RequestUri": "/subscriptions/e78961ba-36fe-4739-9212-e3031b4c8db7/resourceGroups/ps9950/providers/Microsoft.Authorization/policyAssignments/test2?api-version=2019-01-01",
      "EncodedRequestUri": "L3N1YnNjcmlwdGlvbnMvZTc4OTYxYmEtMzZmZS00NzM5LTkyMTItZTMwMzFiNGM4ZGI3L3Jlc291cmNlR3JvdXBzL3BzOTk1MC9wcm92aWRlcnMvTWljcm9zb2Z0LkF1dGhvcml6YXRpb24vcG9saWN5QXNzaWdubWVudHMvdGVzdDI/YXBpLXZlcnNpb249MjAxOS0wMS0wMQ==",
      "RequestMethod": "PUT",
      "RequestBody": "{\r\n  \"properties\": {\r\n    \"scope\": \"/subscriptions/e78961ba-36fe-4739-9212-e3031b4c8db7/resourceGroups/ps9950\",\r\n    \"description\": \"Unit test junk: sorry for littering. Please delete me!\",\r\n    \"policyDefinitionId\": \"/subscriptions/e78961ba-36fe-4739-9212-e3031b4c8db7/providers/Microsoft.Authorization/policyDefinitions/ps9206\"\r\n  },\r\n  \"name\": \"test2\",\r\n  \"identity\": {\r\n    \"type\": \"SystemAssigned\"\r\n  },\r\n  \"location\": \"westus\"\r\n}",
      "RequestHeaders": {
        "User-Agent": [
          "AzurePowershell/v1.0.0",
          "PSVersion/v6.1.0"
        ],
        "ParameterSetName": [
          "IdParameterSet"
        ],
        "CommandName": [
          "Set-AzPolicyAssignment"
        ],
        "Content-Type": [
          "application/json; charset=utf-8"
        ],
        "Content-Length": [
          "435"
        ]
      },
      "ResponseHeaders": {
        "Cache-Control": [
          "no-cache"
        ],
        "Pragma": [
          "no-cache"
        ],
        "x-ms-request-id": [
          "westus:189c55b0-aa2f-45fa-97a1-3a50ee1cf7b2"
        ],
        "x-ms-ratelimit-remaining-subscription-writes": [
          "1198"
        ],
        "x-ms-correlation-request-id": [
          "e0217875-dc8d-48af-b556-824f66628ca5"
        ],
        "x-ms-routing-request-id": [
          "WESTUS:20190715T205357Z:e0217875-dc8d-48af-b556-824f66628ca5"
        ],
        "Strict-Transport-Security": [
          "max-age=31536000; includeSubDomains"
        ],
        "X-Content-Type-Options": [
          "nosniff"
        ],
        "Date": [
          "Mon, 15 Jul 2019 20:53:57 GMT"
        ],
        "Content-Length": [
          "904"
        ],
        "Content-Type": [
          "application/json; charset=utf-8"
        ],
        "Expires": [
          "-1"
        ],
        "Retry-After": [
          "0"
        ]
      },
      "ResponseBody": "{\r\n  \"sku\": {\r\n    \"name\": \"A0\",\r\n    \"tier\": \"Free\"\r\n  },\r\n  \"properties\": {\r\n    \"policyDefinitionId\": \"/subscriptions/e78961ba-36fe-4739-9212-e3031b4c8db7/providers/Microsoft.Authorization/policyDefinitions/ps9206\",\r\n    \"scope\": \"/subscriptions/e78961ba-36fe-4739-9212-e3031b4c8db7/resourceGroups/ps9950\",\r\n    \"description\": \"Unit test junk: sorry for littering. Please delete me!\",\r\n    \"metadata\": {\r\n      \"createdBy\": \"5549abd9-7aae-41fa-a276-5060abe448d5\",\r\n      \"createdOn\": \"2019-07-15T20:53:54.664848Z\",\r\n      \"updatedBy\": \"5549abd9-7aae-41fa-a276-5060abe448d5\",\r\n      \"updatedOn\": \"2019-07-15T20:53:56.7337569Z\"\r\n    }\r\n  },\r\n  \"identity\": {\r\n    \"principalId\": \"05a6cda1-1341-4a9e-a9a1-a21b087c8fcc\",\r\n    \"tenantId\": \"72f988bf-86f1-41af-91ab-2d7cd011db47\",\r\n    \"type\": \"SystemAssigned\"\r\n  },\r\n  \"id\": \"/subscriptions/e78961ba-36fe-4739-9212-e3031b4c8db7/resourceGroups/ps9950/providers/Microsoft.Authorization/policyAssignments/test2\",\r\n  \"type\": \"Microsoft.Authorization/policyAssignments\",\r\n  \"name\": \"test2\",\r\n  \"location\": \"westus\"\r\n}",
      "StatusCode": 201
    },
    {
      "RequestUri": "/subscriptions/e78961ba-36fe-4739-9212-e3031b4c8db7/resourceGroups/ps9950/providers/Microsoft.Authorization/policyassignments?$filter=atScope()&api-version=2019-01-01",
      "EncodedRequestUri": "L3N1YnNjcmlwdGlvbnMvZTc4OTYxYmEtMzZmZS00NzM5LTkyMTItZTMwMzFiNGM4ZGI3L3Jlc291cmNlR3JvdXBzL3BzOTk1MC9wcm92aWRlcnMvTWljcm9zb2Z0LkF1dGhvcml6YXRpb24vcG9saWN5YXNzaWdubWVudHM/JGZpbHRlcj1hdFNjb3BlKCkmYXBpLXZlcnNpb249MjAxOS0wMS0wMQ==",
      "RequestMethod": "GET",
      "RequestBody": "",
      "RequestHeaders": {
        "User-Agent": [
          "AzurePowershell/v1.0.0",
          "PSVersion/v6.1.0"
        ],
        "ParameterSetName": [
          "NameParameterSet"
        ],
        "CommandName": [
          "Get-AzPolicyAssignment"
        ]
      },
      "ResponseHeaders": {
        "Cache-Control": [
          "no-cache"
        ],
        "Pragma": [
          "no-cache"
        ],
        "Vary": [
          "Accept-Encoding"
        ],
        "x-ms-request-id": [
          "westus:ce4b9a0d-e222-4223-a6ad-81d5df8b6014"
        ],
        "x-ms-ratelimit-remaining-subscription-reads": [
          "11993"
        ],
        "x-ms-correlation-request-id": [
          "d8e0362e-4f9a-49cd-a894-d2f238a6ca9b"
        ],
        "x-ms-routing-request-id": [
          "WESTUS:20190715T205357Z:d8e0362e-4f9a-49cd-a894-d2f238a6ca9b"
        ],
        "Strict-Transport-Security": [
          "max-age=31536000; includeSubDomains"
        ],
        "X-Content-Type-Options": [
          "nosniff"
        ],
        "Date": [
          "Mon, 15 Jul 2019 20:53:56 GMT"
        ],
        "Content-Length": [
          "8330"
        ],
        "Content-Type": [
          "application/json; charset=utf-8"
        ],
        "Expires": [
          "-1"
        ],
        "Retry-After": [
          "0"
        ]
      },
      "ResponseBody": "{\r\n  \"value\": [\r\n    {\r\n      \"sku\": {\r\n        \"name\": \"A0\",\r\n        \"tier\": \"Free\"\r\n      },\r\n      \"properties\": {\r\n        \"displayName\": \"[Preview]: Enable Monitoring in Azure Security Center\",\r\n        \"policyDefinitionId\": \"/providers/Microsoft.Authorization/policySetDefinitions/1f3afdf9-d0c9-4c3d-847f-89da613e70a8\",\r\n        \"scope\": \"/subscriptions/e78961ba-36fe-4739-9212-e3031b4c8db7\",\r\n        \"notScopes\": [],\r\n        \"parameters\": {},\r\n        \"metadata\": {\r\n          \"assignedBy\": \"Sandip Shahane\",\r\n          \"parameterScopes\": {}\r\n        }\r\n      },\r\n      \"id\": \"/subscriptions/e78961ba-36fe-4739-9212-e3031b4c8db7/providers/Microsoft.Authorization/policyAssignments/1e4e70f9cd4846268b6998ee\",\r\n      \"type\": \"Microsoft.Authorization/policyAssignments\",\r\n      \"name\": \"1e4e70f9cd4846268b6998ee\",\r\n      \"location\": \"eastus\"\r\n    },\r\n    {\r\n      \"sku\": {\r\n        \"name\": \"A0\",\r\n        \"tier\": \"Free\"\r\n      },\r\n      \"properties\": {\r\n        \"displayName\": \"VMs with no Managed Disk\",\r\n        \"policyDefinitionId\": \"/subscriptions/e78961ba-36fe-4739-9212-e3031b4c8db7/providers/Microsoft.Authorization/policyDefinitions/95696b24-404f-4376-a9a6-7fa8ba91e4d5\",\r\n        \"scope\": \"/subscriptions/e78961ba-36fe-4739-9212-e3031b4c8db7\",\r\n        \"notScopes\": [],\r\n        \"parameters\": {},\r\n        \"metadata\": {\r\n          \"assignedBy\": \"Tigran Shahbazian\",\r\n          \"parameterScopes\": {}\r\n        }\r\n      },\r\n      \"id\": \"/subscriptions/e78961ba-36fe-4739-9212-e3031b4c8db7/providers/Microsoft.Authorization/policyAssignments/21e5086343384f34a3b2d10b\",\r\n      \"type\": \"Microsoft.Authorization/policyAssignments\",\r\n      \"name\": \"21e5086343384f34a3b2d10b\"\r\n    },\r\n    {\r\n      \"sku\": {\r\n        \"name\": \"A0\",\r\n        \"tier\": \"Free\"\r\n      },\r\n      \"properties\": {\r\n        \"displayName\": \"Audit unrestricted network access to storage accounts\",\r\n        \"policyDefinitionId\": \"/providers/Microsoft.Authorization/policyDefinitions/34c877ad-507e-4c82-993e-3452a6e0ad3c\",\r\n        \"scope\": \"/subscriptions/e78961ba-36fe-4739-9212-e3031b4c8db7\",\r\n        \"notScopes\": [],\r\n        \"parameters\": {},\r\n        \"metadata\": {\r\n          \"assignedBy\": \"Sandip Shahane\",\r\n          \"parameterScopes\": {}\r\n        }\r\n      },\r\n      \"id\": \"/subscriptions/e78961ba-36fe-4739-9212-e3031b4c8db7/providers/Microsoft.Authorization/policyAssignments/4d31128e32d04a0098fd536e\",\r\n      \"type\": \"Microsoft.Authorization/policyAssignments\",\r\n      \"name\": \"4d31128e32d04a0098fd536e\",\r\n      \"location\": \"eastus\"\r\n    },\r\n    {\r\n      \"sku\": {\r\n        \"name\": \"A0\",\r\n        \"tier\": \"Free\"\r\n      },\r\n      \"properties\": {\r\n        \"displayName\": \"[Preview]: Enable Monitoring in Azure Security Center\",\r\n        \"policyDefinitionId\": \"/providers/Microsoft.Authorization/policySetDefinitions/1f3afdf9-d0c9-4c3d-847f-89da613e70a8\",\r\n        \"scope\": \"/subscriptions/e78961ba-36fe-4739-9212-e3031b4c8db7\",\r\n        \"notScopes\": [],\r\n        \"parameters\": {},\r\n        \"metadata\": {\r\n          \"assignedBy\": \"Sandip Shahane\",\r\n          \"parameterScopes\": {}\r\n        }\r\n      },\r\n      \"id\": \"/subscriptions/e78961ba-36fe-4739-9212-e3031b4c8db7/providers/Microsoft.Authorization/policyAssignments/4e4179ff39194a62bad4ef3e\",\r\n      \"type\": \"Microsoft.Authorization/policyAssignments\",\r\n      \"name\": \"4e4179ff39194a62bad4ef3e\",\r\n      \"location\": \"eastus\"\r\n    },\r\n    {\r\n      \"sku\": {\r\n        \"name\": \"A0\",\r\n        \"tier\": \"Free\"\r\n      },\r\n      \"properties\": {\r\n        \"displayName\": \"[Preview]: Audit missing blob encryption for storage accounts\",\r\n        \"policyDefinitionId\": \"/providers/Microsoft.Authorization/policyDefinitions/655cb504-bcee-4362-bd4c-402e6aa38759\",\r\n        \"scope\": \"/subscriptions/e78961ba-36fe-4739-9212-e3031b4c8db7\",\r\n        \"notScopes\": [],\r\n        \"parameters\": {},\r\n        \"metadata\": {\r\n          \"assignedBy\": \"Sandip Shahane\",\r\n          \"parameterScopes\": {}\r\n        }\r\n      },\r\n      \"id\": \"/subscriptions/e78961ba-36fe-4739-9212-e3031b4c8db7/providers/Microsoft.Authorization/policyAssignments/5e9286a7cef840afb36b18a7\",\r\n      \"type\": \"Microsoft.Authorization/policyAssignments\",\r\n      \"name\": \"5e9286a7cef840afb36b18a7\",\r\n      \"location\": \"eastus\"\r\n    },\r\n    {\r\n      \"sku\": {\r\n        \"name\": \"A0\",\r\n        \"tier\": \"Free\"\r\n      },\r\n      \"properties\": {\r\n        \"displayName\": \"[Preview]: Enable Monitoring in Azure Security Center\",\r\n        \"policyDefinitionId\": \"/providers/Microsoft.Authorization/policySetDefinitions/1f3afdf9-d0c9-4c3d-847f-89da613e70a8\",\r\n        \"scope\": \"/subscriptions/e78961ba-36fe-4739-9212-e3031b4c8db7\",\r\n        \"notScopes\": [],\r\n        \"parameters\": {},\r\n        \"metadata\": {\r\n          \"assignedBy\": \"Rohit Bhardwaj\",\r\n          \"parameterScopes\": {},\r\n          \"createdBy\": \"22ac4b8c-9194-4feb-b6c6-0e7a995fca2e\",\r\n          \"createdOn\": \"2019-05-01T00:17:00.0617598Z\",\r\n          \"updatedBy\": null,\r\n          \"updatedOn\": null\r\n        }\r\n      },\r\n      \"id\": \"/subscriptions/e78961ba-36fe-4739-9212-e3031b4c8db7/providers/Microsoft.Authorization/policyAssignments/d58dea05c8704a33b6c8e43e\",\r\n      \"type\": \"Microsoft.Authorization/policyAssignments\",\r\n      \"name\": \"d58dea05c8704a33b6c8e43e\",\r\n      \"location\": \"eastus\"\r\n    },\r\n    {\r\n      \"sku\": {\r\n        \"name\": \"A0\",\r\n        \"tier\": \"Free\"\r\n      },\r\n      \"properties\": {\r\n        \"policyDefinitionId\": \"/subscriptions/e78961ba-36fe-4739-9212-e3031b4c8db7/providers/Microsoft.Authorization/policyDefinitions/ps9206\",\r\n        \"scope\": \"/subscriptions/e78961ba-36fe-4739-9212-e3031b4c8db7/resourceGroups/ps9950\",\r\n        \"description\": \"Unit test junk: sorry for littering. Please delete me!\",\r\n        \"metadata\": {\r\n          \"createdBy\": \"5549abd9-7aae-41fa-a276-5060abe448d5\",\r\n          \"createdOn\": \"2019-07-15T20:53:54.664848Z\",\r\n          \"updatedBy\": \"5549abd9-7aae-41fa-a276-5060abe448d5\",\r\n          \"updatedOn\": \"2019-07-15T20:53:56.7337569Z\"\r\n        }\r\n      },\r\n      \"identity\": {\r\n        \"principalId\": \"05a6cda1-1341-4a9e-a9a1-a21b087c8fcc\",\r\n        \"tenantId\": \"72f988bf-86f1-41af-91ab-2d7cd011db47\",\r\n        \"type\": \"SystemAssigned\"\r\n      },\r\n      \"id\": \"/subscriptions/e78961ba-36fe-4739-9212-e3031b4c8db7/resourceGroups/ps9950/providers/Microsoft.Authorization/policyAssignments/test2\",\r\n      \"type\": \"Microsoft.Authorization/policyAssignments\",\r\n      \"name\": \"test2\",\r\n      \"location\": \"westus\"\r\n    },\r\n    {\r\n      \"sku\": {\r\n        \"name\": \"A0\",\r\n        \"tier\": \"Free\"\r\n      },\r\n      \"properties\": {\r\n        \"displayName\": \"testDisplay\",\r\n        \"policyDefinitionId\": \"/subscriptions/e78961ba-36fe-4739-9212-e3031b4c8db7/providers/Microsoft.Authorization/policyDefinitions/ps9206\",\r\n        \"scope\": \"/subscriptions/e78961ba-36fe-4739-9212-e3031b4c8db7/resourceGroups/ps9950\",\r\n        \"description\": \"Unit test junk: sorry for littering. Please delete me!\",\r\n        \"metadata\": {\r\n          \"createdBy\": \"5549abd9-7aae-41fa-a276-5060abe448d5\",\r\n          \"createdOn\": \"2019-07-15T20:53:52.9963972Z\",\r\n          \"updatedBy\": \"5549abd9-7aae-41fa-a276-5060abe448d5\",\r\n          \"updatedOn\": \"2019-07-15T20:53:53.8720874Z\"\r\n        }\r\n      },\r\n      \"identity\": {\r\n        \"principalId\": \"146c093c-2f7d-47ad-90a1-9251df627d09\",\r\n        \"tenantId\": \"72f988bf-86f1-41af-91ab-2d7cd011db47\",\r\n        \"type\": \"SystemAssigned\"\r\n      },\r\n      \"id\": \"/subscriptions/e78961ba-36fe-4739-9212-e3031b4c8db7/resourceGroups/ps9950/providers/Microsoft.Authorization/policyAssignments/testPA\",\r\n      \"type\": \"Microsoft.Authorization/policyAssignments\",\r\n      \"name\": \"testPA\",\r\n      \"location\": \"westus\"\r\n    },\r\n    {\r\n      \"sku\": {\r\n        \"name\": \"A0\",\r\n        \"tier\": \"Free\"\r\n      },\r\n      \"properties\": {\r\n        \"displayName\": \"Audit enabling of diagnostic logs in Azure Data Lake Store\",\r\n        \"policyDefinitionId\": \"/providers/Microsoft.Authorization/policyDefinitions/057ef27e-665e-4328-8ea3-04b3122bd9fb\",\r\n        \"scope\": \"/providers/Microsoft.Management/managementGroups/PolicyUIMG\",\r\n        \"notScopes\": [],\r\n        \"parameters\": {},\r\n        \"metadata\": {\r\n          \"assignedBy\": \"Sandip Shahane\",\r\n          \"parameterScopes\": {}\r\n        }\r\n      },\r\n      \"id\": \"/providers/Microsoft.Management/managementGroups/PolicyUIMG/providers/Microsoft.Authorization/policyAssignments/66926b7556734dcf9a80080f\",\r\n      \"type\": \"Microsoft.Authorization/policyAssignments\",\r\n      \"name\": \"66926b7556734dcf9a80080f\",\r\n      \"location\": \"eastus\"\r\n    },\r\n    {\r\n      \"sku\": {\r\n        \"name\": \"A0\",\r\n        \"tier\": \"Free\"\r\n      },\r\n      \"properties\": {\r\n        \"displayName\": \"Audit VMs that do not use managed disks delete this\",\r\n        \"policyDefinitionId\": \"/providers/Microsoft.Authorization/policyDefinitions/06a78e20-9358-41c9-923c-fb736d382a4d\",\r\n        \"scope\": \"/providers/Microsoft.Management/managementGroups/PolicyUIMG\",\r\n        \"notScopes\": [],\r\n        \"parameters\": {},\r\n        \"metadata\": {\r\n          \"assignedBy\": \"Sandip Shahane\",\r\n          \"parameterScopes\": {},\r\n          \"createdBy\": \"327c26bf-bf3e-4128-9b75-fbbd99e98739\",\r\n          \"createdOn\": \"2019-06-20T23:21:22.259084Z\",\r\n          \"updatedBy\": null,\r\n          \"updatedOn\": null\r\n        }\r\n      },\r\n      \"id\": \"/providers/Microsoft.Management/managementGroups/PolicyUIMG/providers/Microsoft.Authorization/policyAssignments/ebc169a314df42b9bf912b4f\",\r\n      \"type\": \"Microsoft.Authorization/policyAssignments\",\r\n      \"name\": \"ebc169a314df42b9bf912b4f\",\r\n      \"location\": \"eastus\"\r\n    },\r\n    {\r\n      \"sku\": {\r\n        \"name\": \"A0\",\r\n        \"tier\": \"Free\"\r\n      },\r\n      \"properties\": {\r\n        \"displayName\": \"sandipsh CRI 2 [Preview]: Audit Dependency Agent Deployment - VM Image (OS) unlisted\",\r\n        \"policyDefinitionId\": \"/providers/Microsoft.Authorization/policyDefinitions/11ac78e3-31bc-4f0c-8434-37ab963cea07\",\r\n        \"scope\": \"/providers/Microsoft.Management/managementGroups/AzGovTest5\",\r\n        \"notScopes\": [],\r\n        \"parameters\": {},\r\n        \"metadata\": {\r\n          \"assignedBy\": \"Sandip Shahane\",\r\n          \"parameterScopes\": {}\r\n        }\r\n      },\r\n      \"id\": \"/providers/Microsoft.Management/managementGroups/AzGovTest5/providers/Microsoft.Authorization/policyAssignments/8a5f4a42ed8743de909b269c\",\r\n      \"type\": \"Microsoft.Authorization/policyAssignments\",\r\n      \"name\": \"8a5f4a42ed8743de909b269c\",\r\n      \"location\": \"eastus\"\r\n    },\r\n    {\r\n      \"sku\": {\r\n        \"name\": \"A0\",\r\n        \"tier\": \"Free\"\r\n      },\r\n      \"properties\": {\r\n        \"policyDefinitionId\": \"/providers/Microsoft.Authorization/policyDefinitions/404c3081-a854-4457-ae30-26a93ef643f9\",\r\n        \"scope\": \"/providers/microsoft.management/managementgroups/AzGovTest5\"\r\n      },\r\n      \"id\": \"/providers/microsoft.management/managementgroups/AzGovTest5/providers/Microsoft.Authorization/policyAssignments/jilimcss\",\r\n      \"type\": \"Microsoft.Authorization/policyAssignments\",\r\n      \"name\": \"jilimcss\"\r\n    }\r\n  ]\r\n}",
      "StatusCode": 200
    },
    {
      "RequestUri": "/subscriptions/e78961ba-36fe-4739-9212-e3031b4c8db7/resourceGroups/ps9950/providers/Microsoft.Authorization/policyassignments/testPA?api-version=2019-01-01",
      "EncodedRequestUri": "L3N1YnNjcmlwdGlvbnMvZTc4OTYxYmEtMzZmZS00NzM5LTkyMTItZTMwMzFiNGM4ZGI3L3Jlc291cmNlR3JvdXBzL3BzOTk1MC9wcm92aWRlcnMvTWljcm9zb2Z0LkF1dGhvcml6YXRpb24vcG9saWN5YXNzaWdubWVudHMvdGVzdFBBP2FwaS12ZXJzaW9uPTIwMTktMDEtMDE=",
      "RequestMethod": "DELETE",
      "RequestBody": "",
      "RequestHeaders": {
        "User-Agent": [
          "AzurePowershell/v1.0.0",
          "PSVersion/v6.1.0"
        ],
        "ParameterSetName": [
          "NameParameterSet"
        ],
        "CommandName": [
          "Remove-AzPolicyAssignment"
        ]
      },
      "ResponseHeaders": {
        "Cache-Control": [
          "no-cache"
        ],
        "Pragma": [
          "no-cache"
        ],
        "Vary": [
          "Accept-Encoding"
        ],
        "x-ms-request-id": [
          "westus:df583545-9b1c-4aab-8b4f-4df6c093f90a"
        ],
        "x-ms-ratelimit-remaining-subscription-deletes": [
          "14998"
        ],
        "x-ms-correlation-request-id": [
          "af88c46b-fbb9-4b8d-b360-16e17da54c5d"
        ],
        "x-ms-routing-request-id": [
          "WESTUS:20190715T205359Z:af88c46b-fbb9-4b8d-b360-16e17da54c5d"
        ],
        "Strict-Transport-Security": [
          "max-age=31536000; includeSubDomains"
        ],
        "X-Content-Type-Options": [
          "nosniff"
        ],
        "Date": [
          "Mon, 15 Jul 2019 20:53:58 GMT"
        ],
        "Content-Length": [
          "935"
        ],
        "Content-Type": [
          "application/json; charset=utf-8"
        ],
        "Expires": [
          "-1"
        ],
        "Retry-After": [
          "0"
        ]
      },
      "ResponseBody": "{\r\n  \"sku\": {\r\n    \"name\": \"A0\",\r\n    \"tier\": \"Free\"\r\n  },\r\n  \"properties\": {\r\n    \"displayName\": \"testDisplay\",\r\n    \"policyDefinitionId\": \"/subscriptions/e78961ba-36fe-4739-9212-e3031b4c8db7/providers/Microsoft.Authorization/policyDefinitions/ps9206\",\r\n    \"scope\": \"/subscriptions/e78961ba-36fe-4739-9212-e3031b4c8db7/resourceGroups/ps9950\",\r\n    \"description\": \"Unit test junk: sorry for littering. Please delete me!\",\r\n    \"metadata\": {\r\n      \"createdBy\": \"5549abd9-7aae-41fa-a276-5060abe448d5\",\r\n      \"createdOn\": \"2019-07-15T20:53:52.9963972Z\",\r\n      \"updatedBy\": \"5549abd9-7aae-41fa-a276-5060abe448d5\",\r\n      \"updatedOn\": \"2019-07-15T20:53:53.8720874Z\"\r\n    }\r\n  },\r\n  \"identity\": {\r\n    \"principalId\": \"146c093c-2f7d-47ad-90a1-9251df627d09\",\r\n    \"tenantId\": \"72f988bf-86f1-41af-91ab-2d7cd011db47\",\r\n    \"type\": \"SystemAssigned\"\r\n  },\r\n  \"id\": \"/subscriptions/e78961ba-36fe-4739-9212-e3031b4c8db7/resourceGroups/ps9950/providers/Microsoft.Authorization/policyAssignments/testPA\",\r\n  \"type\": \"Microsoft.Authorization/policyAssignments\",\r\n  \"name\": \"testPA\",\r\n  \"location\": \"westus\"\r\n}",
      "StatusCode": 200
    },
    {
      "RequestUri": "/subscriptions/e78961ba-36fe-4739-9212-e3031b4c8db7/resourceGroups/ps9950/providers/Microsoft.Authorization/policyassignments/test2?api-version=2019-01-01",
      "EncodedRequestUri": "L3N1YnNjcmlwdGlvbnMvZTc4OTYxYmEtMzZmZS00NzM5LTkyMTItZTMwMzFiNGM4ZGI3L3Jlc291cmNlR3JvdXBzL3BzOTk1MC9wcm92aWRlcnMvTWljcm9zb2Z0LkF1dGhvcml6YXRpb24vcG9saWN5YXNzaWdubWVudHMvdGVzdDI/YXBpLXZlcnNpb249MjAxOS0wMS0wMQ==",
      "RequestMethod": "DELETE",
      "RequestBody": "",
      "RequestHeaders": {
        "User-Agent": [
          "AzurePowershell/v1.0.0",
          "PSVersion/v6.1.0"
        ],
        "ParameterSetName": [
          "NameParameterSet"
        ],
        "CommandName": [
          "Remove-AzPolicyAssignment"
        ]
      },
      "ResponseHeaders": {
        "Cache-Control": [
          "no-cache"
        ],
        "Pragma": [
          "no-cache"
        ],
        "Vary": [
          "Accept-Encoding"
        ],
        "x-ms-request-id": [
          "westus:fcc291fc-983a-4da1-836f-612ecce64e07"
        ],
        "x-ms-ratelimit-remaining-subscription-deletes": [
          "14997"
        ],
        "x-ms-correlation-request-id": [
          "01f11932-08d9-4ea8-a6d2-09dbccb190f8"
        ],
        "x-ms-routing-request-id": [
          "WESTUS:20190715T205359Z:01f11932-08d9-4ea8-a6d2-09dbccb190f8"
        ],
        "Strict-Transport-Security": [
          "max-age=31536000; includeSubDomains"
        ],
        "X-Content-Type-Options": [
          "nosniff"
        ],
        "Date": [
          "Mon, 15 Jul 2019 20:53:59 GMT"
        ],
        "Content-Length": [
          "904"
        ],
        "Content-Type": [
          "application/json; charset=utf-8"
        ],
        "Expires": [
          "-1"
        ],
        "Retry-After": [
          "0"
        ]
      },
      "ResponseBody": "{\r\n  \"sku\": {\r\n    \"name\": \"A0\",\r\n    \"tier\": \"Free\"\r\n  },\r\n  \"properties\": {\r\n    \"policyDefinitionId\": \"/subscriptions/e78961ba-36fe-4739-9212-e3031b4c8db7/providers/Microsoft.Authorization/policyDefinitions/ps9206\",\r\n    \"scope\": \"/subscriptions/e78961ba-36fe-4739-9212-e3031b4c8db7/resourceGroups/ps9950\",\r\n    \"description\": \"Unit test junk: sorry for littering. Please delete me!\",\r\n    \"metadata\": {\r\n      \"createdBy\": \"5549abd9-7aae-41fa-a276-5060abe448d5\",\r\n      \"createdOn\": \"2019-07-15T20:53:54.664848Z\",\r\n      \"updatedBy\": \"5549abd9-7aae-41fa-a276-5060abe448d5\",\r\n      \"updatedOn\": \"2019-07-15T20:53:56.7337569Z\"\r\n    }\r\n  },\r\n  \"identity\": {\r\n    \"principalId\": \"05a6cda1-1341-4a9e-a9a1-a21b087c8fcc\",\r\n    \"tenantId\": \"72f988bf-86f1-41af-91ab-2d7cd011db47\",\r\n    \"type\": \"SystemAssigned\"\r\n  },\r\n  \"id\": \"/subscriptions/e78961ba-36fe-4739-9212-e3031b4c8db7/resourceGroups/ps9950/providers/Microsoft.Authorization/policyAssignments/test2\",\r\n  \"type\": \"Microsoft.Authorization/policyAssignments\",\r\n  \"name\": \"test2\",\r\n  \"location\": \"westus\"\r\n}",
      "StatusCode": 200
    },
    {
      "RequestUri": "/subscriptions/e78961ba-36fe-4739-9212-e3031b4c8db7/providers/Microsoft.Authorization/policydefinitions/ps9206?api-version=2019-01-01",
      "EncodedRequestUri": "L3N1YnNjcmlwdGlvbnMvZTc4OTYxYmEtMzZmZS00NzM5LTkyMTItZTMwMzFiNGM4ZGI3L3Byb3ZpZGVycy9NaWNyb3NvZnQuQXV0aG9yaXphdGlvbi9wb2xpY3lkZWZpbml0aW9ucy9wczkyMDY/YXBpLXZlcnNpb249MjAxOS0wMS0wMQ==",
      "RequestMethod": "DELETE",
      "RequestBody": "",
      "RequestHeaders": {
        "User-Agent": [
          "AzurePowershell/v1.0.0",
          "PSVersion/v6.1.0"
        ],
        "ParameterSetName": [
          "NameParameterSet"
        ],
        "CommandName": [
          "Remove-AzPolicyDefinition"
        ]
      },
      "ResponseHeaders": {
        "Cache-Control": [
          "no-cache"
        ],
        "Pragma": [
          "no-cache"
        ],
        "Vary": [
          "Accept-Encoding"
        ],
        "x-ms-request-id": [
          "westus:7c97957d-00ba-4af1-be51-c63b0f72481a"
        ],
        "x-ms-ratelimit-remaining-subscription-deletes": [
          "14999"
        ],
        "x-ms-correlation-request-id": [
          "8b2d0e80-9cd1-47d3-84e9-e305159b486a"
        ],
        "x-ms-routing-request-id": [
          "WESTUS:20190715T205400Z:8b2d0e80-9cd1-47d3-84e9-e305159b486a"
        ],
        "Strict-Transport-Security": [
          "max-age=31536000; includeSubDomains"
        ],
        "X-Content-Type-Options": [
          "nosniff"
        ],
        "Date": [
          "Mon, 15 Jul 2019 20:53:59 GMT"
        ],
        "Content-Length": [
          "579"
        ],
        "Content-Type": [
          "application/json; charset=utf-8"
        ],
        "Expires": [
          "-1"
        ],
        "Retry-After": [
          "0"
        ]
      },
      "ResponseBody": "{\r\n  \"properties\": {\r\n    \"policyType\": \"Custom\",\r\n    \"mode\": \"All\",\r\n    \"description\": \"Unit test junk: sorry for littering. Please delete me!\",\r\n    \"metadata\": {\r\n      \"createdBy\": \"5549abd9-7aae-41fa-a276-5060abe448d5\",\r\n      \"createdOn\": \"2019-07-15T20:53:51.1839729Z\",\r\n      \"updatedBy\": null,\r\n      \"updatedOn\": null\r\n    },\r\n    \"policyRule\": {\r\n      \"if\": {\r\n        \"source\": \"action\",\r\n        \"equals\": \"Microsoft.Resources/Subscriptions/ResourceGroups/write\"\r\n      },\r\n      \"then\": {\r\n        \"effect\": \"deny\"\r\n      }\r\n    }\r\n  },\r\n  \"id\": \"/subscriptions/e78961ba-36fe-4739-9212-e3031b4c8db7/providers/Microsoft.Authorization/policyDefinitions/ps9206\",\r\n  \"type\": \"Microsoft.Authorization/policyDefinitions\",\r\n  \"name\": \"ps9206\"\r\n}",
      "StatusCode": 200
    },
    {
      "RequestUri": "/subscriptions/e78961ba-36fe-4739-9212-e3031b4c8db7/resourcegroups/ps9950?api-version=2018-05-01",
      "EncodedRequestUri": "L3N1YnNjcmlwdGlvbnMvZTc4OTYxYmEtMzZmZS00NzM5LTkyMTItZTMwMzFiNGM4ZGI3L3Jlc291cmNlZ3JvdXBzL3BzOTk1MD9hcGktdmVyc2lvbj0yMDE4LTA1LTAx",
      "RequestMethod": "DELETE",
      "RequestBody": "",
      "RequestHeaders": {
        "x-ms-client-request-id": [
          "cec2ad85-98a4-4f3d-93d6-651a47874162"
        ],
        "Accept-Language": [
          "en-US"
        ],
        "User-Agent": [
          "FxVersion/4.6.27414.06",
          "OSName/Windows",
          "OSVersion/Microsoft.Windows.10.0.18362.",
          "Microsoft.Azure.Management.ResourceManager.ResourceManagementClient/1.9.1.0"
        ]
      },
      "ResponseHeaders": {
        "Cache-Control": [
          "no-cache"
        ],
        "Pragma": [
          "no-cache"
        ],
        "Location": [
          "https://management.azure.com/subscriptions/e78961ba-36fe-4739-9212-e3031b4c8db7/operationresults/eyJqb2JJZCI6IlJFU09VUkNFR1JPVVBERUxFVElPTkpPQi1QUzk5NTAtV0VTVFVTIiwiam9iTG9jYXRpb24iOiJ3ZXN0dXMifQ?api-version=2018-05-01"
        ],
        "Retry-After": [
          "0"
        ],
        "x-ms-ratelimit-remaining-subscription-deletes": [
          "14999"
        ],
        "x-ms-request-id": [
          "20e2bbf9-54e6-4ce9-8172-bade8a84cbd0"
        ],
        "x-ms-correlation-request-id": [
          "20e2bbf9-54e6-4ce9-8172-bade8a84cbd0"
        ],
        "x-ms-routing-request-id": [
          "WESTUS:20190715T205401Z:20e2bbf9-54e6-4ce9-8172-bade8a84cbd0"
        ],
        "Strict-Transport-Security": [
          "max-age=31536000; includeSubDomains"
        ],
        "X-Content-Type-Options": [
          "nosniff"
        ],
        "Date": [
          "Mon, 15 Jul 2019 20:54:01 GMT"
        ],
        "Expires": [
          "-1"
        ],
        "Content-Length": [
          "0"
        ]
      },
      "ResponseBody": "",
      "StatusCode": 202
    },
    {
      "RequestUri": "/subscriptions/e78961ba-36fe-4739-9212-e3031b4c8db7/operationresults/eyJqb2JJZCI6IlJFU09VUkNFR1JPVVBERUxFVElPTkpPQi1QUzk5NTAtV0VTVFVTIiwiam9iTG9jYXRpb24iOiJ3ZXN0dXMifQ?api-version=2018-05-01",
      "EncodedRequestUri": "L3N1YnNjcmlwdGlvbnMvZTc4OTYxYmEtMzZmZS00NzM5LTkyMTItZTMwMzFiNGM4ZGI3L29wZXJhdGlvbnJlc3VsdHMvZXlKcWIySkpaQ0k2SWxKRlUwOVZVa05GUjFKUFZWQkVSVXhGVkVsUFRrcFBRaTFRVXprNU5UQXRWMFZUVkZWVElpd2lhbTlpVEc5allYUnBiMjRpT2lKM1pYTjBkWE1pZlE/YXBpLXZlcnNpb249MjAxOC0wNS0wMQ==",
      "RequestMethod": "GET",
      "RequestBody": "",
      "RequestHeaders": {
        "User-Agent": [
          "FxVersion/4.6.27414.06",
          "OSName/Windows",
          "OSVersion/Microsoft.Windows.10.0.18362.",
          "Microsoft.Azure.Management.ResourceManager.ResourceManagementClient/1.9.1.0"
        ]
      },
      "ResponseHeaders": {
        "Cache-Control": [
          "no-cache"
        ],
        "Pragma": [
          "no-cache"
        ],
        "Location": [
          "https://management.azure.com/subscriptions/e78961ba-36fe-4739-9212-e3031b4c8db7/operationresults/eyJqb2JJZCI6IlJFU09VUkNFR1JPVVBERUxFVElPTkpPQi1QUzk5NTAtV0VTVFVTIiwiam9iTG9jYXRpb24iOiJ3ZXN0dXMifQ?api-version=2018-05-01"
        ],
        "Retry-After": [
          "0"
        ],
        "x-ms-ratelimit-remaining-subscription-reads": [
          "11996"
        ],
        "x-ms-request-id": [
          "283fa8ed-42b1-4631-b162-d545e3529e40"
        ],
        "x-ms-correlation-request-id": [
          "283fa8ed-42b1-4631-b162-d545e3529e40"
        ],
        "x-ms-routing-request-id": [
          "WESTUS:20190715T205416Z:283fa8ed-42b1-4631-b162-d545e3529e40"
        ],
        "Strict-Transport-Security": [
          "max-age=31536000; includeSubDomains"
        ],
        "X-Content-Type-Options": [
          "nosniff"
        ],
        "Date": [
          "Mon, 15 Jul 2019 20:54:15 GMT"
        ],
        "Expires": [
          "-1"
        ],
        "Content-Length": [
          "0"
        ]
      },
      "ResponseBody": "",
      "StatusCode": 202
    },
    {
      "RequestUri": "/subscriptions/e78961ba-36fe-4739-9212-e3031b4c8db7/operationresults/eyJqb2JJZCI6IlJFU09VUkNFR1JPVVBERUxFVElPTkpPQi1QUzk5NTAtV0VTVFVTIiwiam9iTG9jYXRpb24iOiJ3ZXN0dXMifQ?api-version=2018-05-01",
      "EncodedRequestUri": "L3N1YnNjcmlwdGlvbnMvZTc4OTYxYmEtMzZmZS00NzM5LTkyMTItZTMwMzFiNGM4ZGI3L29wZXJhdGlvbnJlc3VsdHMvZXlKcWIySkpaQ0k2SWxKRlUwOVZVa05GUjFKUFZWQkVSVXhGVkVsUFRrcFBRaTFRVXprNU5UQXRWMFZUVkZWVElpd2lhbTlpVEc5allYUnBiMjRpT2lKM1pYTjBkWE1pZlE/YXBpLXZlcnNpb249MjAxOC0wNS0wMQ==",
      "RequestMethod": "GET",
      "RequestBody": "",
      "RequestHeaders": {
        "User-Agent": [
          "FxVersion/4.6.27414.06",
          "OSName/Windows",
          "OSVersion/Microsoft.Windows.10.0.18362.",
          "Microsoft.Azure.Management.ResourceManager.ResourceManagementClient/1.9.1.0"
        ]
      },
      "ResponseHeaders": {
        "Cache-Control": [
          "no-cache"
        ],
        "Pragma": [
          "no-cache"
        ],
        "Location": [
          "https://management.azure.com/subscriptions/e78961ba-36fe-4739-9212-e3031b4c8db7/operationresults/eyJqb2JJZCI6IlJFU09VUkNFR1JPVVBERUxFVElPTkpPQi1QUzk5NTAtV0VTVFVTIiwiam9iTG9jYXRpb24iOiJ3ZXN0dXMifQ?api-version=2018-05-01"
        ],
        "Retry-After": [
          "0"
        ],
        "x-ms-ratelimit-remaining-subscription-reads": [
          "11995"
        ],
        "x-ms-request-id": [
          "6a19201b-9311-4e4e-be1b-ce1f65766484"
        ],
        "x-ms-correlation-request-id": [
          "6a19201b-9311-4e4e-be1b-ce1f65766484"
        ],
        "x-ms-routing-request-id": [
          "WESTUS:20190715T205431Z:6a19201b-9311-4e4e-be1b-ce1f65766484"
        ],
        "Strict-Transport-Security": [
          "max-age=31536000; includeSubDomains"
        ],
        "X-Content-Type-Options": [
          "nosniff"
        ],
        "Date": [
          "Mon, 15 Jul 2019 20:54:30 GMT"
        ],
        "Expires": [
          "-1"
        ],
        "Content-Length": [
          "0"
        ]
      },
      "ResponseBody": "",
      "StatusCode": 202
    },
    {
      "RequestUri": "/subscriptions/e78961ba-36fe-4739-9212-e3031b4c8db7/operationresults/eyJqb2JJZCI6IlJFU09VUkNFR1JPVVBERUxFVElPTkpPQi1QUzk5NTAtV0VTVFVTIiwiam9iTG9jYXRpb24iOiJ3ZXN0dXMifQ?api-version=2018-05-01",
      "EncodedRequestUri": "L3N1YnNjcmlwdGlvbnMvZTc4OTYxYmEtMzZmZS00NzM5LTkyMTItZTMwMzFiNGM4ZGI3L29wZXJhdGlvbnJlc3VsdHMvZXlKcWIySkpaQ0k2SWxKRlUwOVZVa05GUjFKUFZWQkVSVXhGVkVsUFRrcFBRaTFRVXprNU5UQXRWMFZUVkZWVElpd2lhbTlpVEc5allYUnBiMjRpT2lKM1pYTjBkWE1pZlE/YXBpLXZlcnNpb249MjAxOC0wNS0wMQ==",
      "RequestMethod": "GET",
      "RequestBody": "",
      "RequestHeaders": {
        "User-Agent": [
          "FxVersion/4.6.27414.06",
          "OSName/Windows",
          "OSVersion/Microsoft.Windows.10.0.18362.",
          "Microsoft.Azure.Management.ResourceManager.ResourceManagementClient/1.9.1.0"
        ]
      },
      "ResponseHeaders": {
        "Cache-Control": [
          "no-cache"
        ],
        "Pragma": [
          "no-cache"
        ],
        "Location": [
          "https://management.azure.com/subscriptions/e78961ba-36fe-4739-9212-e3031b4c8db7/operationresults/eyJqb2JJZCI6IlJFU09VUkNFR1JPVVBERUxFVElPTkpPQi1QUzk5NTAtV0VTVFVTIiwiam9iTG9jYXRpb24iOiJ3ZXN0dXMifQ?api-version=2018-05-01"
        ],
        "Retry-After": [
          "0"
        ],
        "x-ms-ratelimit-remaining-subscription-reads": [
          "11994"
        ],
        "x-ms-request-id": [
          "aef14b45-5421-49fe-ade8-dc0e1e0b5b88"
        ],
        "x-ms-correlation-request-id": [
          "aef14b45-5421-49fe-ade8-dc0e1e0b5b88"
        ],
        "x-ms-routing-request-id": [
          "WESTUS:20190715T205446Z:aef14b45-5421-49fe-ade8-dc0e1e0b5b88"
        ],
        "Strict-Transport-Security": [
          "max-age=31536000; includeSubDomains"
        ],
        "X-Content-Type-Options": [
          "nosniff"
        ],
        "Date": [
          "Mon, 15 Jul 2019 20:54:46 GMT"
        ],
        "Expires": [
          "-1"
        ],
        "Content-Length": [
          "0"
        ]
      },
      "ResponseBody": "",
      "StatusCode": 202
    },
    {
      "RequestUri": "/subscriptions/e78961ba-36fe-4739-9212-e3031b4c8db7/operationresults/eyJqb2JJZCI6IlJFU09VUkNFR1JPVVBERUxFVElPTkpPQi1QUzk5NTAtV0VTVFVTIiwiam9iTG9jYXRpb24iOiJ3ZXN0dXMifQ?api-version=2018-05-01",
      "EncodedRequestUri": "L3N1YnNjcmlwdGlvbnMvZTc4OTYxYmEtMzZmZS00NzM5LTkyMTItZTMwMzFiNGM4ZGI3L29wZXJhdGlvbnJlc3VsdHMvZXlKcWIySkpaQ0k2SWxKRlUwOVZVa05GUjFKUFZWQkVSVXhGVkVsUFRrcFBRaTFRVXprNU5UQXRWMFZUVkZWVElpd2lhbTlpVEc5allYUnBiMjRpT2lKM1pYTjBkWE1pZlE/YXBpLXZlcnNpb249MjAxOC0wNS0wMQ==",
      "RequestMethod": "GET",
      "RequestBody": "",
      "RequestHeaders": {
        "User-Agent": [
          "FxVersion/4.6.27414.06",
          "OSName/Windows",
          "OSVersion/Microsoft.Windows.10.0.18362.",
          "Microsoft.Azure.Management.ResourceManager.ResourceManagementClient/1.9.1.0"
        ]
      },
      "ResponseHeaders": {
        "Cache-Control": [
          "no-cache"
        ],
        "Pragma": [
          "no-cache"
        ],
        "x-ms-ratelimit-remaining-subscription-reads": [
          "11993"
        ],
        "x-ms-request-id": [
          "fb4d0c4d-8aab-4c65-8ec1-2dac8788adfe"
        ],
        "x-ms-correlation-request-id": [
          "fb4d0c4d-8aab-4c65-8ec1-2dac8788adfe"
        ],
        "x-ms-routing-request-id": [
          "WESTUS:20190715T205501Z:fb4d0c4d-8aab-4c65-8ec1-2dac8788adfe"
        ],
        "Strict-Transport-Security": [
          "max-age=31536000; includeSubDomains"
        ],
        "X-Content-Type-Options": [
          "nosniff"
        ],
        "Date": [
          "Mon, 15 Jul 2019 20:55:01 GMT"
        ],
        "Expires": [
          "-1"
        ],
        "Content-Length": [
          "0"
        ],
        "Retry-After": [
          "0"
        ]
      },
      "ResponseBody": "",
      "StatusCode": 200
    },
    {
      "RequestUri": "/subscriptions/e78961ba-36fe-4739-9212-e3031b4c8db7/operationresults/eyJqb2JJZCI6IlJFU09VUkNFR1JPVVBERUxFVElPTkpPQi1QUzk5NTAtV0VTVFVTIiwiam9iTG9jYXRpb24iOiJ3ZXN0dXMifQ?api-version=2018-05-01",
      "EncodedRequestUri": "L3N1YnNjcmlwdGlvbnMvZTc4OTYxYmEtMzZmZS00NzM5LTkyMTItZTMwMzFiNGM4ZGI3L29wZXJhdGlvbnJlc3VsdHMvZXlKcWIySkpaQ0k2SWxKRlUwOVZVa05GUjFKUFZWQkVSVXhGVkVsUFRrcFBRaTFRVXprNU5UQXRWMFZUVkZWVElpd2lhbTlpVEc5allYUnBiMjRpT2lKM1pYTjBkWE1pZlE/YXBpLXZlcnNpb249MjAxOC0wNS0wMQ==",
      "RequestMethod": "GET",
      "RequestBody": "",
      "RequestHeaders": {
        "User-Agent": [
          "FxVersion/4.6.27414.06",
          "OSName/Windows",
          "OSVersion/Microsoft.Windows.10.0.18362.",
          "Microsoft.Azure.Management.ResourceManager.ResourceManagementClient/1.9.1.0"
        ]
      },
      "ResponseHeaders": {
        "Cache-Control": [
          "no-cache"
        ],
        "Pragma": [
          "no-cache"
        ],
        "x-ms-ratelimit-remaining-subscription-reads": [
          "11992"
        ],
        "x-ms-request-id": [
          "86587255-51cd-4297-b402-5c05af1f1c04"
        ],
        "x-ms-correlation-request-id": [
          "86587255-51cd-4297-b402-5c05af1f1c04"
        ],
        "x-ms-routing-request-id": [
          "WESTUS:20190715T205501Z:86587255-51cd-4297-b402-5c05af1f1c04"
        ],
        "Strict-Transport-Security": [
          "max-age=31536000; includeSubDomains"
        ],
        "X-Content-Type-Options": [
          "nosniff"
        ],
        "Date": [
          "Mon, 15 Jul 2019 20:55:01 GMT"
        ],
        "Expires": [
          "-1"
        ],
        "Content-Length": [
          "0"
        ],
        "Retry-After": [
          "0"
        ]
      },
      "ResponseBody": "",
      "StatusCode": 200
    }
  ],
  "Names": {
    "Test-PolicyAssignmentIdentity": [
      "ps9950",
      "ps9206"
    ]
  },
  "Variables": {
    "SubscriptionId": "e78961ba-36fe-4739-9212-e3031b4c8db7"
  }
}