{
  "Entries": [
    {
      "RequestUri": "/subscriptions/7b96cb02-4663-40f4-9a89-603d3849e46a/providers/Microsoft.Resources?api-version=2016-09-01",
      "EncodedRequestUri": "L3N1YnNjcmlwdGlvbnMvN2I5NmNiMDItNDY2My00MGY0LTlhODktNjAzZDM4NDllNDZhL3Byb3ZpZGVycy9NaWNyb3NvZnQuUmVzb3VyY2VzP2FwaS12ZXJzaW9uPTIwMTYtMDktMDE=",
      "RequestMethod": "GET",
      "RequestBody": "",
      "RequestHeaders": {
        "x-ms-client-request-id": [
          "89e77f72-d3b0-422f-be49-483b4b00501a"
        ],
        "Accept-Language": [
          "en-US"
        ],
        "User-Agent": [
          "FxVersion/4.6.27617.04",
          "OSName/Windows",
          "OSVersion/Microsoft.Windows.10.0.14393.",
          "Microsoft.Azure.Management.Internal.Resources.ResourceManagementClient/1.3.0"
        ]
      },
      "ResponseHeaders": {
        "Cache-Control": [
          "no-cache"
        ],
        "Pragma": [
          "no-cache"
        ],
        "x-ms-ratelimit-remaining-subscription-reads": [
          "11999"
        ],
        "x-ms-request-id": [
          "a8e9ec89-cb13-44f0-ad63-54d5f56b3a05"
        ],
        "x-ms-correlation-request-id": [
          "a8e9ec89-cb13-44f0-ad63-54d5f56b3a05"
        ],
        "x-ms-routing-request-id": [
          "WESTUS:20190703T184914Z:a8e9ec89-cb13-44f0-ad63-54d5f56b3a05"
        ],
        "Strict-Transport-Security": [
          "max-age=31536000; includeSubDomains"
        ],
        "X-Content-Type-Options": [
          "nosniff"
        ],
        "Date": [
          "Wed, 03 Jul 2019 18:49:14 GMT"
        ],
        "Content-Type": [
          "application/json; charset=utf-8"
        ],
        "Expires": [
          "-1"
        ],
        "Content-Length": [
          "8818"
        ]
      },
      "ResponseBody": "{\r\n  \"id\": \"/subscriptions/7b96cb02-4663-40f4-9a89-603d3849e46a/providers/Microsoft.Resources\",\r\n  \"namespace\": \"Microsoft.Resources\",\r\n  \"resourceTypes\": [\r\n    {\r\n      \"resourceType\": \"tenants\",\r\n      \"locations\": [],\r\n      \"apiVersions\": [\r\n        \"2019-05-01\",\r\n        \"2019-04-01\",\r\n        \"2019-03-01\",\r\n        \"2018-11-01\",\r\n        \"2018-09-01\",\r\n        \"2018-08-01\",\r\n        \"2018-07-01\",\r\n        \"2018-05-01\",\r\n        \"2018-02-01\",\r\n        \"2018-01-01\",\r\n        \"2017-08-01\",\r\n        \"2017-06-01\",\r\n        \"2017-05-10\",\r\n        \"2017-05-01\",\r\n        \"2017-03-01\",\r\n        \"2016-09-01\",\r\n        \"2016-07-01\",\r\n        \"2016-06-01\",\r\n        \"2016-02-01\",\r\n        \"2015-11-01\",\r\n        \"2015-01-01\",\r\n        \"2014-04-01-preview\"\r\n      ]\r\n    },\r\n    {\r\n      \"resourceType\": \"locations\",\r\n      \"locations\": [],\r\n      \"apiVersions\": [\r\n        \"2019-05-01\",\r\n        \"2019-04-01\",\r\n        \"2019-03-01\",\r\n        \"2018-11-01\",\r\n        \"2018-09-01\",\r\n        \"2018-08-01\",\r\n        \"2018-07-01\",\r\n        \"2018-05-01\",\r\n        \"2018-02-01\",\r\n        \"2018-01-01\",\r\n        \"2017-08-01\",\r\n        \"2017-06-01\",\r\n        \"2017-05-10\",\r\n        \"2017-05-01\",\r\n        \"2017-03-01\",\r\n        \"2016-09-01\",\r\n        \"2016-07-01\",\r\n        \"2016-06-01\",\r\n        \"2016-02-01\",\r\n        \"2015-11-01\",\r\n        \"2015-01-01\",\r\n        \"2014-04-01-preview\"\r\n      ]\r\n    },\r\n    {\r\n      \"resourceType\": \"operationresults\",\r\n      \"locations\": [],\r\n      \"apiVersions\": [\r\n        \"2019-05-01\",\r\n        \"2019-04-01\",\r\n        \"2019-03-01\",\r\n        \"2018-11-01\",\r\n        \"2018-09-01\",\r\n        \"2018-08-01\",\r\n        \"2018-07-01\",\r\n        \"2018-05-01\",\r\n        \"2018-02-01\",\r\n        \"2018-01-01\",\r\n        \"2017-08-01\",\r\n        \"2017-06-01\",\r\n        \"2017-05-10\",\r\n        \"2017-05-01\",\r\n        \"2017-03-01\",\r\n        \"2016-09-01\",\r\n        \"2016-07-01\",\r\n        \"2016-06-01\",\r\n        \"2016-02-01\",\r\n        \"2015-11-01\",\r\n        \"2015-01-01\",\r\n        \"2014-04-01-preview\"\r\n      ]\r\n    },\r\n    {\r\n      \"resourceType\": \"notifyResourceJobs\",\r\n      \"locations\": [],\r\n      \"apiVersions\": [\r\n        \"2019-05-01\",\r\n        \"2019-04-01\",\r\n        \"2019-03-01\",\r\n        \"2018-11-01\",\r\n        \"2018-09-01\",\r\n        \"2018-08-01\",\r\n        \"2018-07-01\",\r\n        \"2018-05-01\",\r\n        \"2018-02-01\"\r\n      ]\r\n    },\r\n    {\r\n      \"resourceType\": \"tags\",\r\n      \"locations\": [],\r\n      \"apiVersions\": [\r\n        \"2019-05-01\",\r\n        \"2019-04-01\",\r\n        \"2019-03-01\",\r\n        \"2018-11-01\"\r\n      ]\r\n    },\r\n    {\r\n      \"resourceType\": \"checkPolicyCompliance\",\r\n      \"locations\": [],\r\n      \"apiVersions\": [\r\n        \"2019-05-01\",\r\n        \"2019-04-01\",\r\n        \"2019-03-01\",\r\n        \"2018-11-01\",\r\n        \"2018-09-01\",\r\n        \"2018-08-01\",\r\n        \"2018-07-01\",\r\n        \"2018-05-01\",\r\n        \"2018-02-01\",\r\n        \"2018-01-01\",\r\n        \"2017-08-01\",\r\n        \"2017-06-01\",\r\n        \"2017-05-10\",\r\n        \"2017-05-01\",\r\n        \"2017-03-01\",\r\n        \"2016-09-01\",\r\n        \"2016-07-01\",\r\n        \"2016-06-01\",\r\n        \"2016-02-01\",\r\n        \"2015-11-01\",\r\n        \"2015-01-01\",\r\n        \"2014-04-01-preview\"\r\n      ]\r\n    },\r\n    {\r\n      \"resourceType\": \"providers\",\r\n      \"locations\": [],\r\n      \"apiVersions\": [\r\n        \"2019-05-01\",\r\n        \"2019-04-01\",\r\n        \"2019-03-01\",\r\n        \"2018-11-01\",\r\n        \"2018-09-01\",\r\n        \"2018-08-01\",\r\n        \"2018-07-01\",\r\n        \"2018-05-01\",\r\n        \"2018-02-01\",\r\n        \"2018-01-01\",\r\n        \"2017-08-01\",\r\n        \"2017-06-01\",\r\n        \"2017-05-10\",\r\n        \"2017-05-01\",\r\n        \"2017-03-01\",\r\n        \"2016-09-01\",\r\n        \"2016-07-01\",\r\n        \"2016-06-01\",\r\n        \"2016-02-01\",\r\n        \"2015-11-01\",\r\n        \"2015-01-01\",\r\n        \"2014-04-01-preview\"\r\n      ]\r\n    },\r\n    {\r\n      \"resourceType\": \"checkresourcename\",\r\n      \"locations\": [],\r\n      \"apiVersions\": [\r\n        \"2019-05-01\",\r\n        \"2019-04-01\",\r\n        \"2019-03-01\",\r\n        \"2018-11-01\",\r\n        \"2018-09-01\",\r\n        \"2018-08-01\",\r\n        \"2018-07-01\",\r\n        \"2018-05-01\",\r\n        \"2018-02-01\",\r\n        \"2018-01-01\",\r\n        \"2017-08-01\",\r\n        \"2017-06-01\",\r\n        \"2017-05-10\",\r\n        \"2017-05-01\",\r\n        \"2017-03-01\",\r\n        \"2016-09-01\",\r\n        \"2016-07-01\",\r\n        \"2016-06-01\",\r\n        \"2016-02-01\",\r\n        \"2015-11-01\",\r\n        \"2015-01-01\",\r\n        \"2014-04-01-preview\"\r\n      ]\r\n    },\r\n    {\r\n      \"resourceType\": \"resources\",\r\n      \"locations\": [],\r\n      \"apiVersions\": [\r\n        \"2019-05-01\",\r\n        \"2019-04-01\",\r\n        \"2019-03-01\",\r\n        \"2018-11-01\",\r\n        \"2018-09-01\",\r\n        \"2018-08-01\",\r\n        \"2018-07-01\",\r\n        \"2018-05-01\",\r\n        \"2018-02-01\",\r\n        \"2018-01-01\",\r\n        \"2017-08-01\",\r\n        \"2017-06-01\",\r\n        \"2017-05-10\",\r\n        \"2017-05-01\",\r\n        \"2017-03-01\",\r\n        \"2016-09-01\",\r\n        \"2016-07-01\",\r\n        \"2016-06-01\",\r\n        \"2016-02-01\",\r\n        \"2015-11-01\",\r\n        \"2015-01-01\",\r\n        \"2014-04-01-preview\"\r\n      ]\r\n    },\r\n    {\r\n      \"resourceType\": \"subscriptions\",\r\n      \"locations\": [],\r\n      \"apiVersions\": [\r\n        \"2019-05-01\",\r\n        \"2019-04-01\",\r\n        \"2019-03-01\",\r\n        \"2018-11-01\",\r\n        \"2018-09-01\",\r\n        \"2018-08-01\",\r\n        \"2018-07-01\",\r\n        \"2018-05-01\",\r\n        \"2018-02-01\",\r\n        \"2018-01-01\",\r\n        \"2017-08-01\",\r\n        \"2017-06-01\",\r\n        \"2017-05-10\",\r\n        \"2017-05-01\",\r\n        \"2017-03-01\",\r\n        \"2016-09-01\",\r\n        \"2016-07-01\",\r\n        \"2016-06-01\",\r\n        \"2016-02-01\",\r\n        \"2015-11-01\",\r\n        \"2015-01-01\",\r\n        \"2014-04-01-preview\"\r\n      ]\r\n    },\r\n    {\r\n      \"resourceType\": \"subscriptions/resources\",\r\n      \"locations\": [],\r\n      \"apiVersions\": [\r\n        \"2019-05-01\",\r\n        \"2019-04-01\",\r\n        \"2019-03-01\",\r\n        \"2018-11-01\",\r\n        \"2018-09-01\",\r\n        \"2018-08-01\",\r\n        \"2018-07-01\",\r\n        \"2018-05-01\",\r\n        \"2018-02-01\",\r\n        \"2018-01-01\",\r\n        \"2017-08-01\",\r\n        \"2017-06-01\",\r\n        \"2017-05-10\",\r\n        \"2017-05-01\",\r\n        \"2017-03-01\",\r\n        \"2016-09-01\",\r\n        \"2016-07-01\",\r\n        \"2016-06-01\",\r\n        \"2016-02-01\",\r\n        \"2015-11-01\",\r\n        \"2015-01-01\",\r\n        \"2014-04-01-preview\"\r\n      ]\r\n    },\r\n    {\r\n      \"resourceType\": \"subscriptions/providers\",\r\n      \"locations\": [],\r\n      \"apiVersions\": [\r\n        \"2019-05-01\",\r\n        \"2019-04-01\",\r\n        \"2019-03-01\",\r\n        \"2018-11-01\",\r\n        \"2018-09-01\",\r\n        \"2018-08-01\",\r\n        \"2018-07-01\",\r\n        \"2018-05-01\",\r\n        \"2018-02-01\",\r\n        \"2018-01-01\",\r\n        \"2017-08-01\",\r\n        \"2017-06-01\",\r\n        \"2017-05-10\",\r\n        \"2017-05-01\",\r\n        \"2017-03-01\",\r\n        \"2016-09-01\",\r\n        \"2016-07-01\",\r\n        \"2016-06-01\",\r\n        \"2016-02-01\",\r\n        \"2015-11-01\",\r\n        \"2015-01-01\",\r\n        \"2014-04-01-preview\"\r\n      ]\r\n    },\r\n    {\r\n      \"resourceType\": \"subscriptions/operationresults\",\r\n      \"locations\": [],\r\n      \"apiVersions\": [\r\n        \"2019-05-01\",\r\n        \"2019-04-01\",\r\n        \"2019-03-01\",\r\n        \"2018-11-01\",\r\n        \"2018-09-01\",\r\n        \"2018-08-01\",\r\n        \"2018-07-01\",\r\n        \"2018-05-01\",\r\n        \"2018-02-01\",\r\n        \"2018-01-01\",\r\n        \"2017-08-01\",\r\n        \"2017-06-01\",\r\n        \"2017-05-10\",\r\n        \"2017-05-01\",\r\n        \"2017-03-01\",\r\n        \"2016-09-01\",\r\n        \"2016-07-01\",\r\n        \"2016-06-01\",\r\n        \"2016-02-01\",\r\n        \"2015-11-01\",\r\n        \"2015-01-01\",\r\n        \"2014-04-01-preview\"\r\n      ]\r\n    },\r\n    {\r\n      \"resourceType\": \"resourceGroups\",\r\n      \"locations\": [\r\n        \"Central US\",\r\n        \"East Asia\",\r\n        \"Southeast Asia\",\r\n        \"East US\",\r\n        \"East US 2\",\r\n        \"West US\",\r\n        \"West US 2\",\r\n        \"North Central US\",\r\n        \"South Central US\",\r\n        \"West Central US\",\r\n        \"North Europe\",\r\n        \"West Europe\",\r\n        \"Japan East\",\r\n        \"Japan West\",\r\n        \"Brazil South\",\r\n        \"Australia Southeast\",\r\n        \"Australia East\",\r\n        \"West India\",\r\n        \"South India\",\r\n        \"Central India\",\r\n        \"Canada Central\",\r\n        \"Canada East\",\r\n        \"UK South\",\r\n        \"UK West\",\r\n        \"Korea Central\",\r\n        \"Korea South\",\r\n        \"France Central\",\r\n        \"South Africa North\",\r\n        \"UAE North\",\r\n        \"Australia Central\",\r\n        \"Australia Central 2\",\r\n        \"East US 2 EUAP\",\r\n        \"Central US EUAP\"\r\n      ],\r\n      \"apiVersions\": [\r\n        \"2019-05-01\",\r\n        \"2019-04-01\",\r\n        \"2019-03-01\",\r\n        \"2018-11-01\",\r\n        \"2018-09-01\",\r\n        \"2018-08-01\",\r\n        \"2018-07-01\",\r\n        \"2018-05-01\",\r\n        \"2018-02-01\",\r\n        \"2018-01-01\",\r\n        \"2017-08-01\",\r\n        \"2017-06-01\",\r\n        \"2017-05-10\",\r\n        \"2017-05-01\",\r\n        \"2017-03-01\",\r\n        \"2016-09-01\",\r\n        \"2016-07-01\",\r\n        \"2016-06-01\",\r\n        \"2016-02-01\",\r\n        \"2015-11-01\",\r\n        \"2015-01-01\",\r\n        \"2014-04-01-preview\"\r\n      ]\r\n    },\r\n    {\r\n      \"resourceType\": \"subscriptions/resourceGroups\",\r\n      \"locations\": [\r\n        \"Central US\",\r\n        \"East Asia\",\r\n        \"Southeast Asia\",\r\n        \"East US\",\r\n        \"East US 2\",\r\n        \"West US\",\r\n        \"West US 2\",\r\n        \"North Central US\",\r\n        \"South Central US\",\r\n        \"West Central US\",\r\n        \"North Europe\",\r\n        \"West Europe\",\r\n        \"Japan East\",\r\n        \"Japan West\",\r\n        \"Brazil South\",\r\n        \"Australia Southeast\",\r\n        \"Australia East\",\r\n        \"West India\",\r\n        \"South India\",\r\n        \"Central India\",\r\n        \"Canada Central\",\r\n        \"Canada East\",\r\n        \"UK South\",\r\n        \"UK West\",\r\n        \"Korea Central\",\r\n        \"Korea South\",\r\n        \"France Central\",\r\n        \"South Africa North\",\r\n        \"UAE North\",\r\n        \"Australia Central\",\r\n        \"Australia Central 2\",\r\n        \"East US 2 EUAP\",\r\n        \"Central US EUAP\"\r\n      ],\r\n      \"apiVersions\": [\r\n        \"2019-05-01\",\r\n        \"2019-04-01\",\r\n        \"2019-03-01\",\r\n        \"2018-11-01\",\r\n        \"2018-09-01\",\r\n        \"2018-08-01\",\r\n        \"2018-07-01\",\r\n        \"2018-05-01\",\r\n        \"2018-02-01\",\r\n        \"2018-01-01\",\r\n        \"2017-08-01\",\r\n        \"2017-06-01\",\r\n        \"2017-05-10\",\r\n        \"2017-05-01\",\r\n        \"2017-03-01\",\r\n        \"2016-09-01\",\r\n        \"2016-07-01\",\r\n        \"2016-06-01\",\r\n        \"2016-02-01\",\r\n        \"2015-11-01\",\r\n        \"2015-01-01\",\r\n        \"2014-04-01-preview\"\r\n      ]\r\n    },\r\n    {\r\n      \"resourceType\": \"subscriptions/resourcegroups/resources\",\r\n      \"locations\": [],\r\n      \"apiVersions\": [\r\n        \"2019-05-01\",\r\n        \"2019-04-01\",\r\n        \"2019-03-01\",\r\n        \"2018-11-01\",\r\n        \"2018-09-01\",\r\n        \"2018-08-01\",\r\n        \"2018-07-01\",\r\n        \"2018-05-01\",\r\n        \"2018-02-01\",\r\n        \"2018-01-01\",\r\n        \"2017-08-01\",\r\n        \"2017-06-01\",\r\n        \"2017-05-10\",\r\n        \"2017-05-01\",\r\n        \"2017-03-01\",\r\n        \"2016-09-01\",\r\n        \"2016-07-01\",\r\n        \"2016-06-01\",\r\n        \"2016-02-01\",\r\n        \"2015-11-01\",\r\n        \"2015-01-01\",\r\n        \"2014-04-01-preview\"\r\n      ]\r\n    },\r\n    {\r\n      \"resourceType\": \"subscriptions/locations\",\r\n      \"locations\": [],\r\n      \"apiVersions\": [\r\n        \"2019-05-01\",\r\n        \"2019-04-01\",\r\n        \"2019-03-01\",\r\n        \"2018-11-01\",\r\n        \"2018-09-01\",\r\n        \"2018-08-01\",\r\n        \"2018-07-01\",\r\n        \"2018-05-01\",\r\n        \"2018-02-01\",\r\n        \"2018-01-01\",\r\n        \"2017-08-01\",\r\n        \"2017-06-01\",\r\n        \"2017-05-10\",\r\n        \"2017-05-01\",\r\n        \"2017-03-01\",\r\n        \"2016-09-01\",\r\n        \"2016-07-01\",\r\n        \"2016-06-01\",\r\n        \"2016-02-01\",\r\n        \"2015-11-01\",\r\n        \"2015-01-01\",\r\n        \"2014-04-01-preview\"\r\n      ]\r\n    },\r\n    {\r\n      \"resourceType\": \"subscriptions/tagnames\",\r\n      \"locations\": [],\r\n      \"apiVersions\": [\r\n        \"2019-05-01\",\r\n        \"2019-04-01\",\r\n        \"2019-03-01\",\r\n        \"2018-11-01\",\r\n        \"2018-09-01\",\r\n        \"2018-08-01\",\r\n        \"2018-07-01\",\r\n        \"2018-05-01\",\r\n        \"2018-02-01\",\r\n        \"2018-01-01\",\r\n        \"2017-08-01\",\r\n        \"2017-06-01\",\r\n        \"2017-05-10\",\r\n        \"2017-05-01\",\r\n        \"2017-03-01\",\r\n        \"2016-09-01\",\r\n        \"2016-07-01\",\r\n        \"2016-06-01\",\r\n        \"2016-02-01\",\r\n        \"2015-11-01\",\r\n        \"2015-01-01\",\r\n        \"2014-04-01-preview\"\r\n      ]\r\n    },\r\n    {\r\n      \"resourceType\": \"subscriptions/tagNames/tagValues\",\r\n      \"locations\": [],\r\n      \"apiVersions\": [\r\n        \"2019-05-01\",\r\n        \"2019-04-01\",\r\n        \"2019-03-01\",\r\n        \"2018-11-01\",\r\n        \"2018-09-01\",\r\n        \"2018-08-01\",\r\n        \"2018-07-01\",\r\n        \"2018-05-01\",\r\n        \"2018-02-01\",\r\n        \"2018-01-01\",\r\n        \"2017-08-01\",\r\n        \"2017-06-01\",\r\n        \"2017-05-10\",\r\n        \"2017-05-01\",\r\n        \"2017-03-01\",\r\n        \"2016-09-01\",\r\n        \"2016-07-01\",\r\n        \"2016-06-01\",\r\n        \"2016-02-01\",\r\n        \"2015-11-01\",\r\n        \"2015-01-01\",\r\n        \"2014-04-01-preview\"\r\n      ]\r\n    },\r\n    {\r\n      \"resourceType\": \"deployments\",\r\n      \"locations\": [],\r\n      \"apiVersions\": [\r\n        \"2019-05-01\",\r\n        \"2019-04-01\",\r\n        \"2019-03-01\",\r\n        \"2018-11-01\",\r\n        \"2018-09-01\",\r\n        \"2018-08-01\",\r\n        \"2018-07-01\",\r\n        \"2018-05-01\",\r\n        \"2018-02-01\",\r\n        \"2018-01-01\",\r\n        \"2017-08-01\",\r\n        \"2017-06-01\",\r\n        \"2017-05-10\",\r\n        \"2017-05-01\",\r\n        \"2017-03-01\",\r\n        \"2016-09-01\",\r\n        \"2016-07-01\",\r\n        \"2016-06-01\",\r\n        \"2016-02-01\",\r\n        \"2015-11-01\",\r\n        \"2015-01-01\",\r\n        \"2014-04-01-preview\"\r\n      ]\r\n    },\r\n    {\r\n      \"resourceType\": \"deployments/operations\",\r\n      \"locations\": [],\r\n      \"apiVersions\": [\r\n        \"2019-05-01\",\r\n        \"2019-04-01\",\r\n        \"2019-03-01\",\r\n        \"2018-11-01\",\r\n        \"2018-09-01\",\r\n        \"2018-08-01\",\r\n        \"2018-07-01\",\r\n        \"2018-05-01\",\r\n        \"2018-02-01\",\r\n        \"2018-01-01\",\r\n        \"2017-08-01\",\r\n        \"2017-06-01\",\r\n        \"2017-05-10\",\r\n        \"2017-05-01\",\r\n        \"2017-03-01\",\r\n        \"2016-09-01\",\r\n        \"2016-07-01\",\r\n        \"2016-06-01\",\r\n        \"2016-02-01\",\r\n        \"2015-11-01\",\r\n        \"2015-01-01\",\r\n        \"2014-04-01-preview\"\r\n      ]\r\n    },\r\n    {\r\n      \"resourceType\": \"links\",\r\n      \"locations\": [],\r\n      \"apiVersions\": [\r\n        \"2019-05-01\",\r\n        \"2019-04-01\",\r\n        \"2019-03-01\",\r\n        \"2018-11-01\",\r\n        \"2018-09-01\",\r\n        \"2018-08-01\",\r\n        \"2018-07-01\",\r\n        \"2018-05-01\",\r\n        \"2018-02-01\",\r\n        \"2018-01-01\",\r\n        \"2017-08-01\",\r\n        \"2017-06-01\",\r\n        \"2017-05-10\",\r\n        \"2017-05-01\",\r\n        \"2017-03-01\",\r\n        \"2016-09-01\",\r\n        \"2016-07-01\",\r\n        \"2016-06-01\",\r\n        \"2016-02-01\",\r\n        \"2015-11-01\",\r\n        \"2015-01-01\",\r\n        \"2014-04-01-preview\"\r\n      ]\r\n    },\r\n    {\r\n      \"resourceType\": \"operations\",\r\n      \"locations\": [],\r\n      \"apiVersions\": [\r\n        \"2015-01-01\"\r\n      ]\r\n    }\r\n  ],\r\n  \"registrationState\": \"Registered\"\r\n}",
      "StatusCode": 200
    },
    {
      "RequestUri": "/subscriptions/7b96cb02-4663-40f4-9a89-603d3849e46a/providers/Microsoft.StorageSync?api-version=2016-09-01",
      "EncodedRequestUri": "L3N1YnNjcmlwdGlvbnMvN2I5NmNiMDItNDY2My00MGY0LTlhODktNjAzZDM4NDllNDZhL3Byb3ZpZGVycy9NaWNyb3NvZnQuU3RvcmFnZVN5bmM/YXBpLXZlcnNpb249MjAxNi0wOS0wMQ==",
      "RequestMethod": "GET",
      "RequestBody": "",
      "RequestHeaders": {
        "x-ms-client-request-id": [
          "2c9e9319-427f-41d8-be39-15e20491e88b"
        ],
        "Accept-Language": [
          "en-US"
        ],
        "User-Agent": [
          "FxVersion/4.6.27617.04",
          "OSName/Windows",
          "OSVersion/Microsoft.Windows.10.0.14393.",
          "Microsoft.Azure.Management.Internal.Resources.ResourceManagementClient/1.3.0"
        ]
      },
      "ResponseHeaders": {
        "Cache-Control": [
          "no-cache"
        ],
        "Pragma": [
          "no-cache"
        ],
        "x-ms-ratelimit-remaining-subscription-reads": [
          "11998"
        ],
        "x-ms-request-id": [
          "49d8b5b9-dc77-4c86-a98b-1c3b922507c5"
        ],
        "x-ms-correlation-request-id": [
          "49d8b5b9-dc77-4c86-a98b-1c3b922507c5"
        ],
        "x-ms-routing-request-id": [
          "WESTUS:20190703T184914Z:49d8b5b9-dc77-4c86-a98b-1c3b922507c5"
        ],
        "Strict-Transport-Security": [
          "max-age=31536000; includeSubDomains"
        ],
        "X-Content-Type-Options": [
          "nosniff"
        ],
        "Date": [
          "Wed, 03 Jul 2019 18:49:14 GMT"
        ],
        "Content-Type": [
          "application/json; charset=utf-8"
        ],
        "Expires": [
          "-1"
        ],
        "Content-Length": [
          "5239"
        ]
      },
      "ResponseBody": "{\r\n  \"id\": \"/subscriptions/7b96cb02-4663-40f4-9a89-603d3849e46a/providers/Microsoft.StorageSync\",\r\n  \"namespace\": \"Microsoft.StorageSync\",\r\n  \"authorizations\": [\r\n    {\r\n      \"applicationId\": \"9469b9f5-6722-4481-a2b2-14ed560b706f\"\r\n    }\r\n  ],\r\n  \"resourceTypes\": [\r\n    {\r\n      \"resourceType\": \"storageSyncServices\",\r\n      \"locations\": [\r\n        \"West US\",\r\n        \"West Europe\",\r\n        \"North Europe\",\r\n        \"Southeast Asia\",\r\n        \"East Asia\",\r\n        \"Australia East\",\r\n        \"Australia Southeast\",\r\n        \"East US\",\r\n        \"Canada Central\",\r\n        \"Canada East\",\r\n        \"Central US\",\r\n        \"East US 2\",\r\n        \"UK South\",\r\n        \"UK West\",\r\n        \"Central India\",\r\n        \"South India\",\r\n        \"North Central US\",\r\n        \"South Central US\",\r\n        \"Brazil South\",\r\n        \"Japan East\",\r\n        \"Japan West\",\r\n        \"Korea Central\",\r\n        \"Korea South\",\r\n        \"West Central US\",\r\n        \"Central US EUAP\",\r\n        \"West US 2\",\r\n        \"East US 2 EUAP\"\r\n      ],\r\n      \"apiVersions\": [\r\n        \"2019-03-01\",\r\n        \"2019-02-01\",\r\n        \"2018-10-01\",\r\n        \"2018-07-01\",\r\n        \"2018-04-02\",\r\n        \"2018-01-01-preview\",\r\n        \"2017-06-05-preview\"\r\n      ],\r\n      \"capabilities\": \"CrossResourceGroupResourceMove, CrossSubscriptionResourceMove\"\r\n    },\r\n    {\r\n      \"resourceType\": \"storageSyncServices/syncGroups\",\r\n      \"locations\": [\r\n        \"West US\",\r\n        \"West Europe\",\r\n        \"North Europe\",\r\n        \"Southeast Asia\",\r\n        \"East Asia\",\r\n        \"Australia East\",\r\n        \"Australia Southeast\",\r\n        \"East US\",\r\n        \"Canada Central\",\r\n        \"Canada East\",\r\n        \"Central US\",\r\n        \"East US 2\",\r\n        \"UK South\",\r\n        \"UK West\",\r\n        \"Central India\",\r\n        \"South India\",\r\n        \"North Central US\",\r\n        \"South Central US\",\r\n        \"Brazil South\",\r\n        \"Japan East\",\r\n        \"Japan West\",\r\n        \"Korea Central\",\r\n        \"Korea South\",\r\n        \"West Central US\",\r\n        \"Central US EUAP\",\r\n        \"West US 2\",\r\n        \"East US 2 EUAP\"\r\n      ],\r\n      \"apiVersions\": [\r\n        \"2019-03-01\",\r\n        \"2019-02-01\",\r\n        \"2018-10-01\",\r\n        \"2018-07-01\",\r\n        \"2018-04-02\",\r\n        \"2018-01-01-preview\",\r\n        \"2017-06-05-preview\"\r\n      ]\r\n    },\r\n    {\r\n      \"resourceType\": \"storageSyncServices/syncGroups/cloudEndpoints\",\r\n      \"locations\": [\r\n        \"West US\",\r\n        \"West Europe\",\r\n        \"North Europe\",\r\n        \"Southeast Asia\",\r\n        \"East Asia\",\r\n        \"Australia East\",\r\n        \"Australia Southeast\",\r\n        \"East US\",\r\n        \"Canada Central\",\r\n        \"Canada East\",\r\n        \"Central US\",\r\n        \"East US 2\",\r\n        \"UK South\",\r\n        \"UK West\",\r\n        \"Central India\",\r\n        \"South India\",\r\n        \"North Central US\",\r\n        \"South Central US\",\r\n        \"Brazil South\",\r\n        \"Japan East\",\r\n        \"Japan West\",\r\n        \"Korea Central\",\r\n        \"Korea South\",\r\n        \"West Central US\",\r\n        \"Central US EUAP\",\r\n        \"West US 2\",\r\n        \"East US 2 EUAP\"\r\n      ],\r\n      \"apiVersions\": [\r\n        \"2019-03-01\",\r\n        \"2019-02-01\",\r\n        \"2018-10-01\",\r\n        \"2018-07-01\",\r\n        \"2018-04-02\",\r\n        \"2018-01-01-preview\",\r\n        \"2017-06-05-preview\"\r\n      ]\r\n    },\r\n    {\r\n      \"resourceType\": \"storageSyncServices/syncGroups/serverEndpoints\",\r\n      \"locations\": [\r\n        \"West US\",\r\n        \"West Europe\",\r\n        \"North Europe\",\r\n        \"Southeast Asia\",\r\n        \"East Asia\",\r\n        \"Australia East\",\r\n        \"Australia Southeast\",\r\n        \"East US\",\r\n        \"Canada Central\",\r\n        \"Canada East\",\r\n        \"Central US\",\r\n        \"East US 2\",\r\n        \"UK South\",\r\n        \"UK West\",\r\n        \"Central India\",\r\n        \"South India\",\r\n        \"North Central US\",\r\n        \"South Central US\",\r\n        \"Brazil South\",\r\n        \"Japan East\",\r\n        \"Japan West\",\r\n        \"Korea Central\",\r\n        \"Korea South\",\r\n        \"West Central US\",\r\n        \"Central US EUAP\",\r\n        \"West US 2\",\r\n        \"East US 2 EUAP\"\r\n      ],\r\n      \"apiVersions\": [\r\n        \"2019-03-01\",\r\n        \"2019-02-01\",\r\n        \"2018-10-01\",\r\n        \"2018-07-01\",\r\n        \"2018-04-02\",\r\n        \"2018-01-01-preview\",\r\n        \"2017-06-05-preview\"\r\n      ]\r\n    },\r\n    {\r\n      \"resourceType\": \"storageSyncServices/registeredServers\",\r\n      \"locations\": [\r\n        \"West US\",\r\n        \"West Europe\",\r\n        \"North Europe\",\r\n        \"Southeast Asia\",\r\n        \"East Asia\",\r\n        \"Australia East\",\r\n        \"Australia Southeast\",\r\n        \"East US\",\r\n        \"Canada Central\",\r\n        \"Canada East\",\r\n        \"Central US\",\r\n        \"East US 2\",\r\n        \"UK South\",\r\n        \"UK West\",\r\n        \"Central India\",\r\n        \"South India\",\r\n        \"North Central US\",\r\n        \"South Central US\",\r\n        \"Brazil South\",\r\n        \"Japan East\",\r\n        \"Japan West\",\r\n        \"Korea Central\",\r\n        \"Korea South\",\r\n        \"West Central US\",\r\n        \"Central US EUAP\",\r\n        \"West US 2\",\r\n        \"East US 2 EUAP\"\r\n      ],\r\n      \"apiVersions\": [\r\n        \"2019-03-01\",\r\n        \"2019-02-01\",\r\n        \"2018-10-01\",\r\n        \"2018-07-01\",\r\n        \"2018-04-02\",\r\n        \"2018-01-01-preview\",\r\n        \"2017-06-05-preview\"\r\n      ]\r\n    },\r\n    {\r\n      \"resourceType\": \"storageSyncServices/workflows\",\r\n      \"locations\": [\r\n        \"West US\",\r\n        \"West Europe\",\r\n        \"North Europe\",\r\n        \"Southeast Asia\",\r\n        \"East Asia\",\r\n        \"Australia East\",\r\n        \"Australia Southeast\",\r\n        \"East US\",\r\n        \"Canada Central\",\r\n        \"Canada East\",\r\n        \"Central US\",\r\n        \"East US 2\",\r\n        \"UK South\",\r\n        \"UK West\",\r\n        \"Central India\",\r\n        \"South India\",\r\n        \"North Central US\",\r\n        \"South Central US\",\r\n        \"Brazil South\",\r\n        \"Japan East\",\r\n        \"Japan West\",\r\n        \"Korea Central\",\r\n        \"Korea South\",\r\n        \"West Central US\",\r\n        \"Central US EUAP\",\r\n        \"West US 2\",\r\n        \"East US 2 EUAP\"\r\n      ],\r\n      \"apiVersions\": [\r\n        \"2019-03-01\",\r\n        \"2019-02-01\",\r\n        \"2018-10-01\",\r\n        \"2018-07-01\",\r\n        \"2018-04-02\",\r\n        \"2018-01-01-preview\",\r\n        \"2017-06-05-preview\"\r\n      ]\r\n    },\r\n    {\r\n      \"resourceType\": \"operations\",\r\n      \"locations\": [],\r\n      \"apiVersions\": [\r\n        \"2019-03-01\",\r\n        \"2019-02-01\",\r\n        \"2018-10-01\",\r\n        \"2018-07-01\",\r\n        \"2018-04-02\",\r\n        \"2018-01-01-preview\",\r\n        \"2017-06-05-preview\"\r\n      ]\r\n    },\r\n    {\r\n      \"resourceType\": \"locations\",\r\n      \"locations\": [],\r\n      \"apiVersions\": [\r\n        \"2019-03-01\",\r\n        \"2019-02-01\",\r\n        \"2018-10-01\",\r\n        \"2018-07-01\",\r\n        \"2018-04-02\"\r\n      ]\r\n    },\r\n    {\r\n      \"resourceType\": \"locations/checkNameAvailability\",\r\n      \"locations\": [\r\n        \"West US\",\r\n        \"West Europe\",\r\n        \"North Europe\",\r\n        \"Southeast Asia\",\r\n        \"East Asia\",\r\n        \"Australia East\",\r\n        \"Australia Southeast\",\r\n        \"East US\",\r\n        \"Canada Central\",\r\n        \"Canada East\",\r\n        \"Central US\",\r\n        \"East US 2\",\r\n        \"UK South\",\r\n        \"UK West\",\r\n        \"Central India\",\r\n        \"South India\",\r\n        \"North Central US\",\r\n        \"South Central US\",\r\n        \"Brazil South\",\r\n        \"Japan East\",\r\n        \"Japan West\",\r\n        \"Korea Central\",\r\n        \"Korea South\",\r\n        \"West Central US\",\r\n        \"West US 2\",\r\n        \"Central US EUAP\",\r\n        \"East US 2 EUAP\"\r\n      ],\r\n      \"apiVersions\": [\r\n        \"2019-03-01\",\r\n        \"2019-02-01\",\r\n        \"2018-10-01\",\r\n        \"2018-07-01\",\r\n        \"2018-04-02\"\r\n      ]\r\n    },\r\n    {\r\n      \"resourceType\": \"locations/workflows\",\r\n      \"locations\": [\r\n        \"West US\",\r\n        \"West Europe\",\r\n        \"North Europe\",\r\n        \"Southeast Asia\",\r\n        \"East Asia\",\r\n        \"Australia East\",\r\n        \"Australia Southeast\",\r\n        \"East US\",\r\n        \"Canada Central\",\r\n        \"Canada East\",\r\n        \"Central US\",\r\n        \"East US 2\",\r\n        \"UK South\",\r\n        \"UK West\",\r\n        \"Central India\",\r\n        \"South India\",\r\n        \"North Central US\",\r\n        \"South Central US\",\r\n        \"Brazil South\",\r\n        \"Japan East\",\r\n        \"Japan West\",\r\n        \"Korea Central\",\r\n        \"Korea South\",\r\n        \"West Central US\",\r\n        \"West US 2\",\r\n        \"Central US EUAP\",\r\n        \"East US 2 EUAP\"\r\n      ],\r\n      \"apiVersions\": [\r\n        \"2019-03-01\",\r\n        \"2019-02-01\",\r\n        \"2018-10-01\",\r\n        \"2018-07-01\",\r\n        \"2018-04-02\"\r\n      ]\r\n    }\r\n  ],\r\n  \"registrationState\": \"Registered\"\r\n}",
      "StatusCode": 200
    },
    {
      "RequestUri": "/subscriptions/7b96cb02-4663-40f4-9a89-603d3849e46a/resourcegroups/ps5284?api-version=2016-09-01",
      "EncodedRequestUri": "L3N1YnNjcmlwdGlvbnMvN2I5NmNiMDItNDY2My00MGY0LTlhODktNjAzZDM4NDllNDZhL3Jlc291cmNlZ3JvdXBzL3BzNTI4ND9hcGktdmVyc2lvbj0yMDE2LTA5LTAx",
      "RequestMethod": "PUT",
      "RequestBody": "{\r\n  \"location\": \"West US\"\r\n}",
      "RequestHeaders": {
        "x-ms-client-request-id": [
          "40ad9647-01bc-4224-8653-144f11e55ed3"
        ],
        "Accept-Language": [
          "en-US"
        ],
        "User-Agent": [
          "FxVersion/4.6.27617.04",
          "OSName/Windows",
          "OSVersion/Microsoft.Windows.10.0.14393.",
          "Microsoft.Azure.Management.Internal.Resources.ResourceManagementClient/1.3.0"
        ],
        "Content-Type": [
          "application/json; charset=utf-8"
        ],
        "Content-Length": [
          "29"
        ]
      },
      "ResponseHeaders": {
        "Cache-Control": [
          "no-cache"
        ],
        "Pragma": [
          "no-cache"
        ],
        "x-ms-ratelimit-remaining-subscription-writes": [
          "1199"
        ],
        "x-ms-request-id": [
          "975b69ef-7cc2-448a-8eaf-4eea330e0b2e"
        ],
        "x-ms-correlation-request-id": [
          "975b69ef-7cc2-448a-8eaf-4eea330e0b2e"
        ],
        "x-ms-routing-request-id": [
          "WESTUS:20190703T184916Z:975b69ef-7cc2-448a-8eaf-4eea330e0b2e"
        ],
        "Strict-Transport-Security": [
          "max-age=31536000; includeSubDomains"
        ],
        "X-Content-Type-Options": [
          "nosniff"
        ],
        "Date": [
          "Wed, 03 Jul 2019 18:49:15 GMT"
        ],
        "Content-Length": [
          "165"
        ],
        "Content-Type": [
          "application/json; charset=utf-8"
        ],
        "Expires": [
          "-1"
        ]
      },
      "ResponseBody": "{\r\n  \"id\": \"/subscriptions/7b96cb02-4663-40f4-9a89-603d3849e46a/resourceGroups/ps5284\",\r\n  \"name\": \"ps5284\",\r\n  \"location\": \"westus\",\r\n  \"properties\": {\r\n    \"provisioningState\": \"Succeeded\"\r\n  }\r\n}",
      "StatusCode": 201
    },
    {
      "RequestUri": "/subscriptions/7b96cb02-4663-40f4-9a89-603d3849e46a/providers/Microsoft.StorageSync/locations/CentralUSEUAP/checkNameAvailability?api-version=2019-03-01",
      "EncodedRequestUri": "L3N1YnNjcmlwdGlvbnMvN2I5NmNiMDItNDY2My00MGY0LTlhODktNjAzZDM4NDllNDZhL3Byb3ZpZGVycy9NaWNyb3NvZnQuU3RvcmFnZVN5bmMvbG9jYXRpb25zL0NlbnRyYWxVU0VVQVAvY2hlY2tOYW1lQXZhaWxhYmlsaXR5P2FwaS12ZXJzaW9uPTIwMTktMDMtMDE=",
      "RequestMethod": "POST",
      "RequestBody": "{\r\n  \"name\": \"sssps3066\",\r\n  \"type\": \"Microsoft.StorageSync/storageSyncServices\"\r\n}",
      "RequestHeaders": {
        "x-ms-client-request-id": [
          "d860a15c-81d4-4131-a4cf-8d9618900607"
        ],
        "Accept-Language": [
          "en-US"
        ],
        "User-Agent": [
          "FxVersion/4.6.27617.04",
          "OSName/Windows",
          "OSVersion/Microsoft.Windows.10.0.14393.",
          "Microsoft.Azure.Management.StorageSync.StorageSyncManagementClient/3.0.0.0"
        ],
        "Content-Type": [
          "application/json; charset=utf-8"
        ],
        "Content-Length": [
          "83"
        ]
      },
      "ResponseHeaders": {
        "Cache-Control": [
          "no-cache"
        ],
        "Pragma": [
          "no-cache"
        ],
        "x-ms-request-id": [
          "ba85fabb-551d-47fc-bbb5-181508d3fb04"
        ],
        "X-Content-Type-Options": [
          "nosniff"
        ],
        "Strict-Transport-Security": [
          "max-age=31536000; includeSubDomains"
        ],
        "Server": [
          "Microsoft-IIS/10.0"
        ],
        "X-AspNet-Version": [
          "4.0.30319"
        ],
        "X-Powered-By": [
          "ASP.NET"
        ],
        "x-ms-ratelimit-remaining-subscription-writes": [
          "1199"
        ],
        "x-ms-correlation-request-id": [
          "8eabc83a-59ea-4079-b9b4-e2a1f0ca4fdb"
        ],
        "x-ms-routing-request-id": [
          "WESTUS:20190703T184917Z:8eabc83a-59ea-4079-b9b4-e2a1f0ca4fdb"
        ],
        "Date": [
          "Wed, 03 Jul 2019 18:49:16 GMT"
        ],
        "Content-Length": [
          "51"
        ],
        "Content-Type": [
          "application/json; charset=utf-8"
        ],
        "Expires": [
          "-1"
        ]
      },
      "ResponseBody": "{\r\n  \"nameAvailable\": true,\r\n  \"reason\": null,\r\n  \"message\": null\r\n}",
      "StatusCode": 200
    },
    {
      "RequestUri": "/subscriptions/7b96cb02-4663-40f4-9a89-603d3849e46a/resourceGroups/ps5284/providers/Microsoft.StorageSync/storageSyncServices/sssps3066?api-version=2019-03-01",
      "EncodedRequestUri": "L3N1YnNjcmlwdGlvbnMvN2I5NmNiMDItNDY2My00MGY0LTlhODktNjAzZDM4NDllNDZhL3Jlc291cmNlR3JvdXBzL3BzNTI4NC9wcm92aWRlcnMvTWljcm9zb2Z0LlN0b3JhZ2VTeW5jL3N0b3JhZ2VTeW5jU2VydmljZXMvc3NzcHMzMDY2P2FwaS12ZXJzaW9uPTIwMTktMDMtMDE=",
      "RequestMethod": "PUT",
      "RequestBody": "{\r\n  \"location\": \"Central US EUAP\",\r\n  \"tags\": {}\r\n}",
      "RequestHeaders": {
        "x-ms-client-request-id": [
          "7bb52922-2e83-41f9-91b2-8a506e45e80f"
        ],
        "Accept-Language": [
          "en-US"
        ],
        "User-Agent": [
          "FxVersion/4.6.27617.04",
          "OSName/Windows",
          "OSVersion/Microsoft.Windows.10.0.14393.",
          "Microsoft.Azure.Management.StorageSync.StorageSyncManagementClient/3.0.0.0"
        ],
        "Content-Type": [
          "application/json; charset=utf-8"
        ],
        "Content-Length": [
          "52"
        ]
      },
      "ResponseHeaders": {
        "Cache-Control": [
          "no-cache"
        ],
        "Pragma": [
          "no-cache"
        ],
        "x-ms-request-id": [
          "115b9132-dda5-46e2-8f0d-c8574c478112"
        ],
        "X-Content-Type-Options": [
          "nosniff"
        ],
        "Strict-Transport-Security": [
          "max-age=31536000; includeSubDomains"
        ],
        "Server": [
          "Microsoft-IIS/10.0"
        ],
        "X-AspNet-Version": [
          "4.0.30319"
        ],
        "X-Powered-By": [
          "ASP.NET"
        ],
        "x-ms-ratelimit-remaining-subscription-writes": [
          "1199"
        ],
        "x-ms-correlation-request-id": [
          "23047bd1-58a6-4206-a74b-223d8c777c38"
        ],
        "x-ms-routing-request-id": [
          "WESTUS:20190703T184917Z:23047bd1-58a6-4206-a74b-223d8c777c38"
        ],
        "Date": [
          "Wed, 03 Jul 2019 18:49:17 GMT"
        ],
        "Content-Length": [
          "329"
        ],
        "Content-Type": [
          "application/json; charset=utf-8"
        ],
        "Expires": [
          "-1"
        ]
      },
      "ResponseBody": "{\r\n  \"properties\": {\r\n    \"storageSyncServiceStatus\": null,\r\n    \"storageSyncServiceUid\": null\r\n  },\r\n  \"location\": \"Central US EUAP\",\r\n  \"tags\": {},\r\n  \"id\": \"/subscriptions/7b96cb02-4663-40f4-9a89-603d3849e46a/resourceGroups/ps5284/providers/microsoft.storagesync/storageSyncServices/sssps3066\",\r\n  \"name\": \"sssps3066\",\r\n  \"type\": \"microsoft.storagesync/storageSyncServices\"\r\n}",
      "StatusCode": 200
    },
    {
      "RequestUri": "/subscriptions/7b96cb02-4663-40f4-9a89-603d3849e46a/resourceGroups/ps5284/providers/Microsoft.StorageSync/storageSyncServices/sssps3066/syncGroups/sgps2757?api-version=2019-03-01",
      "EncodedRequestUri": "L3N1YnNjcmlwdGlvbnMvN2I5NmNiMDItNDY2My00MGY0LTlhODktNjAzZDM4NDllNDZhL3Jlc291cmNlR3JvdXBzL3BzNTI4NC9wcm92aWRlcnMvTWljcm9zb2Z0LlN0b3JhZ2VTeW5jL3N0b3JhZ2VTeW5jU2VydmljZXMvc3NzcHMzMDY2L3N5bmNHcm91cHMvc2dwczI3NTc/YXBpLXZlcnNpb249MjAxOS0wMy0wMQ==",
      "RequestMethod": "PUT",
      "RequestBody": "{\r\n  \"properties\": {}\r\n}",
      "RequestHeaders": {
        "x-ms-client-request-id": [
          "c64bc3bf-c5c3-4a56-82dc-b979205d78d2"
        ],
        "Accept-Language": [
          "en-US"
        ],
        "User-Agent": [
          "FxVersion/4.6.27617.04",
          "OSName/Windows",
          "OSVersion/Microsoft.Windows.10.0.14393.",
          "Microsoft.Azure.Management.StorageSync.StorageSyncManagementClient/3.0.0.0"
        ],
        "Content-Type": [
          "application/json; charset=utf-8"
        ],
        "Content-Length": [
          "24"
        ]
      },
      "ResponseHeaders": {
        "Cache-Control": [
          "no-cache"
        ],
        "Pragma": [
          "no-cache"
        ],
        "x-ms-request-id": [
          "9d413d59-9fa0-4dc9-aa30-1cab04834045"
        ],
        "X-Content-Type-Options": [
          "nosniff"
        ],
        "Strict-Transport-Security": [
          "max-age=31536000; includeSubDomains"
        ],
        "Server": [
          "Microsoft-IIS/10.0"
        ],
        "X-AspNet-Version": [
          "4.0.30319"
        ],
        "X-Powered-By": [
          "ASP.NET"
        ],
        "x-ms-ratelimit-remaining-subscription-writes": [
          "1198"
        ],
        "x-ms-correlation-request-id": [
          "ed81580c-d70c-4177-abcd-d30133fedc76"
        ],
        "x-ms-routing-request-id": [
          "WESTUS:20190703T184918Z:ed81580c-d70c-4177-abcd-d30133fedc76"
        ],
        "Date": [
          "Wed, 03 Jul 2019 18:49:18 GMT"
        ],
        "Content-Length": [
          "331"
        ],
        "Content-Type": [
          "application/json; charset=utf-8"
        ],
        "Expires": [
          "-1"
        ]
      },
      "ResponseBody": "{\r\n  \"properties\": {\r\n    \"syncGroupStatus\": \"0\",\r\n    \"uniqueId\": \"c377b8ff-4aec-439e-bf25-96a9a52a0292\"\r\n  },\r\n  \"id\": \"/subscriptions/7b96cb02-4663-40f4-9a89-603d3849e46a/resourceGroups/ps5284/providers/microsoft.storagesync/storageSyncServices/sssps3066/syncGroups/sgps2757\",\r\n  \"name\": \"sgps2757\",\r\n  \"type\": \"microsoft.storagesync/storageSyncServices/syncGroups\"\r\n}",
      "StatusCode": 200
    },
    {
      "RequestUri": "/subscriptions/7b96cb02-4663-40f4-9a89-603d3849e46a/resourceGroups/ps5284/providers/Microsoft.StorageSync/storageSyncServices/sssps3066/syncGroups/sgps2757?api-version=2019-03-01",
      "EncodedRequestUri": "L3N1YnNjcmlwdGlvbnMvN2I5NmNiMDItNDY2My00MGY0LTlhODktNjAzZDM4NDllNDZhL3Jlc291cmNlR3JvdXBzL3BzNTI4NC9wcm92aWRlcnMvTWljcm9zb2Z0LlN0b3JhZ2VTeW5jL3N0b3JhZ2VTeW5jU2VydmljZXMvc3NzcHMzMDY2L3N5bmNHcm91cHMvc2dwczI3NTc/YXBpLXZlcnNpb249MjAxOS0wMy0wMQ==",
      "RequestMethod": "DELETE",
      "RequestBody": "",
      "RequestHeaders": {
        "x-ms-client-request-id": [
          "6c2260c4-ea09-464b-8316-73f2da4f24e1"
        ],
        "Accept-Language": [
          "en-US"
        ],
        "User-Agent": [
          "FxVersion/4.6.27617.04",
          "OSName/Windows",
          "OSVersion/Microsoft.Windows.10.0.14393.",
          "Microsoft.Azure.Management.StorageSync.StorageSyncManagementClient/3.0.0.0"
        ]
      },
      "ResponseHeaders": {
        "Cache-Control": [
          "no-cache"
        ],
        "Pragma": [
          "no-cache"
        ],
        "x-ms-request-id": [
          "174a25d5-52cf-4b63-8c47-8d6dfacac39e"
        ],
        "X-Content-Type-Options": [
          "nosniff"
        ],
        "Strict-Transport-Security": [
          "max-age=31536000; includeSubDomains"
        ],
        "Server": [
          "Microsoft-IIS/10.0"
        ],
        "X-AspNet-Version": [
          "4.0.30319"
        ],
        "X-Powered-By": [
          "ASP.NET"
        ],
        "x-ms-ratelimit-remaining-subscription-deletes": [
          "14998"
        ],
        "x-ms-correlation-request-id": [
          "4fa5eb53-ad0f-47f7-bf3f-e0595c928dc9"
        ],
        "x-ms-routing-request-id": [
          "WESTUS:20190703T184919Z:4fa5eb53-ad0f-47f7-bf3f-e0595c928dc9"
        ],
        "Date": [
          "Wed, 03 Jul 2019 18:49:19 GMT"
        ],
        "Expires": [
          "-1"
        ],
        "Content-Length": [
          "0"
        ]
      },
      "ResponseBody": "",
      "StatusCode": 200
    },
    {
      "RequestUri": "/subscriptions/7b96cb02-4663-40f4-9a89-603d3849e46a/resourceGroups/ps5284/providers/Microsoft.StorageSync/storageSyncServices/sssps3066?api-version=2019-03-01",
      "EncodedRequestUri": "L3N1YnNjcmlwdGlvbnMvN2I5NmNiMDItNDY2My00MGY0LTlhODktNjAzZDM4NDllNDZhL3Jlc291cmNlR3JvdXBzL3BzNTI4NC9wcm92aWRlcnMvTWljcm9zb2Z0LlN0b3JhZ2VTeW5jL3N0b3JhZ2VTeW5jU2VydmljZXMvc3NzcHMzMDY2P2FwaS12ZXJzaW9uPTIwMTktMDMtMDE=",
      "RequestMethod": "DELETE",
      "RequestBody": "",
      "RequestHeaders": {
        "x-ms-client-request-id": [
          "97988918-3d4c-4b13-a380-c38e6c9731c1"
        ],
        "Accept-Language": [
          "en-US"
        ],
        "User-Agent": [
          "FxVersion/4.6.27617.04",
          "OSName/Windows",
          "OSVersion/Microsoft.Windows.10.0.14393.",
          "Microsoft.Azure.Management.StorageSync.StorageSyncManagementClient/3.0.0.0"
        ]
      },
      "ResponseHeaders": {
        "Cache-Control": [
          "no-cache"
        ],
        "Pragma": [
          "no-cache"
        ],
        "x-ms-request-id": [
          "d72a43f1-7a64-46fd-b1e0-6ed44fb1054e"
        ],
        "X-Content-Type-Options": [
          "nosniff"
        ],
        "Strict-Transport-Security": [
          "max-age=31536000; includeSubDomains"
        ],
        "Server": [
          "Microsoft-IIS/10.0"
        ],
        "X-AspNet-Version": [
          "4.0.30319"
        ],
        "X-Powered-By": [
          "ASP.NET"
        ],
        "x-ms-ratelimit-remaining-subscription-deletes": [
          "14997"
        ],
        "x-ms-correlation-request-id": [
          "c4235f0e-9331-4c50-933d-ea5832f2ac86"
        ],
        "x-ms-routing-request-id": [
          "WESTUS:20190703T184920Z:c4235f0e-9331-4c50-933d-ea5832f2ac86"
        ],
        "Date": [
          "Wed, 03 Jul 2019 18:49:19 GMT"
        ],
        "Expires": [
          "-1"
        ],
        "Content-Length": [
          "0"
        ]
      },
      "ResponseBody": "",
      "StatusCode": 200
    },
    {
      "RequestUri": "/subscriptions/7b96cb02-4663-40f4-9a89-603d3849e46a/resourceGroups/ps5284/providers/Microsoft.StorageSync/storageSyncServices?api-version=2019-03-01",
      "EncodedRequestUri": "L3N1YnNjcmlwdGlvbnMvN2I5NmNiMDItNDY2My00MGY0LTlhODktNjAzZDM4NDllNDZhL3Jlc291cmNlR3JvdXBzL3BzNTI4NC9wcm92aWRlcnMvTWljcm9zb2Z0LlN0b3JhZ2VTeW5jL3N0b3JhZ2VTeW5jU2VydmljZXM/YXBpLXZlcnNpb249MjAxOS0wMy0wMQ==",
      "RequestMethod": "GET",
      "RequestBody": "",
      "RequestHeaders": {
        "x-ms-client-request-id": [
          "992eec64-7902-4f26-9c89-db723501eba6"
        ],
        "Accept-Language": [
          "en-US"
        ],
        "User-Agent": [
          "FxVersion/4.6.27617.04",
          "OSName/Windows",
          "OSVersion/Microsoft.Windows.10.0.14393.",
          "Microsoft.Azure.Management.StorageSync.StorageSyncManagementClient/3.0.0.0"
        ]
      },
      "ResponseHeaders": {
        "Cache-Control": [
          "no-cache"
        ],
        "Pragma": [
          "no-cache"
        ],
        "x-ms-ratelimit-remaining-subscription-reads": [
          "11999"
        ],
        "x-ms-request-id": [
          "2680c375-bd8f-4369-8628-b94b28b72306"
        ],
        "x-ms-correlation-request-id": [
          "2680c375-bd8f-4369-8628-b94b28b72306"
        ],
        "x-ms-routing-request-id": [
          "WESTUS:20190703T184920Z:2680c375-bd8f-4369-8628-b94b28b72306"
        ],
        "Strict-Transport-Security": [
          "max-age=31536000; includeSubDomains"
        ],
        "X-Content-Type-Options": [
          "nosniff"
        ],
        "Date": [
          "Wed, 03 Jul 2019 18:49:19 GMT"
        ],
        "Content-Type": [
          "application/json; charset=utf-8"
        ],
        "Expires": [
          "-1"
        ],
        "Content-Length": [
          "12"
        ]
      },
      "ResponseBody": "{\r\n  \"value\": []\r\n}",
      "StatusCode": 200
    },
    {
      "RequestUri": "/subscriptions/7b96cb02-4663-40f4-9a89-603d3849e46a/resourcegroups/ps5284?api-version=2016-09-01",
      "EncodedRequestUri": "L3N1YnNjcmlwdGlvbnMvN2I5NmNiMDItNDY2My00MGY0LTlhODktNjAzZDM4NDllNDZhL3Jlc291cmNlZ3JvdXBzL3BzNTI4ND9hcGktdmVyc2lvbj0yMDE2LTA5LTAx",
      "RequestMethod": "DELETE",
      "RequestBody": "",
      "RequestHeaders": {
        "x-ms-client-request-id": [
          "2b82ca40-0679-4b53-b3a1-0fa16b456207"
        ],
        "Accept-Language": [
          "en-US"
        ],
        "User-Agent": [
          "FxVersion/4.6.27617.04",
          "OSName/Windows",
          "OSVersion/Microsoft.Windows.10.0.14393.",
          "Microsoft.Azure.Management.Internal.Resources.ResourceManagementClient/1.3.0"
        ]
      },
      "ResponseHeaders": {
        "Cache-Control": [
          "no-cache"
        ],
        "Pragma": [
          "no-cache"
        ],
        "Location": [
          "https://management.azure.com/subscriptions/7b96cb02-4663-40f4-9a89-603d3849e46a/operationresults/eyJqb2JJZCI6IlJFU09VUkNFR1JPVVBERUxFVElPTkpPQi1QUzUyODQtV0VTVFVTIiwiam9iTG9jYXRpb24iOiJ3ZXN0dXMifQ?api-version=2016-09-01"
        ],
        "Retry-After": [
          "15"
        ],
        "x-ms-ratelimit-remaining-subscription-deletes": [
          "14996"
        ],
        "x-ms-request-id": [
          "39273405-191b-40c5-8016-2cbe71abc00e"
        ],
        "x-ms-correlation-request-id": [
          "39273405-191b-40c5-8016-2cbe71abc00e"
        ],
        "x-ms-routing-request-id": [
          "WESTUS:20190703T184921Z:39273405-191b-40c5-8016-2cbe71abc00e"
        ],
        "Strict-Transport-Security": [
          "max-age=31536000; includeSubDomains"
        ],
        "X-Content-Type-Options": [
          "nosniff"
        ],
        "Date": [
          "Wed, 03 Jul 2019 18:49:20 GMT"
        ],
        "Expires": [
          "-1"
        ],
        "Content-Length": [
          "0"
        ]
      },
      "ResponseBody": "",
      "StatusCode": 202
    },
    {
      "RequestUri": "/subscriptions/7b96cb02-4663-40f4-9a89-603d3849e46a/operationresults/eyJqb2JJZCI6IlJFU09VUkNFR1JPVVBERUxFVElPTkpPQi1QUzUyODQtV0VTVFVTIiwiam9iTG9jYXRpb24iOiJ3ZXN0dXMifQ?api-version=2016-09-01",
      "EncodedRequestUri": "L3N1YnNjcmlwdGlvbnMvN2I5NmNiMDItNDY2My00MGY0LTlhODktNjAzZDM4NDllNDZhL29wZXJhdGlvbnJlc3VsdHMvZXlKcWIySkpaQ0k2SWxKRlUwOVZVa05GUjFKUFZWQkVSVXhGVkVsUFRrcFBRaTFRVXpVeU9EUXRWMFZUVkZWVElpd2lhbTlpVEc5allYUnBiMjRpT2lKM1pYTjBkWE1pZlE/YXBpLXZlcnNpb249MjAxNi0wOS0wMQ==",
      "RequestMethod": "GET",
      "RequestBody": "",
      "RequestHeaders": {
        "User-Agent": [
          "FxVersion/4.6.27617.04",
          "OSName/Windows",
          "OSVersion/Microsoft.Windows.10.0.14393.",
          "Microsoft.Azure.Management.Internal.Resources.ResourceManagementClient/1.3.0"
        ]
      },
      "ResponseHeaders": {
        "Cache-Control": [
          "no-cache"
        ],
        "Pragma": [
          "no-cache"
        ],
        "Location": [
          "https://management.azure.com/subscriptions/7b96cb02-4663-40f4-9a89-603d3849e46a/operationresults/eyJqb2JJZCI6IlJFU09VUkNFR1JPVVBERUxFVElPTkpPQi1QUzUyODQtV0VTVFVTIiwiam9iTG9jYXRpb24iOiJ3ZXN0dXMifQ?api-version=2016-09-01"
        ],
        "Retry-After": [
          "15"
        ],
        "x-ms-ratelimit-remaining-subscription-reads": [
          "11998"
        ],
        "x-ms-request-id": [
          "ef256637-1d22-46ce-9859-23ff16b0b318"
        ],
        "x-ms-correlation-request-id": [
          "ef256637-1d22-46ce-9859-23ff16b0b318"
        ],
        "x-ms-routing-request-id": [
          "WESTUS:20190703T184936Z:ef256637-1d22-46ce-9859-23ff16b0b318"
        ],
        "Strict-Transport-Security": [
          "max-age=31536000; includeSubDomains"
        ],
        "X-Content-Type-Options": [
          "nosniff"
        ],
        "Date": [
          "Wed, 03 Jul 2019 18:49:35 GMT"
        ],
        "Expires": [
          "-1"
        ],
        "Content-Length": [
          "0"
        ]
      },
      "ResponseBody": "",
      "StatusCode": 202
    },
    {
      "RequestUri": "/subscriptions/7b96cb02-4663-40f4-9a89-603d3849e46a/operationresults/eyJqb2JJZCI6IlJFU09VUkNFR1JPVVBERUxFVElPTkpPQi1QUzUyODQtV0VTVFVTIiwiam9iTG9jYXRpb24iOiJ3ZXN0dXMifQ?api-version=2016-09-01",
      "EncodedRequestUri": "L3N1YnNjcmlwdGlvbnMvN2I5NmNiMDItNDY2My00MGY0LTlhODktNjAzZDM4NDllNDZhL29wZXJhdGlvbnJlc3VsdHMvZXlKcWIySkpaQ0k2SWxKRlUwOVZVa05GUjFKUFZWQkVSVXhGVkVsUFRrcFBRaTFRVXpVeU9EUXRWMFZUVkZWVElpd2lhbTlpVEc5allYUnBiMjRpT2lKM1pYTjBkWE1pZlE/YXBpLXZlcnNpb249MjAxNi0wOS0wMQ==",
      "RequestMethod": "GET",
      "RequestBody": "",
      "RequestHeaders": {
        "User-Agent": [
          "FxVersion/4.6.27617.04",
          "OSName/Windows",
          "OSVersion/Microsoft.Windows.10.0.14393.",
          "Microsoft.Azure.Management.Internal.Resources.ResourceManagementClient/1.3.0"
        ]
      },
      "ResponseHeaders": {
        "Cache-Control": [
          "no-cache"
        ],
        "Pragma": [
          "no-cache"
        ],
        "Location": [
          "https://management.azure.com/subscriptions/7b96cb02-4663-40f4-9a89-603d3849e46a/operationresults/eyJqb2JJZCI6IlJFU09VUkNFR1JPVVBERUxFVElPTkpPQi1QUzUyODQtV0VTVFVTIiwiam9iTG9jYXRpb24iOiJ3ZXN0dXMifQ?api-version=2016-09-01"
        ],
        "Retry-After": [
          "15"
        ],
        "x-ms-ratelimit-remaining-subscription-reads": [
          "11997"
        ],
        "x-ms-request-id": [
          "b03e436b-b929-44b8-814a-3118ff53d627"
        ],
        "x-ms-correlation-request-id": [
          "b03e436b-b929-44b8-814a-3118ff53d627"
        ],
        "x-ms-routing-request-id": [
          "WESTUS:20190703T184951Z:b03e436b-b929-44b8-814a-3118ff53d627"
        ],
        "Strict-Transport-Security": [
          "max-age=31536000; includeSubDomains"
        ],
        "X-Content-Type-Options": [
          "nosniff"
        ],
        "Date": [
          "Wed, 03 Jul 2019 18:49:50 GMT"
        ],
        "Expires": [
          "-1"
        ],
        "Content-Length": [
          "0"
        ]
      },
      "ResponseBody": "",
      "StatusCode": 202
    },
    {
      "RequestUri": "/subscriptions/7b96cb02-4663-40f4-9a89-603d3849e46a/operationresults/eyJqb2JJZCI6IlJFU09VUkNFR1JPVVBERUxFVElPTkpPQi1QUzUyODQtV0VTVFVTIiwiam9iTG9jYXRpb24iOiJ3ZXN0dXMifQ?api-version=2016-09-01",
      "EncodedRequestUri": "L3N1YnNjcmlwdGlvbnMvN2I5NmNiMDItNDY2My00MGY0LTlhODktNjAzZDM4NDllNDZhL29wZXJhdGlvbnJlc3VsdHMvZXlKcWIySkpaQ0k2SWxKRlUwOVZVa05GUjFKUFZWQkVSVXhGVkVsUFRrcFBRaTFRVXpVeU9EUXRWMFZUVkZWVElpd2lhbTlpVEc5allYUnBiMjRpT2lKM1pYTjBkWE1pZlE/YXBpLXZlcnNpb249MjAxNi0wOS0wMQ==",
      "RequestMethod": "GET",
      "RequestBody": "",
      "RequestHeaders": {
        "User-Agent": [
          "FxVersion/4.6.27617.04",
          "OSName/Windows",
          "OSVersion/Microsoft.Windows.10.0.14393.",
          "Microsoft.Azure.Management.Internal.Resources.ResourceManagementClient/1.3.0"
        ]
      },
      "ResponseHeaders": {
        "Cache-Control": [
          "no-cache"
        ],
        "Pragma": [
          "no-cache"
        ],
        "x-ms-ratelimit-remaining-subscription-reads": [
          "11996"
        ],
        "x-ms-request-id": [
          "3db7791f-f8c0-4f45-bb89-25e02ca75484"
        ],
        "x-ms-correlation-request-id": [
          "3db7791f-f8c0-4f45-bb89-25e02ca75484"
        ],
        "x-ms-routing-request-id": [
          "WESTUS:20190703T185006Z:3db7791f-f8c0-4f45-bb89-25e02ca75484"
        ],
        "Strict-Transport-Security": [
          "max-age=31536000; includeSubDomains"
        ],
        "X-Content-Type-Options": [
          "nosniff"
        ],
        "Date": [
          "Wed, 03 Jul 2019 18:50:05 GMT"
        ],
        "Expires": [
          "-1"
        ],
        "Content-Length": [
          "0"
        ]
      },
      "ResponseBody": "",
      "StatusCode": 200
    },
    {
      "RequestUri": "/subscriptions/7b96cb02-4663-40f4-9a89-603d3849e46a/operationresults/eyJqb2JJZCI6IlJFU09VUkNFR1JPVVBERUxFVElPTkpPQi1QUzUyODQtV0VTVFVTIiwiam9iTG9jYXRpb24iOiJ3ZXN0dXMifQ?api-version=2016-09-01",
      "EncodedRequestUri": "L3N1YnNjcmlwdGlvbnMvN2I5NmNiMDItNDY2My00MGY0LTlhODktNjAzZDM4NDllNDZhL29wZXJhdGlvbnJlc3VsdHMvZXlKcWIySkpaQ0k2SWxKRlUwOVZVa05GUjFKUFZWQkVSVXhGVkVsUFRrcFBRaTFRVXpVeU9EUXRWMFZUVkZWVElpd2lhbTlpVEc5allYUnBiMjRpT2lKM1pYTjBkWE1pZlE/YXBpLXZlcnNpb249MjAxNi0wOS0wMQ==",
      "RequestMethod": "GET",
      "RequestBody": "",
      "RequestHeaders": {
        "User-Agent": [
          "FxVersion/4.6.27617.04",
          "OSName/Windows",
          "OSVersion/Microsoft.Windows.10.0.14393.",
          "Microsoft.Azure.Management.Internal.Resources.ResourceManagementClient/1.3.0"
        ]
      },
      "ResponseHeaders": {
        "Cache-Control": [
          "no-cache"
        ],
        "Pragma": [
          "no-cache"
        ],
        "x-ms-ratelimit-remaining-subscription-reads": [
          "11995"
        ],
        "x-ms-request-id": [
          "01bfa19d-3403-482b-b4f9-b9e6d84c2874"
        ],
        "x-ms-correlation-request-id": [
          "01bfa19d-3403-482b-b4f9-b9e6d84c2874"
        ],
        "x-ms-routing-request-id": [
          "WESTUS:20190703T185006Z:01bfa19d-3403-482b-b4f9-b9e6d84c2874"
        ],
        "Strict-Transport-Security": [
          "max-age=31536000; includeSubDomains"
        ],
        "X-Content-Type-Options": [
          "nosniff"
        ],
        "Date": [
          "Wed, 03 Jul 2019 18:50:05 GMT"
        ],
        "Expires": [
          "-1"
        ],
        "Content-Length": [
          "0"
        ]
      },
      "ResponseBody": "",
      "StatusCode": 200
    }
  ],
  "Names": {
    "Test-RemoveSyncGroupResourceId": [
      "ps5284",
      "ps3066",
      "ps2757"
    ]
  },
  "Variables": {
    "SubscriptionId": "7b96cb02-4663-40f4-9a89-603d3849e46a",
    "TenantId": "0483643a-cb2f-462a-bc27-1a270e5bdc0a",
    "Domain": ""
  }
}