{
  "Entries": [
    {
      "RequestUri": "/subscriptions/a200340d-6b82-494d-9dbf-687ba6e33f9e/resourceGroups/powershelltest/providers/Microsoft.ApiManagement/service/powershellsdkservice/apis?api-version=2019-01-01",
      "EncodedRequestUri": "L3N1YnNjcmlwdGlvbnMvYTIwMDM0MGQtNmI4Mi00OTRkLTlkYmYtNjg3YmE2ZTMzZjllL3Jlc291cmNlR3JvdXBzL3Bvd2Vyc2hlbGx0ZXN0L3Byb3ZpZGVycy9NaWNyb3NvZnQuQXBpTWFuYWdlbWVudC9zZXJ2aWNlL3Bvd2Vyc2hlbGxzZGtzZXJ2aWNlL2FwaXM/YXBpLXZlcnNpb249MjAxOS0wMS0wMQ==",
      "RequestMethod": "GET",
      "RequestBody": "",
      "RequestHeaders": {
        "x-ms-client-request-id": [
          "c190b265-0c55-4d51-a9a3-df7f84c12e96"
        ],
        "Accept-Language": [
          "en-US"
        ],
        "User-Agent": [
          "FxVersion/4.6.27817.01",
          "OSName/Windows",
          "OSVersion/Microsoft.Windows.10.0.18362.",
          "Microsoft.Azure.Management.ApiManagement.ApiManagementClient/4.11.0.0"
        ]
      },
      "ResponseHeaders": {
        "Cache-Control": [
          "no-cache"
        ],
        "Pragma": [
          "no-cache"
        ],
        "Strict-Transport-Security": [
          "max-age=31536000; includeSubDomains"
        ],
        "x-ms-request-id": [
          "5f308896-dee1-4a1a-af76-c5a30f05b036"
        ],
        "Server": [
          "Microsoft-HTTPAPI/2.0"
        ],
        "x-ms-ratelimit-remaining-subscription-reads": [
          "11999"
        ],
        "x-ms-correlation-request-id": [
          "a43ce92e-cfd6-4d7a-9526-c0b85475dfc0"
        ],
        "x-ms-routing-request-id": [
          "WESTUS:20190729T163035Z:a43ce92e-cfd6-4d7a-9526-c0b85475dfc0"
        ],
        "X-Content-Type-Options": [
          "nosniff"
        ],
        "Date": [
          "Mon, 29 Jul 2019 16:30:35 GMT"
        ],
        "Content-Length": [
          "675"
        ],
        "Content-Type": [
          "application/json; charset=utf-8"
        ],
        "Expires": [
          "-1"
        ]
      },
      "ResponseBody": "{\r\n  \"value\": [\r\n    {\r\n      \"id\": \"/subscriptions/a200340d-6b82-494d-9dbf-687ba6e33f9e/resourceGroups/powershelltest/providers/Microsoft.ApiManagement/service/powershellsdkservice/apis/echo-api\",\r\n      \"type\": \"Microsoft.ApiManagement/service/apis\",\r\n      \"name\": \"echo-api\",\r\n      \"properties\": {\r\n        \"displayName\": \"Echo API\",\r\n        \"apiRevision\": \"1\",\r\n        \"description\": null,\r\n        \"serviceUrl\": \"http://echoapi.cloudapp.net/api\",\r\n        \"path\": \"echo\",\r\n        \"protocols\": [\r\n          \"https\"\r\n        ],\r\n        \"authenticationSettings\": null,\r\n        \"subscriptionKeyParameterNames\": null,\r\n        \"isCurrent\": true\r\n      }\r\n    }\r\n  ]\r\n}",
      "StatusCode": 200
    },
    {
      "RequestUri": "/subscriptions/a200340d-6b82-494d-9dbf-687ba6e33f9e/resourceGroups/powershelltest/providers/Microsoft.ApiManagement/service/powershellsdkservice/apis/echo-api?api-version=2019-01-01",
      "EncodedRequestUri": "L3N1YnNjcmlwdGlvbnMvYTIwMDM0MGQtNmI4Mi00OTRkLTlkYmYtNjg3YmE2ZTMzZjllL3Jlc291cmNlR3JvdXBzL3Bvd2Vyc2hlbGx0ZXN0L3Byb3ZpZGVycy9NaWNyb3NvZnQuQXBpTWFuYWdlbWVudC9zZXJ2aWNlL3Bvd2Vyc2hlbGxzZGtzZXJ2aWNlL2FwaXMvZWNoby1hcGk/YXBpLXZlcnNpb249MjAxOS0wMS0wMQ==",
      "RequestMethod": "GET",
      "RequestBody": "",
      "RequestHeaders": {
        "x-ms-client-request-id": [
          "ac1b3724-5cff-4853-ae2c-35ab8665cbc3"
        ],
        "Accept-Language": [
          "en-US"
        ],
        "User-Agent": [
          "FxVersion/4.6.27817.01",
          "OSName/Windows",
          "OSVersion/Microsoft.Windows.10.0.18362.",
          "Microsoft.Azure.Management.ApiManagement.ApiManagementClient/4.11.0.0"
        ]
      },
      "ResponseHeaders": {
        "Cache-Control": [
          "no-cache"
        ],
        "Pragma": [
          "no-cache"
        ],
        "ETag": [
          "\"AAAAAAAAFRM=\""
        ],
        "Strict-Transport-Security": [
          "max-age=31536000; includeSubDomains"
        ],
        "x-ms-request-id": [
          "3642eda2-6a10-436e-8fd0-5c62a3cb09fe"
        ],
        "Server": [
          "Microsoft-HTTPAPI/2.0"
        ],
        "x-ms-ratelimit-remaining-subscription-reads": [
          "11998"
        ],
        "x-ms-correlation-request-id": [
          "383116e6-5ff4-403d-9485-4dd57df2d11f"
        ],
        "x-ms-routing-request-id": [
          "WESTUS:20190729T163035Z:383116e6-5ff4-403d-9485-4dd57df2d11f"
        ],
        "X-Content-Type-Options": [
          "nosniff"
        ],
        "Date": [
          "Mon, 29 Jul 2019 16:30:35 GMT"
        ],
        "Content-Length": [
          "712"
        ],
        "Content-Type": [
          "application/json; charset=utf-8"
        ],
        "Expires": [
          "-1"
        ]
      },
      "ResponseBody": "{\r\n  \"id\": \"/subscriptions/a200340d-6b82-494d-9dbf-687ba6e33f9e/resourceGroups/powershelltest/providers/Microsoft.ApiManagement/service/powershellsdkservice/apis/echo-api\",\r\n  \"type\": \"Microsoft.ApiManagement/service/apis\",\r\n  \"name\": \"echo-api\",\r\n  \"properties\": {\r\n    \"displayName\": \"Echo API\",\r\n    \"apiRevision\": \"1\",\r\n    \"description\": null,\r\n    \"serviceUrl\": \"http://echoapi.cloudapp.net/api\",\r\n    \"path\": \"echo\",\r\n    \"protocols\": [\r\n      \"https\"\r\n    ],\r\n    \"authenticationSettings\": {\r\n      \"oAuth2\": null,\r\n      \"openid\": null\r\n    },\r\n    \"subscriptionKeyParameterNames\": {\r\n      \"header\": \"Ocp-Apim-Subscription-Key\",\r\n      \"query\": \"subscription-key\"\r\n    },\r\n    \"isCurrent\": true\r\n  }\r\n}",
      "StatusCode": 200
    },
    {
      "RequestUri": "/subscriptions/a200340d-6b82-494d-9dbf-687ba6e33f9e/resourceGroups/powershelltest/providers/Microsoft.ApiManagement/service/powershellsdkservice/apis?$filter=properties/displayName%20eq%20'Echo%20API'&api-version=2019-01-01",
      "EncodedRequestUri": "L3N1YnNjcmlwdGlvbnMvYTIwMDM0MGQtNmI4Mi00OTRkLTlkYmYtNjg3YmE2ZTMzZjllL3Jlc291cmNlR3JvdXBzL3Bvd2Vyc2hlbGx0ZXN0L3Byb3ZpZGVycy9NaWNyb3NvZnQuQXBpTWFuYWdlbWVudC9zZXJ2aWNlL3Bvd2Vyc2hlbGxzZGtzZXJ2aWNlL2FwaXM/JGZpbHRlcj1wcm9wZXJ0aWVzL2Rpc3BsYXlOYW1lJTIwZXElMjAnRWNobyUyMEFQSScmYXBpLXZlcnNpb249MjAxOS0wMS0wMQ==",
      "RequestMethod": "GET",
      "RequestBody": "",
      "RequestHeaders": {
        "x-ms-client-request-id": [
          "c557bb9c-d2d5-4963-ae7c-c5ac55401da6"
        ],
        "Accept-Language": [
          "en-US"
        ],
        "User-Agent": [
          "FxVersion/4.6.27817.01",
          "OSName/Windows",
          "OSVersion/Microsoft.Windows.10.0.18362.",
          "Microsoft.Azure.Management.ApiManagement.ApiManagementClient/4.11.0.0"
        ]
      },
      "ResponseHeaders": {
        "Cache-Control": [
          "no-cache"
        ],
        "Pragma": [
          "no-cache"
        ],
        "Strict-Transport-Security": [
          "max-age=31536000; includeSubDomains"
        ],
        "x-ms-request-id": [
          "9afa0c2f-3799-4041-b799-0a2217e01863"
        ],
        "Server": [
          "Microsoft-HTTPAPI/2.0"
        ],
        "x-ms-ratelimit-remaining-subscription-reads": [
          "11997"
        ],
        "x-ms-correlation-request-id": [
          "74fed3bd-40ce-48e3-b9f3-4ea56d46e39b"
        ],
        "x-ms-routing-request-id": [
          "WESTUS:20190729T163036Z:74fed3bd-40ce-48e3-b9f3-4ea56d46e39b"
        ],
        "X-Content-Type-Options": [
          "nosniff"
        ],
        "Date": [
          "Mon, 29 Jul 2019 16:30:35 GMT"
        ],
        "Content-Length": [
          "675"
        ],
        "Content-Type": [
          "application/json; charset=utf-8"
        ],
        "Expires": [
          "-1"
        ]
      },
      "ResponseBody": "{\r\n  \"value\": [\r\n    {\r\n      \"id\": \"/subscriptions/a200340d-6b82-494d-9dbf-687ba6e33f9e/resourceGroups/powershelltest/providers/Microsoft.ApiManagement/service/powershellsdkservice/apis/echo-api\",\r\n      \"type\": \"Microsoft.ApiManagement/service/apis\",\r\n      \"name\": \"echo-api\",\r\n      \"properties\": {\r\n        \"displayName\": \"Echo API\",\r\n        \"apiRevision\": \"1\",\r\n        \"description\": null,\r\n        \"serviceUrl\": \"http://echoapi.cloudapp.net/api\",\r\n        \"path\": \"echo\",\r\n        \"protocols\": [\r\n          \"https\"\r\n        ],\r\n        \"authenticationSettings\": null,\r\n        \"subscriptionKeyParameterNames\": null,\r\n        \"isCurrent\": true\r\n      }\r\n    }\r\n  ]\r\n}",
      "StatusCode": 200
    },
    {
      "RequestUri": "/subscriptions/a200340d-6b82-494d-9dbf-687ba6e33f9e/resourceGroups/powershelltest/providers/Microsoft.ApiManagement/service/powershellsdkservice/apis/ps7581?api-version=2019-01-01",
      "EncodedRequestUri": "L3N1YnNjcmlwdGlvbnMvYTIwMDM0MGQtNmI4Mi00OTRkLTlkYmYtNjg3YmE2ZTMzZjllL3Jlc291cmNlR3JvdXBzL3Bvd2Vyc2hlbGx0ZXN0L3Byb3ZpZGVycy9NaWNyb3NvZnQuQXBpTWFuYWdlbWVudC9zZXJ2aWNlL3Bvd2Vyc2hlbGxzZGtzZXJ2aWNlL2FwaXMvcHM3NTgxP2FwaS12ZXJzaW9uPTIwMTktMDEtMDE=",
      "RequestMethod": "PUT",
      "RequestBody": "{\r\n  \"properties\": {\r\n    \"description\": \"ps9906\",\r\n    \"subscriptionKeyParameterNames\": {\r\n      \"header\": \"ps5054\",\r\n      \"query\": \"ps5289\"\r\n    },\r\n    \"displayName\": \"ps3578\",\r\n    \"serviceUrl\": \"http://newechoapi.cloudapp.net/newapi\",\r\n    \"path\": \"ps5192\",\r\n    \"protocols\": [\r\n      \"http\",\r\n      \"https\"\r\n    ]\r\n  }\r\n}",
      "RequestHeaders": {
        "x-ms-client-request-id": [
          "8da6d6b2-5cc7-4f91-843d-d890270ee034"
        ],
        "Accept-Language": [
          "en-US"
        ],
        "User-Agent": [
          "FxVersion/4.6.27817.01",
          "OSName/Windows",
          "OSVersion/Microsoft.Windows.10.0.18362.",
          "Microsoft.Azure.Management.ApiManagement.ApiManagementClient/4.11.0.0"
        ],
        "Content-Type": [
          "application/json; charset=utf-8"
        ],
        "Content-Length": [
          "328"
        ]
      },
      "ResponseHeaders": {
        "Cache-Control": [
          "no-cache"
        ],
        "Pragma": [
          "no-cache"
        ],
        "ETag": [
          "\"AAAAAAAAFgY=\""
        ],
        "Strict-Transport-Security": [
          "max-age=31536000; includeSubDomains"
        ],
        "x-ms-request-id": [
          "cf991602-6589-4416-a8cf-0d71d3ce0d23"
        ],
        "Server": [
          "Microsoft-HTTPAPI/2.0"
        ],
        "x-ms-ratelimit-remaining-subscription-writes": [
          "1199"
        ],
        "x-ms-correlation-request-id": [
          "2fa51cc0-a3c7-43b9-b6b7-9ad356298cfc"
        ],
        "x-ms-routing-request-id": [
          "WESTUS:20190729T163037Z:2fa51cc0-a3c7-43b9-b6b7-9ad356298cfc"
        ],
        "X-Content-Type-Options": [
          "nosniff"
        ],
        "Date": [
          "Mon, 29 Jul 2019 16:30:37 GMT"
        ],
        "Content-Length": [
          "704"
        ],
        "Content-Type": [
          "application/json; charset=utf-8"
        ],
        "Expires": [
          "-1"
        ]
      },
      "ResponseBody": "{\r\n  \"id\": \"/subscriptions/a200340d-6b82-494d-9dbf-687ba6e33f9e/resourceGroups/powershelltest/providers/Microsoft.ApiManagement/service/powershellsdkservice/apis/ps7581\",\r\n  \"type\": \"Microsoft.ApiManagement/service/apis\",\r\n  \"name\": \"ps7581\",\r\n  \"properties\": {\r\n    \"displayName\": \"ps3578\",\r\n    \"apiRevision\": \"1\",\r\n    \"description\": \"ps9906\",\r\n    \"serviceUrl\": \"http://newechoapi.cloudapp.net/newapi\",\r\n    \"path\": \"ps5192\",\r\n    \"protocols\": [\r\n      \"http\",\r\n      \"https\"\r\n    ],\r\n    \"authenticationSettings\": {\r\n      \"oAuth2\": null,\r\n      \"openid\": null\r\n    },\r\n    \"subscriptionKeyParameterNames\": {\r\n      \"header\": \"ps5054\",\r\n      \"query\": \"ps5289\"\r\n    },\r\n    \"isCurrent\": true\r\n  }\r\n}",
      "StatusCode": 201
    },
    {
      "RequestUri": "/subscriptions/a200340d-6b82-494d-9dbf-687ba6e33f9e/resourceGroups/powershelltest/providers/Microsoft.ApiManagement/service/powershellsdkservice/apis/ps7581?api-version=2019-01-01",
      "EncodedRequestUri": "L3N1YnNjcmlwdGlvbnMvYTIwMDM0MGQtNmI4Mi00OTRkLTlkYmYtNjg3YmE2ZTMzZjllL3Jlc291cmNlR3JvdXBzL3Bvd2Vyc2hlbGx0ZXN0L3Byb3ZpZGVycy9NaWNyb3NvZnQuQXBpTWFuYWdlbWVudC9zZXJ2aWNlL3Bvd2Vyc2hlbGxzZGtzZXJ2aWNlL2FwaXMvcHM3NTgxP2FwaS12ZXJzaW9uPTIwMTktMDEtMDE=",
      "RequestMethod": "PUT",
      "RequestBody": "{\r\n  \"properties\": {\r\n    \"description\": \"ps6205\",\r\n    \"authenticationSettings\": {},\r\n    \"subscriptionKeyParameterNames\": {\r\n      \"header\": \"ps6477\",\r\n      \"query\": \"ps3275\"\r\n    },\r\n    \"apiRevision\": \"1\",\r\n    \"isCurrent\": true,\r\n    \"displayName\": \"ps9950\",\r\n    \"serviceUrl\": \"http://newechoapi.cloudapp.net/newapinew\",\r\n    \"path\": \"ps222\",\r\n    \"protocols\": [\r\n      \"https\"\r\n    ]\r\n  }\r\n}",
      "RequestHeaders": {
        "x-ms-client-request-id": [
          "383e931d-3059-4013-9f54-49872df57841"
        ],
        "If-Match": [
          "*"
        ],
        "Accept-Language": [
          "en-US"
        ],
        "User-Agent": [
          "FxVersion/4.6.27817.01",
          "OSName/Windows",
          "OSVersion/Microsoft.Windows.10.0.18362.",
          "Microsoft.Azure.Management.ApiManagement.ApiManagementClient/4.11.0.0"
        ],
        "Content-Type": [
          "application/json; charset=utf-8"
        ],
        "Content-Length": [
          "399"
        ]
      },
      "ResponseHeaders": {
        "Cache-Control": [
          "no-cache"
        ],
        "Pragma": [
          "no-cache"
        ],
        "ETag": [
          "\"AAAAAAAAFgo=\""
        ],
        "Strict-Transport-Security": [
          "max-age=31536000; includeSubDomains"
        ],
        "x-ms-request-id": [
          "cfdf83c8-de4b-46f6-9afd-3d4199b962e9"
        ],
        "Server": [
          "Microsoft-HTTPAPI/2.0"
        ],
        "x-ms-ratelimit-remaining-subscription-writes": [
          "1198"
        ],
        "x-ms-correlation-request-id": [
          "5d33cd1d-31db-4f9e-8aad-9236aecc9375"
        ],
        "x-ms-routing-request-id": [
          "WESTUS:20190729T163112Z:5d33cd1d-31db-4f9e-8aad-9236aecc9375"
        ],
        "X-Content-Type-Options": [
          "nosniff"
        ],
        "Date": [
          "Mon, 29 Jul 2019 16:31:11 GMT"
        ],
        "Content-Length": [
          "691"
        ],
        "Content-Type": [
          "application/json; charset=utf-8"
        ],
        "Expires": [
          "-1"
        ]
      },
      "ResponseBody": "{\r\n  \"id\": \"/subscriptions/a200340d-6b82-494d-9dbf-687ba6e33f9e/resourceGroups/powershelltest/providers/Microsoft.ApiManagement/service/powershellsdkservice/apis/ps7581\",\r\n  \"type\": \"Microsoft.ApiManagement/service/apis\",\r\n  \"name\": \"ps7581\",\r\n  \"properties\": {\r\n    \"displayName\": \"ps9950\",\r\n    \"apiRevision\": \"1\",\r\n    \"description\": \"ps6205\",\r\n    \"serviceUrl\": \"http://newechoapi.cloudapp.net/newapinew\",\r\n    \"path\": \"ps222\",\r\n    \"protocols\": [\r\n      \"https\"\r\n    ],\r\n    \"authenticationSettings\": {\r\n      \"oAuth2\": null,\r\n      \"openid\": null\r\n    },\r\n    \"subscriptionKeyParameterNames\": {\r\n      \"header\": \"ps6477\",\r\n      \"query\": \"ps3275\"\r\n    },\r\n    \"isCurrent\": true\r\n  }\r\n}",
      "StatusCode": 200
    },
    {
      "RequestUri": "/subscriptions/a200340d-6b82-494d-9dbf-687ba6e33f9e/resourceGroups/powershelltest/providers/Microsoft.ApiManagement/service/powershellsdkservice/apis/ps7581?api-version=2019-01-01",
      "EncodedRequestUri": "L3N1YnNjcmlwdGlvbnMvYTIwMDM0MGQtNmI4Mi00OTRkLTlkYmYtNjg3YmE2ZTMzZjllL3Jlc291cmNlR3JvdXBzL3Bvd2Vyc2hlbGx0ZXN0L3Byb3ZpZGVycy9NaWNyb3NvZnQuQXBpTWFuYWdlbWVudC9zZXJ2aWNlL3Bvd2Vyc2hlbGxzZGtzZXJ2aWNlL2FwaXMvcHM3NTgxP2FwaS12ZXJzaW9uPTIwMTktMDEtMDE=",
      "RequestMethod": "GET",
      "RequestBody": "",
      "RequestHeaders": {
        "User-Agent": [
          "FxVersion/4.6.27817.01",
          "OSName/Windows",
          "OSVersion/Microsoft.Windows.10.0.18362.",
          "Microsoft.Azure.Management.ApiManagement.ApiManagementClient/4.11.0.0"
        ]
      },
      "ResponseHeaders": {
        "Cache-Control": [
          "no-cache"
        ],
        "Pragma": [
          "no-cache"
        ],
        "ETag": [
          "\"AAAAAAAAFgY=\""
        ],
        "Strict-Transport-Security": [
          "max-age=31536000; includeSubDomains"
        ],
        "x-ms-request-id": [
          "f6b91dff-64e9-4485-bfe6-c357e5d676ee"
        ],
        "Server": [
          "Microsoft-HTTPAPI/2.0"
        ],
        "x-ms-ratelimit-remaining-subscription-reads": [
          "11996"
        ],
        "x-ms-correlation-request-id": [
          "0f6d8a80-87df-44b5-881f-c2a01fc56929"
        ],
        "x-ms-routing-request-id": [
          "WESTUS:20190729T163107Z:0f6d8a80-87df-44b5-881f-c2a01fc56929"
        ],
        "X-Content-Type-Options": [
          "nosniff"
        ],
        "Date": [
          "Mon, 29 Jul 2019 16:31:06 GMT"
        ],
        "Content-Length": [
          "704"
        ],
        "Content-Type": [
          "application/json; charset=utf-8"
        ],
        "Expires": [
          "-1"
        ]
      },
      "ResponseBody": "{\r\n  \"id\": \"/subscriptions/a200340d-6b82-494d-9dbf-687ba6e33f9e/resourceGroups/powershelltest/providers/Microsoft.ApiManagement/service/powershellsdkservice/apis/ps7581\",\r\n  \"type\": \"Microsoft.ApiManagement/service/apis\",\r\n  \"name\": \"ps7581\",\r\n  \"properties\": {\r\n    \"displayName\": \"ps3578\",\r\n    \"apiRevision\": \"1\",\r\n    \"description\": \"ps9906\",\r\n    \"serviceUrl\": \"http://newechoapi.cloudapp.net/newapi\",\r\n    \"path\": \"ps5192\",\r\n    \"protocols\": [\r\n      \"http\",\r\n      \"https\"\r\n    ],\r\n    \"authenticationSettings\": {\r\n      \"oAuth2\": null,\r\n      \"openid\": null\r\n    },\r\n    \"subscriptionKeyParameterNames\": {\r\n      \"header\": \"ps5054\",\r\n      \"query\": \"ps5289\"\r\n    },\r\n    \"isCurrent\": true\r\n  }\r\n}",
      "StatusCode": 200
    },
    {
      "RequestUri": "/subscriptions/a200340d-6b82-494d-9dbf-687ba6e33f9e/resourceGroups/powershelltest/providers/Microsoft.ApiManagement/service/powershellsdkservice/apis/ps7581?api-version=2019-01-01",
      "EncodedRequestUri": "L3N1YnNjcmlwdGlvbnMvYTIwMDM0MGQtNmI4Mi00OTRkLTlkYmYtNjg3YmE2ZTMzZjllL3Jlc291cmNlR3JvdXBzL3Bvd2Vyc2hlbGx0ZXN0L3Byb3ZpZGVycy9NaWNyb3NvZnQuQXBpTWFuYWdlbWVudC9zZXJ2aWNlL3Bvd2Vyc2hlbGxzZGtzZXJ2aWNlL2FwaXMvcHM3NTgxP2FwaS12ZXJzaW9uPTIwMTktMDEtMDE=",
      "RequestMethod": "GET",
      "RequestBody": "",
      "RequestHeaders": {
        "x-ms-client-request-id": [
          "243ffe18-dc89-4432-a930-3246f1288696"
        ],
        "Accept-Language": [
          "en-US"
        ],
        "User-Agent": [
          "FxVersion/4.6.27817.01",
          "OSName/Windows",
          "OSVersion/Microsoft.Windows.10.0.18362.",
          "Microsoft.Azure.Management.ApiManagement.ApiManagementClient/4.11.0.0"
        ]
      },
      "ResponseHeaders": {
        "Cache-Control": [
          "no-cache"
        ],
        "Pragma": [
          "no-cache"
        ],
        "ETag": [
          "\"AAAAAAAAFgY=\""
        ],
        "Strict-Transport-Security": [
          "max-age=31536000; includeSubDomains"
        ],
        "x-ms-request-id": [
          "b45e2471-63fe-4ca5-bd56-2a82ed056ee7"
        ],
        "Server": [
          "Microsoft-HTTPAPI/2.0"
        ],
        "x-ms-ratelimit-remaining-subscription-reads": [
          "11995"
        ],
        "x-ms-correlation-request-id": [
          "e82adbac-7ee8-4d5b-a2ea-038bb79762e4"
        ],
        "x-ms-routing-request-id": [
          "WESTUS:20190729T163107Z:e82adbac-7ee8-4d5b-a2ea-038bb79762e4"
        ],
        "X-Content-Type-Options": [
          "nosniff"
        ],
        "Date": [
          "Mon, 29 Jul 2019 16:31:07 GMT"
        ],
        "Content-Length": [
          "704"
        ],
        "Content-Type": [
          "application/json; charset=utf-8"
        ],
        "Expires": [
          "-1"
        ]
      },
      "ResponseBody": "{\r\n  \"id\": \"/subscriptions/a200340d-6b82-494d-9dbf-687ba6e33f9e/resourceGroups/powershelltest/providers/Microsoft.ApiManagement/service/powershellsdkservice/apis/ps7581\",\r\n  \"type\": \"Microsoft.ApiManagement/service/apis\",\r\n  \"name\": \"ps7581\",\r\n  \"properties\": {\r\n    \"displayName\": \"ps3578\",\r\n    \"apiRevision\": \"1\",\r\n    \"description\": \"ps9906\",\r\n    \"serviceUrl\": \"http://newechoapi.cloudapp.net/newapi\",\r\n    \"path\": \"ps5192\",\r\n    \"protocols\": [\r\n      \"http\",\r\n      \"https\"\r\n    ],\r\n    \"authenticationSettings\": {\r\n      \"oAuth2\": null,\r\n      \"openid\": null\r\n    },\r\n    \"subscriptionKeyParameterNames\": {\r\n      \"header\": \"ps5054\",\r\n      \"query\": \"ps5289\"\r\n    },\r\n    \"isCurrent\": true\r\n  }\r\n}",
      "StatusCode": 200
    },
    {
      "RequestUri": "/subscriptions/a200340d-6b82-494d-9dbf-687ba6e33f9e/resourceGroups/powershelltest/providers/Microsoft.ApiManagement/service/powershellsdkservice/products?api-version=2019-01-01",
      "EncodedRequestUri": "L3N1YnNjcmlwdGlvbnMvYTIwMDM0MGQtNmI4Mi00OTRkLTlkYmYtNjg3YmE2ZTMzZjllL3Jlc291cmNlR3JvdXBzL3Bvd2Vyc2hlbGx0ZXN0L3Byb3ZpZGVycy9NaWNyb3NvZnQuQXBpTWFuYWdlbWVudC9zZXJ2aWNlL3Bvd2Vyc2hlbGxzZGtzZXJ2aWNlL3Byb2R1Y3RzP2FwaS12ZXJzaW9uPTIwMTktMDEtMDE=",
      "RequestMethod": "GET",
      "RequestBody": "",
      "RequestHeaders": {
        "x-ms-client-request-id": [
          "28f72ff1-b6f1-4001-ae14-c9d0d7b51ca3"
        ],
        "Accept-Language": [
          "en-US"
        ],
        "User-Agent": [
          "FxVersion/4.6.27817.01",
          "OSName/Windows",
          "OSVersion/Microsoft.Windows.10.0.18362.",
          "Microsoft.Azure.Management.ApiManagement.ApiManagementClient/4.11.0.0"
        ]
      },
      "ResponseHeaders": {
        "Cache-Control": [
          "no-cache"
        ],
        "Pragma": [
          "no-cache"
        ],
        "Strict-Transport-Security": [
          "max-age=31536000; includeSubDomains"
        ],
        "x-ms-request-id": [
          "3aac35d6-d755-450f-93db-d27e4fc372fb"
        ],
        "Server": [
          "Microsoft-HTTPAPI/2.0"
        ],
        "x-ms-ratelimit-remaining-subscription-reads": [
          "11994"
        ],
        "x-ms-correlation-request-id": [
          "46aa919f-8837-4c48-9f1f-6595eac6f1b3"
        ],
        "x-ms-routing-request-id": [
          "WESTUS:20190729T163112Z:46aa919f-8837-4c48-9f1f-6595eac6f1b3"
        ],
        "X-Content-Type-Options": [
          "nosniff"
        ],
        "Date": [
          "Mon, 29 Jul 2019 16:31:11 GMT"
        ],
        "Content-Length": [
          "1272"
        ],
        "Content-Type": [
          "application/json; charset=utf-8"
        ],
        "Expires": [
          "-1"
        ]
      },
      "ResponseBody": "{\r\n  \"value\": [\r\n    {\r\n      \"id\": \"/subscriptions/a200340d-6b82-494d-9dbf-687ba6e33f9e/resourceGroups/powershelltest/providers/Microsoft.ApiManagement/service/powershellsdkservice/products/starter\",\r\n      \"type\": \"Microsoft.ApiManagement/service/products\",\r\n      \"name\": \"starter\",\r\n      \"properties\": {\r\n        \"displayName\": \"Starter\",\r\n        \"description\": \"Subscribers will be able to run 5 calls/minute up to a maximum of 100 calls/week.\",\r\n        \"terms\": \"\",\r\n        \"subscriptionRequired\": true,\r\n        \"approvalRequired\": false,\r\n        \"subscriptionsLimit\": 100,\r\n        \"state\": \"published\"\r\n      }\r\n    },\r\n    {\r\n      \"id\": \"/subscriptions/a200340d-6b82-494d-9dbf-687ba6e33f9e/resourceGroups/powershelltest/providers/Microsoft.ApiManagement/service/powershellsdkservice/products/unlimited\",\r\n      \"type\": \"Microsoft.ApiManagement/service/products\",\r\n      \"name\": \"unlimited\",\r\n      \"properties\": {\r\n        \"displayName\": \"Unlimited\",\r\n        \"description\": \"Subscribers have completely unlimited access to the API. Administrator approval is required.\",\r\n        \"terms\": null,\r\n        \"subscriptionRequired\": true,\r\n        \"approvalRequired\": true,\r\n        \"subscriptionsLimit\": 1,\r\n        \"state\": \"published\"\r\n      }\r\n    }\r\n  ]\r\n}",
      "StatusCode": 200
    },
    {
      "RequestUri": "/subscriptions/a200340d-6b82-494d-9dbf-687ba6e33f9e/resourceGroups/powershelltest/providers/Microsoft.ApiManagement/service/powershellsdkservice/products/starter/apis/ps7581?api-version=2019-01-01",
      "EncodedRequestUri": "L3N1YnNjcmlwdGlvbnMvYTIwMDM0MGQtNmI4Mi00OTRkLTlkYmYtNjg3YmE2ZTMzZjllL3Jlc291cmNlR3JvdXBzL3Bvd2Vyc2hlbGx0ZXN0L3Byb3ZpZGVycy9NaWNyb3NvZnQuQXBpTWFuYWdlbWVudC9zZXJ2aWNlL3Bvd2Vyc2hlbGxzZGtzZXJ2aWNlL3Byb2R1Y3RzL3N0YXJ0ZXIvYXBpcy9wczc1ODE/YXBpLXZlcnNpb249MjAxOS0wMS0wMQ==",
      "RequestMethod": "PUT",
      "RequestBody": "",
      "RequestHeaders": {
        "x-ms-client-request-id": [
          "cdcf08cd-b208-46af-97c6-faaca137c343"
        ],
        "Accept-Language": [
          "en-US"
        ],
        "User-Agent": [
          "FxVersion/4.6.27817.01",
          "OSName/Windows",
          "OSVersion/Microsoft.Windows.10.0.18362.",
          "Microsoft.Azure.Management.ApiManagement.ApiManagementClient/4.11.0.0"
        ]
      },
      "ResponseHeaders": {
        "Cache-Control": [
          "no-cache"
        ],
        "Pragma": [
          "no-cache"
        ],
        "ETag": [
          "\"AAAAAAAAFgo=\""
        ],
        "Strict-Transport-Security": [
          "max-age=31536000; includeSubDomains"
        ],
        "x-ms-request-id": [
          "147b5eeb-a52b-43fb-a6c9-42673abc2ca8"
        ],
        "Server": [
          "Microsoft-HTTPAPI/2.0"
        ],
        "x-ms-ratelimit-remaining-subscription-writes": [
          "1197"
        ],
        "x-ms-correlation-request-id": [
          "81682be4-594b-4260-8389-77193a181d2f"
        ],
        "x-ms-routing-request-id": [
          "WESTUS:20190729T163112Z:81682be4-594b-4260-8389-77193a181d2f"
        ],
        "X-Content-Type-Options": [
          "nosniff"
        ],
        "Date": [
          "Mon, 29 Jul 2019 16:31:12 GMT"
        ],
        "Content-Length": [
          "593"
        ],
        "Content-Type": [
          "application/json; charset=utf-8"
        ],
        "Expires": [
          "-1"
        ]
      },
      "ResponseBody": "{\r\n  \"id\": \"/subscriptions/a200340d-6b82-494d-9dbf-687ba6e33f9e/resourceGroups/powershelltest/providers/Microsoft.ApiManagement/service/powershellsdkservice/products/starter/apis/ps7581\",\r\n  \"type\": \"Microsoft.ApiManagement/service/products/apis\",\r\n  \"name\": \"ps7581\",\r\n  \"properties\": {\r\n    \"displayName\": \"ps9950\",\r\n    \"apiRevision\": \"1\",\r\n    \"description\": \"ps6205\",\r\n    \"serviceUrl\": \"http://newechoapi.cloudapp.net/newapinew\",\r\n    \"path\": \"ps222\",\r\n    \"protocols\": null,\r\n    \"authenticationSettings\": null,\r\n    \"subscriptionKeyParameterNames\": null,\r\n    \"isCurrent\": true\r\n  }\r\n}",
      "StatusCode": 201
    },
    {
      "RequestUri": "/subscriptions/a200340d-6b82-494d-9dbf-687ba6e33f9e/resourceGroups/powershelltest/providers/Microsoft.ApiManagement/service/powershellsdkservice/products/starter/apis?api-version=2019-01-01",
      "EncodedRequestUri": "L3N1YnNjcmlwdGlvbnMvYTIwMDM0MGQtNmI4Mi00OTRkLTlkYmYtNjg3YmE2ZTMzZjllL3Jlc291cmNlR3JvdXBzL3Bvd2Vyc2hlbGx0ZXN0L3Byb3ZpZGVycy9NaWNyb3NvZnQuQXBpTWFuYWdlbWVudC9zZXJ2aWNlL3Bvd2Vyc2hlbGxzZGtzZXJ2aWNlL3Byb2R1Y3RzL3N0YXJ0ZXIvYXBpcz9hcGktdmVyc2lvbj0yMDE5LTAxLTAx",
      "RequestMethod": "GET",
      "RequestBody": "",
      "RequestHeaders": {
        "x-ms-client-request-id": [
          "8700cb64-e83c-4647-96b7-b0e97708e51f"
        ],
        "Accept-Language": [
          "en-US"
        ],
        "User-Agent": [
          "FxVersion/4.6.27817.01",
          "OSName/Windows",
          "OSVersion/Microsoft.Windows.10.0.18362.",
          "Microsoft.Azure.Management.ApiManagement.ApiManagementClient/4.11.0.0"
        ]
      },
      "ResponseHeaders": {
        "Cache-Control": [
          "no-cache"
        ],
        "Pragma": [
          "no-cache"
        ],
        "Strict-Transport-Security": [
          "max-age=31536000; includeSubDomains"
        ],
        "x-ms-request-id": [
          "daa195f6-0723-4302-b200-056011c24f94"
        ],
        "Server": [
          "Microsoft-HTTPAPI/2.0"
        ],
        "x-ms-ratelimit-remaining-subscription-reads": [
          "11993"
        ],
        "x-ms-correlation-request-id": [
          "479bb2fc-608b-491e-8d03-7e848420535b"
        ],
        "x-ms-routing-request-id": [
          "WESTUS:20190729T163112Z:479bb2fc-608b-491e-8d03-7e848420535b"
        ],
        "X-Content-Type-Options": [
          "nosniff"
        ],
        "Date": [
          "Mon, 29 Jul 2019 16:31:12 GMT"
        ],
        "Content-Length": [
          "1388"
        ],
        "Content-Type": [
          "application/json; charset=utf-8"
        ],
        "Expires": [
          "-1"
        ]
      },
      "ResponseBody": "{\r\n  \"value\": [\r\n    {\r\n      \"id\": \"/subscriptions/a200340d-6b82-494d-9dbf-687ba6e33f9e/resourceGroups/powershelltest/providers/Microsoft.ApiManagement/service/powershellsdkservice/products/starter/apis/echo-api\",\r\n      \"type\": \"Microsoft.ApiManagement/service/products/apis\",\r\n      \"name\": \"echo-api\",\r\n      \"properties\": {\r\n        \"displayName\": \"Echo API\",\r\n        \"apiRevision\": \"1\",\r\n        \"description\": null,\r\n        \"serviceUrl\": \"http://echoapi.cloudapp.net/api\",\r\n        \"path\": \"echo\",\r\n        \"protocols\": [\r\n          \"https\"\r\n        ],\r\n        \"authenticationSettings\": null,\r\n        \"subscriptionKeyParameterNames\": null,\r\n        \"isCurrent\": true\r\n      }\r\n    },\r\n    {\r\n      \"id\": \"/subscriptions/a200340d-6b82-494d-9dbf-687ba6e33f9e/resourceGroups/powershelltest/providers/Microsoft.ApiManagement/service/powershellsdkservice/products/starter/apis/ps7581\",\r\n      \"type\": \"Microsoft.ApiManagement/service/products/apis\",\r\n      \"name\": \"ps7581\",\r\n      \"properties\": {\r\n        \"displayName\": \"ps9950\",\r\n        \"apiRevision\": \"1\",\r\n        \"description\": \"ps6205\",\r\n        \"serviceUrl\": \"http://newechoapi.cloudapp.net/newapinew\",\r\n        \"path\": \"ps222\",\r\n        \"protocols\": [\r\n          \"https\"\r\n        ],\r\n        \"authenticationSettings\": null,\r\n        \"subscriptionKeyParameterNames\": null,\r\n        \"isCurrent\": true\r\n      }\r\n    }\r\n  ]\r\n}",
      "StatusCode": 200
    },
    {
      "RequestUri": "/subscriptions/a200340d-6b82-494d-9dbf-687ba6e33f9e/resourceGroups/powershelltest/providers/Microsoft.ApiManagement/service/powershellsdkservice/products/starter/apis?api-version=2019-01-01",
      "EncodedRequestUri": "L3N1YnNjcmlwdGlvbnMvYTIwMDM0MGQtNmI4Mi00OTRkLTlkYmYtNjg3YmE2ZTMzZjllL3Jlc291cmNlR3JvdXBzL3Bvd2Vyc2hlbGx0ZXN0L3Byb3ZpZGVycy9NaWNyb3NvZnQuQXBpTWFuYWdlbWVudC9zZXJ2aWNlL3Bvd2Vyc2hlbGxzZGtzZXJ2aWNlL3Byb2R1Y3RzL3N0YXJ0ZXIvYXBpcz9hcGktdmVyc2lvbj0yMDE5LTAxLTAx",
      "RequestMethod": "GET",
      "RequestBody": "",
      "RequestHeaders": {
        "x-ms-client-request-id": [
          "6e6667f4-34b8-4fe6-b75b-e9b7d99cebb2"
        ],
        "Accept-Language": [
          "en-US"
        ],
        "User-Agent": [
          "FxVersion/4.6.27817.01",
          "OSName/Windows",
          "OSVersion/Microsoft.Windows.10.0.18362.",
          "Microsoft.Azure.Management.ApiManagement.ApiManagementClient/4.11.0.0"
        ]
      },
      "ResponseHeaders": {
        "Cache-Control": [
          "no-cache"
        ],
        "Pragma": [
          "no-cache"
        ],
        "Strict-Transport-Security": [
          "max-age=31536000; includeSubDomains"
        ],
        "x-ms-request-id": [
          "41ab5e9f-a6b8-43a8-b45c-1e6ff86fb0ed"
        ],
        "Server": [
          "Microsoft-HTTPAPI/2.0"
        ],
        "x-ms-ratelimit-remaining-subscription-reads": [
          "11992"
        ],
        "x-ms-correlation-request-id": [
          "dc614531-bacc-41ec-a83e-7127d36163c8"
        ],
        "x-ms-routing-request-id": [
          "WESTUS:20190729T163113Z:dc614531-bacc-41ec-a83e-7127d36163c8"
        ],
        "X-Content-Type-Options": [
          "nosniff"
        ],
        "Date": [
          "Mon, 29 Jul 2019 16:31:12 GMT"
        ],
        "Content-Length": [
          "701"
        ],
        "Content-Type": [
          "application/json; charset=utf-8"
        ],
        "Expires": [
          "-1"
        ]
      },
      "ResponseBody": "{\r\n  \"value\": [\r\n    {\r\n      \"id\": \"/subscriptions/a200340d-6b82-494d-9dbf-687ba6e33f9e/resourceGroups/powershelltest/providers/Microsoft.ApiManagement/service/powershellsdkservice/products/starter/apis/echo-api\",\r\n      \"type\": \"Microsoft.ApiManagement/service/products/apis\",\r\n      \"name\": \"echo-api\",\r\n      \"properties\": {\r\n        \"displayName\": \"Echo API\",\r\n        \"apiRevision\": \"1\",\r\n        \"description\": null,\r\n        \"serviceUrl\": \"http://echoapi.cloudapp.net/api\",\r\n        \"path\": \"echo\",\r\n        \"protocols\": [\r\n          \"https\"\r\n        ],\r\n        \"authenticationSettings\": null,\r\n        \"subscriptionKeyParameterNames\": null,\r\n        \"isCurrent\": true\r\n      }\r\n    }\r\n  ]\r\n}",
      "StatusCode": 200
    },
    {
      "RequestUri": "/subscriptions/a200340d-6b82-494d-9dbf-687ba6e33f9e/resourceGroups/powershelltest/providers/Microsoft.ApiManagement/service/powershellsdkservice/products/starter/apis/ps7581?api-version=2019-01-01",
      "EncodedRequestUri": "L3N1YnNjcmlwdGlvbnMvYTIwMDM0MGQtNmI4Mi00OTRkLTlkYmYtNjg3YmE2ZTMzZjllL3Jlc291cmNlR3JvdXBzL3Bvd2Vyc2hlbGx0ZXN0L3Byb3ZpZGVycy9NaWNyb3NvZnQuQXBpTWFuYWdlbWVudC9zZXJ2aWNlL3Bvd2Vyc2hlbGxzZGtzZXJ2aWNlL3Byb2R1Y3RzL3N0YXJ0ZXIvYXBpcy9wczc1ODE/YXBpLXZlcnNpb249MjAxOS0wMS0wMQ==",
      "RequestMethod": "DELETE",
      "RequestBody": "",
      "RequestHeaders": {
        "x-ms-client-request-id": [
          "01d6d31e-94f4-4bed-a530-fa371a45b833"
        ],
        "Accept-Language": [
          "en-US"
        ],
        "User-Agent": [
          "FxVersion/4.6.27817.01",
          "OSName/Windows",
          "OSVersion/Microsoft.Windows.10.0.18362.",
          "Microsoft.Azure.Management.ApiManagement.ApiManagementClient/4.11.0.0"
        ]
      },
      "ResponseHeaders": {
        "Cache-Control": [
          "no-cache"
        ],
        "Pragma": [
          "no-cache"
        ],
        "Strict-Transport-Security": [
          "max-age=31536000; includeSubDomains"
        ],
        "x-ms-request-id": [
          "39618fef-c01a-4579-a7ef-98a8595697e1"
        ],
        "Server": [
          "Microsoft-HTTPAPI/2.0"
        ],
        "x-ms-ratelimit-remaining-subscription-deletes": [
          "14999"
        ],
        "x-ms-correlation-request-id": [
          "a3e633da-b47f-4767-a119-f38f97700e87"
        ],
        "x-ms-routing-request-id": [
          "WESTUS:20190729T163113Z:a3e633da-b47f-4767-a119-f38f97700e87"
        ],
        "X-Content-Type-Options": [
          "nosniff"
        ],
        "Date": [
          "Mon, 29 Jul 2019 16:31:12 GMT"
        ],
        "Expires": [
          "-1"
        ],
        "Content-Length": [
          "0"
        ]
      },
      "ResponseBody": "",
      "StatusCode": 200
    },
    {
      "RequestUri": "/subscriptions/a200340d-6b82-494d-9dbf-687ba6e33f9e/resourceGroups/powershelltest/providers/Microsoft.ApiManagement/service/powershellsdkservice/apis/ps7581?deleteRevisions=true&api-version=2019-01-01",
      "EncodedRequestUri": "L3N1YnNjcmlwdGlvbnMvYTIwMDM0MGQtNmI4Mi00OTRkLTlkYmYtNjg3YmE2ZTMzZjllL3Jlc291cmNlR3JvdXBzL3Bvd2Vyc2hlbGx0ZXN0L3Byb3ZpZGVycy9NaWNyb3NvZnQuQXBpTWFuYWdlbWVudC9zZXJ2aWNlL3Bvd2Vyc2hlbGxzZGtzZXJ2aWNlL2FwaXMvcHM3NTgxP2RlbGV0ZVJldmlzaW9ucz10cnVlJmFwaS12ZXJzaW9uPTIwMTktMDEtMDE=",
      "RequestMethod": "DELETE",
      "RequestBody": "",
      "RequestHeaders": {
        "x-ms-client-request-id": [
          "561aeeab-2aeb-4cc5-b4ce-49b4d3cd0f8a"
        ],
        "If-Match": [
          "*"
        ],
        "Accept-Language": [
          "en-US"
        ],
        "User-Agent": [
          "FxVersion/4.6.27817.01",
          "OSName/Windows",
          "OSVersion/Microsoft.Windows.10.0.18362.",
          "Microsoft.Azure.Management.ApiManagement.ApiManagementClient/4.11.0.0"
        ]
      },
      "ResponseHeaders": {
        "Cache-Control": [
          "no-cache"
        ],
        "Pragma": [
          "no-cache"
        ],
        "Strict-Transport-Security": [
          "max-age=31536000; includeSubDomains"
        ],
        "x-ms-request-id": [
          "3142627d-5393-4db3-95a3-9113e9e7adca"
        ],
        "Server": [
          "Microsoft-HTTPAPI/2.0"
        ],
        "x-ms-ratelimit-remaining-subscription-deletes": [
          "14998"
        ],
        "x-ms-correlation-request-id": [
          "378b7d0c-9d02-45ed-9ee1-8f35a43aec3e"
        ],
        "x-ms-routing-request-id": [
          "WESTUS:20190729T163114Z:378b7d0c-9d02-45ed-9ee1-8f35a43aec3e"
        ],
        "X-Content-Type-Options": [
          "nosniff"
        ],
        "Date": [
          "Mon, 29 Jul 2019 16:31:13 GMT"
        ],
        "Expires": [
          "-1"
        ],
        "Content-Length": [
          "0"
        ]
      },
      "ResponseBody": "",
      "StatusCode": 200
    }
  ],
  "Names": {
    "": [
      "ps7581",
      "ps3578",
      "ps9906",
      "ps5192",
      "ps5054",
      "ps5289",
      "ps9950",
      "ps6205",
      "ps222",
      "ps6477",
      "ps3275"
    ]
  },
  "Variables": {
    "SubscriptionId": "a200340d-6b82-494d-9dbf-687ba6e33f9e"
  }
}